Archive member included to satisfy reference by file (symbol)

/usr/lib/gcc/arm-none-eabi/9.2.1/thumb/v6-m/nofp/libgcc.a(_dvmd_tls.o)
                              CMakeFiles/hello_world.dir/home/adinata26/PICO/pico-sdk/src/rp2_common/pico_divider/divider_hardware.S.o (__aeabi_idiv0)
/usr/lib/gcc/arm-none-eabi/9.2.1/../../../arm-none-eabi/lib/thumb/v6-m/nofp/libg.a(lib_a-atexit.o)
                              /usr/lib/gcc/arm-none-eabi/9.2.1/../../../arm-none-eabi/lib/thumb/v6-m/nofp/crt0.o (atexit)
/usr/lib/gcc/arm-none-eabi/9.2.1/../../../arm-none-eabi/lib/thumb/v6-m/nofp/libg.a(lib_a-calloc.o)
                              CMakeFiles/hello_world.dir/home/adinata26/PICO/pico-sdk/src/rp2_common/pico_malloc/malloc.c.o (calloc)
/usr/lib/gcc/arm-none-eabi/9.2.1/../../../arm-none-eabi/lib/thumb/v6-m/nofp/libg.a(lib_a-callocr.o)
                              /usr/lib/gcc/arm-none-eabi/9.2.1/../../../arm-none-eabi/lib/thumb/v6-m/nofp/libg.a(lib_a-calloc.o) (_calloc_r)
/usr/lib/gcc/arm-none-eabi/9.2.1/../../../arm-none-eabi/lib/thumb/v6-m/nofp/libg.a(lib_a-fini.o)
                              /usr/lib/gcc/arm-none-eabi/9.2.1/../../../arm-none-eabi/lib/thumb/v6-m/nofp/crt0.o (__libc_fini_array)
/usr/lib/gcc/arm-none-eabi/9.2.1/../../../arm-none-eabi/lib/thumb/v6-m/nofp/libg.a(lib_a-impure.o)
                              /usr/lib/gcc/arm-none-eabi/9.2.1/../../../arm-none-eabi/lib/thumb/v6-m/nofp/libg.a(lib_a-calloc.o) (_impure_ptr)
/usr/lib/gcc/arm-none-eabi/9.2.1/../../../arm-none-eabi/lib/thumb/v6-m/nofp/libg.a(lib_a-init.o)
                              /usr/lib/gcc/arm-none-eabi/9.2.1/../../../arm-none-eabi/lib/thumb/v6-m/nofp/crt0.o (__libc_init_array)
/usr/lib/gcc/arm-none-eabi/9.2.1/../../../arm-none-eabi/lib/thumb/v6-m/nofp/libg.a(lib_a-lcltime_r.o)
                              CMakeFiles/hello_world.dir/home/adinata26/PICO/pico-sdk/src/common/pico_util/datetime.c.o (localtime_r)
/usr/lib/gcc/arm-none-eabi/9.2.1/../../../arm-none-eabi/lib/thumb/v6-m/nofp/libg.a(lib_a-malloc.o)
                              CMakeFiles/hello_world.dir/home/adinata26/PICO/pico-sdk/src/rp2_common/pico_malloc/malloc.c.o (malloc)
/usr/lib/gcc/arm-none-eabi/9.2.1/../../../arm-none-eabi/lib/thumb/v6-m/nofp/libg.a(lib_a-mallocr.o)
                              /usr/lib/gcc/arm-none-eabi/9.2.1/../../../arm-none-eabi/lib/thumb/v6-m/nofp/libg.a(lib_a-callocr.o) (_malloc_r)
/usr/lib/gcc/arm-none-eabi/9.2.1/../../../arm-none-eabi/lib/thumb/v6-m/nofp/libg.a(lib_a-memcmp.o)
                              CMakeFiles/hello_world.dir/home/adinata26/PICO/pico-sdk/src/rp2_common/pico_atomic/atomic.c.o (memcmp)
/usr/lib/gcc/arm-none-eabi/9.2.1/../../../arm-none-eabi/lib/thumb/v6-m/nofp/libg.a(lib_a-mktime.o)
                              CMakeFiles/hello_world.dir/home/adinata26/PICO/pico-sdk/src/common/pico_util/datetime.c.o (mktime)
/usr/lib/gcc/arm-none-eabi/9.2.1/../../../arm-none-eabi/lib/thumb/v6-m/nofp/libg.a(lib_a-mlock.o)
                              /usr/lib/gcc/arm-none-eabi/9.2.1/../../../arm-none-eabi/lib/thumb/v6-m/nofp/libg.a(lib_a-mallocr.o) (__malloc_lock)
/usr/lib/gcc/arm-none-eabi/9.2.1/../../../arm-none-eabi/lib/thumb/v6-m/nofp/libg.a(lib_a-month_lengths.o)
                              /usr/lib/gcc/arm-none-eabi/9.2.1/../../../arm-none-eabi/lib/thumb/v6-m/nofp/libg.a(lib_a-lcltime_r.o) (__month_lengths)
/usr/lib/gcc/arm-none-eabi/9.2.1/../../../arm-none-eabi/lib/thumb/v6-m/nofp/libg.a(lib_a-realloc.o)
                              CMakeFiles/hello_world.dir/home/adinata26/PICO/pico-sdk/src/rp2_common/pico_malloc/malloc.c.o (realloc)
/usr/lib/gcc/arm-none-eabi/9.2.1/../../../arm-none-eabi/lib/thumb/v6-m/nofp/libg.a(lib_a-reallocr.o)
                              /usr/lib/gcc/arm-none-eabi/9.2.1/../../../arm-none-eabi/lib/thumb/v6-m/nofp/libg.a(lib_a-realloc.o) (_realloc_r)
/usr/lib/gcc/arm-none-eabi/9.2.1/../../../arm-none-eabi/lib/thumb/v6-m/nofp/libg.a(lib_a-sbrkr.o)
                              /usr/lib/gcc/arm-none-eabi/9.2.1/../../../arm-none-eabi/lib/thumb/v6-m/nofp/libg.a(lib_a-mallocr.o) (_sbrk_r)
/usr/lib/gcc/arm-none-eabi/9.2.1/../../../arm-none-eabi/lib/thumb/v6-m/nofp/libg.a(lib_a-strlen-stub.o)
                              CMakeFiles/hello_world.dir/home/adinata26/PICO/pico-sdk/src/rp2_common/pico_stdio/stdio.c.o (strlen)
/usr/lib/gcc/arm-none-eabi/9.2.1/../../../arm-none-eabi/lib/thumb/v6-m/nofp/libg.a(lib_a-tzcalc_limits.o)
                              /usr/lib/gcc/arm-none-eabi/9.2.1/../../../arm-none-eabi/lib/thumb/v6-m/nofp/libg.a(lib_a-lcltime_r.o) (__tzcalc_limits)
/usr/lib/gcc/arm-none-eabi/9.2.1/../../../arm-none-eabi/lib/thumb/v6-m/nofp/libg.a(lib_a-tzlock.o)
                              /usr/lib/gcc/arm-none-eabi/9.2.1/../../../arm-none-eabi/lib/thumb/v6-m/nofp/libg.a(lib_a-lcltime_r.o) (__tz_lock)
/usr/lib/gcc/arm-none-eabi/9.2.1/../../../arm-none-eabi/lib/thumb/v6-m/nofp/libg.a(lib_a-tzset.o)
[...]
Memory Configuration

Name             Origin             Length             Attributes
FLASH            0x0000000010000000 0x0000000000200000 xr
RAM              0x0000000020000000 0x0000000000040000 xrw
SCRATCH_X        0x0000000020040000 0x0000000000001000 xrw
SCRATCH_Y        0x0000000020041000 0x0000000000001000 xrw
*default*        0x0000000000000000 0xffffffffffffffff

Linker script and memory map

LOAD /usr/lib/gcc/arm-none-eabi/9.2.1/thumb/v6-m/nofp/crti.o
LOAD /usr/lib/gcc/arm-none-eabi/9.2.1/thumb/v6-m/nofp/crtbegin.o
LOAD /usr/lib/gcc/arm-none-eabi/9.2.1/../../../arm-none-eabi/lib/thumb/v6-m/nofp/crt0.o

.flash_begin    0x0000000010000000        0x0
                0x0000000010000000                __flash_binary_start = .

.boot2          0x0000000010000000      0x100
                0x0000000010000000                __boot2_start__ = .
 *(.boot2)
 .boot2         0x0000000010000000      0x100 pico-sdk/src/rp2040/boot_stage2/CMakeFiles/bs2_default_library.dir/bs2_default_padded_checksummed.S.o
                0x0000000010000100                __boot2_end__ = .
                0x0000000000000001                ASSERT (((__boot2_end__ - __boot2_start__) == 0x100), ERROR: Pico second stage bootloader must be 256 bytes in size)

.text           0x0000000010000100     0x4464
                0x0000000010000100                __logical_binary_start = .
 *(.vectors)
 .vectors       0x0000000010000100       0xd4 CMakeFiles/hello_world.dir/home/adinata26/PICO/pico-sdk/src/rp2_common/pico_crt0/crt0.S.o
                0x0000000010000100                __vectors
                0x0000000010000100                __VECTOR_TABLE
                0x00000000100001c0                isr_invalid
                0x00000000100001c0                __default_isrs_start
                0x00000000100001c2                isr_nmi
                0x00000000100001c4                isr_hardfault
                0x00000000100001c6                isr_svcall
                0x00000000100001c8                isr_pendsv
                0x00000000100001ca                isr_systick
                0x00000000100001cc                isr_irq30
                0x00000000100001cc                __unhandled_user_irq
                0x00000000100001cc                isr_irq13
                0x00000000100001cc                isr_irq27
                0x00000000100001cc                isr_irq31
                0x00000000100001cc                isr_irq5
                0x00000000100001cc                isr_irq11
                0x00000000100001cc                isr_irq23
                0x00000000100001cc                isr_irq18
                0x00000000100001cc                isr_irq28
                0x00000000100001cc                isr_irq19
                0x00000000100001cc                isr_irq0
                0x00000000100001cc                isr_irq6
                0x00000000100001cc                isr_irq22
                0x00000000100001cc                isr_irq17
                0x00000000100001cc                isr_irq14
                0x00000000100001cc                isr_irq2
                0x00000000100001cc                isr_irq10
                0x00000000100001cc                isr_irq8
                0x00000000100001cc                isr_irq24
                0x00000000100001cc                isr_irq1
                0x00000000100001cc                isr_irq7
                0x00000000100001cc                isr_irq21
                0x00000000100001cc                isr_irq20
                0x00000000100001cc                isr_irq15
                0x00000000100001cc                isr_irq25
                0x00000000100001cc                isr_irq4
                0x00000000100001cc                isr_irq16
                0x00000000100001cc                isr_irq29
                0x00000000100001cc                isr_irq26
                0x00000000100001cc                __default_isrs_end
                0x00000000100001cc                isr_irq3
                0x00000000100001cc                isr_irq12
                0x00000000100001cc                isr_irq9
                0x00000000100001d2                unhandled_user_irq_num_in_r0
 *(.binary_info_header)
 .binary_info_header
                0x00000000100001d4       0x14 CMakeFiles/hello_world.dir/home/adinata26/PICO/pico-sdk/src/rp2_common/pico_crt0/crt0.S.o
                0x00000000100001e8                __binary_info_header_end = .
 *(.embedded_block)
                0x00000000100001e8                __embedded_block_end = .
 *(.reset)
 .reset         0x00000000100001e8       0x9c CMakeFiles/hello_world.dir/home/adinata26/PICO/pico-sdk/src/rp2_common/pico_crt0/crt0.S.o
                0x00000000100001e8                _entry_point
 *(.init)
 .init          0x0000000010000284        0x4 /usr/lib/gcc/arm-none-eabi/9.2.1/thumb/v6-m/nofp/crti.o
                0x0000000010000284                _init
 *(EXCLUDE_FILE(*libm.a: *libc.a:*lib_a-mem*.o *libgcc.a:) .text*)
 .text          0x0000000010000288       0x98 /usr/lib/gcc/arm-none-eabi/9.2.1/thumb/v6-m/nofp/crtbegin.o
 .text.startup.main
                0x0000000010000320       0x1c CMakeFiles/hello_world.dir/hello_world.c.o
                0x0000000010000320                main
 .text.rp2040_chip_version
                0x000000001000033c        0xc CMakeFiles/hello_world.dir/home/adinata26/PICO/pico-sdk/src/rp2040/pico_platform/platform.c.o
                0x000000001000033c                rp2040_chip_version
 .text.panic    0x0000000010000348       0x30 CMakeFiles/hello_world.dir/home/adinata26/PICO/pico-sdk/src/rp2_common/pico_platform_panic/panic.c.o
                0x0000000010000348                panic
 .text.hw_claim_or_assert
                0x0000000010000378       0x48 CMakeFiles/hello_world.dir/home/adinata26/PICO/pico-sdk/src/common/hardware_claim/claim.c.o
                0x0000000010000378                hw_claim_or_assert
 .text.hw_claim_unused_from_range
                0x00000000100003c0       0x9c CMakeFiles/hello_world.dir/home/adinata26/PICO/pico-sdk/src/common/hardware_claim/claim.c.o
                0x00000000100003c0                hw_claim_unused_from_range
 .text.next_striped_spin_lock_num
                0x000000001000045c       0x18 CMakeFiles/hello_world.dir/home/adinata26/PICO/pico-sdk/src/rp2_common/hardware_sync/sync.c.o
                0x000000001000045c                next_striped_spin_lock_num
 .text.spin_lock_claim_unused
                0x0000000010000474       0x20 CMakeFiles/hello_world.dir/home/adinata26/PICO/pico-sdk/src/rp2_common/hardware_sync/sync.c.o
                0x0000000010000474                spin_lock_claim_unused
 .text.spin_locks_reset
                0x0000000010000494       0x1c CMakeFiles/hello_world.dir/home/adinata26/PICO/pico-sdk/src/rp2_common/hardware_sync_spin_lock/sync_spin_lock.c.o
                0x0000000010000494                spin_locks_reset
 .text.runtime_init_per_core_irq_priorities
                0x00000000100004b0       0x24 CMakeFiles/hello_world.dir/home/adinata26/PICO/pico-sdk/src/rp2_common/hardware_irq/irq.c.o
                0x00000000100004b0                runtime_init_per_core_irq_priorities
 .text.irq_set_enabled
                0x00000000100004d4       0x24 CMakeFiles/hello_world.dir/home/adinata26/PICO/pico-sdk/src/rp2_common/hardware_irq/irq.c.o
                0x00000000100004d4                irq_set_enabled
 .text.irq_is_enabled
                0x00000000100004f8       0x18 CMakeFiles/hello_world.dir/home/adinata26/PICO/pico-sdk/src/rp2_common/hardware_irq/irq.c.o
                0x00000000100004f8                irq_is_enabled
 .text.irq_set_pending
                0x0000000010000510       0x10 CMakeFiles/hello_world.dir/home/adinata26/PICO/pico-sdk/src/rp2_common/hardware_irq/irq.c.o
                0x0000000010000510                irq_set_pending
 .text.irq_has_shared_handler
                0x0000000010000520       0x2c CMakeFiles/hello_world.dir/home/adinata26/PICO/pico-sdk/src/rp2_common/hardware_irq/irq.c.o
                0x0000000010000520                irq_has_shared_handler
 .text.irq_set_exclusive_handler
                0x000000001000054c       0x54 CMakeFiles/hello_world.dir/home/adinata26/PICO/pico-sdk/src/rp2_common/hardware_irq/irq.c.o
                0x000000001000054c                irq_set_exclusive_handler
 .text.irq_add_shared_handler
                0x00000000100005a0      0x1c4 CMakeFiles/hello_world.dir/home/adinata26/PICO/pico-sdk/src/rp2_common/hardware_irq/irq.c.o
                0x00000000100005a0                irq_add_shared_handler
 .text.irq_add_tail_to_free_list
                0x0000000010000764       0xb4 CMakeFiles/hello_world.dir/home/adinata26/PICO/pico-sdk/src/rp2_common/hardware_irq/irq.c.o
                0x0000000010000764                irq_add_tail_to_free_list
 .text.user_irq_claim_unused
                0x0000000010000818       0x28 CMakeFiles/hello_world.dir/home/adinata26/PICO/pico-sdk/src/rp2_common/hardware_irq/irq.c.o
                0x0000000010000818                user_irq_claim_unused
 .text.lock_init
                0x0000000010000840       0x10 CMakeFiles/hello_world.dir/home/adinata26/PICO/pico-sdk/src/common/pico_sync/lock_core.c.o
                0x0000000010000840                lock_init
 .text.runtime_init_mutex
                0x0000000010000850       0x58 CMakeFiles/hello_world.dir/home/adinata26/PICO/pico-sdk/src/common/pico_sync/mutex.c.o
                0x0000000010000850                runtime_init_mutex
 .text.mutex_init
                0x00000000100008a8       0x1c CMakeFiles/hello_world.dir/home/adinata26/PICO/pico-sdk/src/common/pico_sync/mutex.c.o
                0x00000000100008a8                mutex_init
 .text.critical_section_init
                0x00000000100008c4       0x1c CMakeFiles/hello_world.dir/home/adinata26/PICO/pico-sdk/src/common/pico_sync/critical_section.c.o
                0x00000000100008c4                critical_section_init
 .text.critical_section_init_with_lock_num
                0x00000000100008e0       0x14 CMakeFiles/hello_world.dir/home/adinata26/PICO/pico-sdk/src/common/pico_sync/critical_section.c.o
                0x00000000100008e0                critical_section_init_with_lock_num
 .text.sleep_until_callback
                0x00000000100008f4       0x30 CMakeFiles/hello_world.dir/home/adinata26/PICO/pico-sdk/src/common/pico_time/time.c.o
 .text.alarm_pool_irq_handler
                0x0000000010000924      0x30c CMakeFiles/hello_world.dir/home/adinata26/PICO/pico-sdk/src/common/pico_time/time.c.o
 .text.runtime_init_default_alarm_pool
                0x0000000010000c30       0xdc CMakeFiles/hello_world.dir/home/adinata26/PICO/pico-sdk/src/common/pico_time/time.c.o
                0x0000000010000c30                runtime_init_default_alarm_pool
 .text.alarm_pool_get_default
                0x0000000010000d0c        0x8 CMakeFiles/hello_world.dir/home/adinata26/PICO/pico-sdk/src/common/pico_time/time.c.o
                0x0000000010000d0c                alarm_pool_get_default
 .text.alarm_pool_add_alarm_at
                0x0000000010000d14       0xc8 CMakeFiles/hello_world.dir/home/adinata26/PICO/pico-sdk/src/common/pico_time/time.c.o
                0x0000000010000d14                alarm_pool_add_alarm_at
 .text.alarm_pool_add_alarm_at_force_in_context
                0x0000000010000ddc       0xa8 CMakeFiles/hello_world.dir/home/adinata26/PICO/pico-sdk/src/common/pico_time/time.c.o
                0x0000000010000ddc                alarm_pool_add_alarm_at_force_in_context
 .text.alarm_pool_cancel_alarm
                0x0000000010000e84       0x7c CMakeFiles/hello_world.dir/home/adinata26/PICO/pico-sdk/src/common/pico_time/time.c.o
                0x0000000010000e84                alarm_pool_cancel_alarm
 .text.alarm_pool_core_num
                0x0000000010000f00        0x4 CMakeFiles/hello_world.dir/home/adinata26/PICO/pico-sdk/src/common/pico_time/time.c.o
                0x0000000010000f00                alarm_pool_core_num
 .text.sleep_until
                0x0000000010000f04       0xd0 CMakeFiles/hello_world.dir/home/adinata26/PICO/pico-sdk/src/common/pico_time/time.c.o
                0x0000000010000f04                sleep_until
 .text.sleep_ms
                0x0000000010000fd4       0x34 CMakeFiles/hello_world.dir/home/adinata26/PICO/pico-sdk/src/common/pico_time/time.c.o
                0x0000000010000fd4                sleep_ms
 .text.best_effort_wfe_or_timeout
                0x0000000010001008       0xe0 CMakeFiles/hello_world.dir/home/adinata26/PICO/pico-sdk/src/common/pico_time/time.c.o
                0x0000000010001008                best_effort_wfe_or_timeout
 .text.timer_hardware_alarm_claim
                0x00000000100010e8       0x14 CMakeFiles/hello_world.dir/home/adinata26/PICO/pico-sdk/src/rp2_common/hardware_timer/timer.c.o
                0x00000000100010e8                timer_hardware_alarm_claim
 .text.timer_time_us_64
                0x00000000100010fc       0x10 CMakeFiles/hello_world.dir/home/adinata26/PICO/pico-sdk/src/rp2_common/hardware_timer/timer.c.o
                0x00000000100010fc                timer_time_us_64
 .text.time_us_64
                0x000000001000110c       0x14 CMakeFiles/hello_world.dir/home/adinata26/PICO/pico-sdk/src/rp2_common/hardware_timer/timer.c.o
                0x000000001000110c                time_us_64
 .text.busy_wait_until
                0x0000000010001120       0x20 CMakeFiles/hello_world.dir/home/adinata26/PICO/pico-sdk/src/rp2_common/hardware_timer/timer.c.o
                0x0000000010001120                busy_wait_until
 .text.clock_configure_int_divider
                0x0000000010001140       0xf4 CMakeFiles/hello_world.dir/home/adinata26/PICO/pico-sdk/src/rp2_common/hardware_clocks/clocks.c.o
                0x0000000010001140                clock_configure_int_divider
 .text.clock_configure_undivided
                0x0000000010001234       0xe4 CMakeFiles/hello_world.dir/home/adinata26/PICO/pico-sdk/src/rp2_common/hardware_clocks/clocks.c.o
                0x0000000010001234                clock_configure_undivided
 .text.clock_get_hz
                0x0000000010001318        0xc CMakeFiles/hello_world.dir/home/adinata26/PICO/pico-sdk/src/rp2_common/hardware_clocks/clocks.c.o
                0x0000000010001318                clock_get_hz
 .text.pll_init
                0x0000000010001324       0xa0 CMakeFiles/hello_world.dir/home/adinata26/PICO/pico-sdk/src/rp2_common/hardware_pll/pll.c.o
                0x0000000010001324                pll_init
 .text.watchdog_reboot
                0x00000000100013c4       0x98 CMakeFiles/hello_world.dir/home/adinata26/PICO/pico-sdk/src/rp2_common/hardware_watchdog/watchdog.c.o
                0x00000000100013c4                watchdog_reboot
 .text.tick_start
                0x000000001000145c       0x10 CMakeFiles/hello_world.dir/home/adinata26/PICO/pico-sdk/src/rp2_common/hardware_ticks/ticks.c.o
                0x000000001000145c                tick_start
 .text.rom_func_lookup
                0x000000001000146c       0x10 CMakeFiles/hello_world.dir/home/adinata26/PICO/pico-sdk/src/rp2_common/pico_bootrom/bootrom.c.o
                0x000000001000146c                rom_func_lookup
 .text.rom_data_lookup
                0x000000001000147c       0x10 CMakeFiles/hello_world.dir/home/adinata26/PICO/pico-sdk/src/rp2_common/pico_bootrom/bootrom.c.o
                0x000000001000147c                rom_data_lookup
 .text.rom_funcs_lookup
                0x000000001000148c       0x3c CMakeFiles/hello_world.dir/home/adinata26/PICO/pico-sdk/src/rp2_common/pico_bootrom/bootrom.c.o
                0x000000001000148c                rom_funcs_lookup
 .text.rom_reset_usb_boot_extra
                0x00000000100014c8       0x28 CMakeFiles/hello_world.dir/home/adinata26/PICO/pico-sdk/src/rp2_common/pico_bootrom/bootrom.c.o
                0x00000000100014c8                rom_reset_usb_boot_extra
 .text.xosc_init
                0x00000000100014f0       0x28 CMakeFiles/hello_world.dir/home/adinata26/PICO/pico-sdk/src/rp2_common/hardware_xosc/xosc.c.o
                0x00000000100014f0                xosc_init
 .text.first_per_core_initializer
                0x0000000010001518        0x4 CMakeFiles/hello_world.dir/home/adinata26/PICO/pico-sdk/src/rp2_common/pico_runtime/runtime.c.o
 .text.hard_assertion_failure
                0x000000001000151c        0xc CMakeFiles/hello_world.dir/home/adinata26/PICO/pico-sdk/src/rp2_common/pico_runtime/runtime.c.o
                0x000000001000151c                hard_assertion_failure
 .text.runtime_run_initializers
                0x0000000010001528       0x28 CMakeFiles/hello_world.dir/home/adinata26/PICO/pico-sdk/src/rp2_common/pico_runtime/runtime.c.o
                0x0000000010001528                runtime_run_initializers
 .text.runtime_init_early_resets
                0x0000000010001550       0x2c CMakeFiles/hello_world.dir/home/adinata26/PICO/pico-sdk/src/rp2_common/pico_runtime_init/runtime_init.c.o
                0x0000000010001550                runtime_init_early_resets
 .text.runtime_init_usb_power_down
                0x000000001000157c       0x1c CMakeFiles/hello_world.dir/home/adinata26/PICO/pico-sdk/src/rp2_common/pico_runtime_init/runtime_init.c.o
                0x000000001000157c                runtime_init_usb_power_down
 .text.runtime_init_post_clock_resets
                0x0000000010001598       0x20 CMakeFiles/hello_world.dir/home/adinata26/PICO/pico-sdk/src/rp2_common/pico_runtime_init/runtime_init.c.o
                0x0000000010001598                runtime_init_post_clock_resets
 .text.runtime_init_rp2040_gpio_ie_disable
                0x00000000100015b8       0x14 CMakeFiles/hello_world.dir/home/adinata26/PICO/pico-sdk/src/rp2_common/pico_runtime_init/runtime_init.c.o
                0x00000000100015b8                runtime_init_rp2040_gpio_ie_disable
 .text.runtime_init_spin_locks_reset
                0x00000000100015cc        0x8 CMakeFiles/hello_world.dir/home/adinata26/PICO/pico-sdk/src/rp2_common/pico_runtime_init/runtime_init.c.o
                0x00000000100015cc                runtime_init_spin_locks_reset
 .text.runtime_init_install_ram_vector_table
                0x00000000100015d4       0x1c CMakeFiles/hello_world.dir/home/adinata26/PICO/pico-sdk/src/rp2_common/pico_runtime_init/runtime_init.c.o
                0x00000000100015d4                runtime_init_install_ram_vector_table
 .text.runtime_init_clocks
                0x00000000100015f0       0xd8 CMakeFiles/hello_world.dir/home/adinata26/PICO/pico-sdk/src/rp2_common/pico_runtime_init/runtime_init_clocks.c.o
                0x00000000100015f0                runtime_init_clocks
 .text          0x00000000100016c8       0x10 CMakeFiles/hello_world.dir/home/adinata26/PICO/pico-sdk/src/rp2_common/pico_bit_ops/bit_ops_aeabi.S.o
 .text.__wrap___aeabi_uidiv
                0x00000000100016d8       0x4c CMakeFiles/hello_world.dir/home/adinata26/PICO/pico-sdk/src/rp2_common/pico_divider/divider_hardware.S.o
                0x00000000100016d8                __wrap___aeabi_uidiv
                0x00000000100016d8                __wrap___aeabi_uidivmod
                0x00000000100016d8                div_u32u32
                0x00000000100016d8                divmod_u32u32
                0x00000000100016e0                divmod_u32u32_unsafe
                0x0000000010001708                divmod_u32u32_savestate
 .text.__aeabi_double_init
                0x0000000010001724       0xcc CMakeFiles/hello_world.dir/home/adinata26/PICO/pico-sdk/src/rp2_common/pico_double/double_init_rom_rp2040.c.o
                0x0000000010001724                __aeabi_double_init
 .text.double_table_shim_on_use_helper
                0x00000000100017f0       0x2c CMakeFiles/hello_world.dir/home/adinata26/PICO/pico-sdk/src/rp2_common/pico_double/double_v1_rom_shim_rp2040.S.o
                0x00000000100017f0                double_table_shim_on_use_helper
 .text.__aeabi_lmul
                0x000000001000181c       0x32 CMakeFiles/hello_world.dir/home/adinata26/PICO/pico-sdk/src/rp2_common/pico_int64_ops/pico_int64_ops_aeabi.S.o
                0x000000001000181c                __wrap___aeabi_lmul
 *fill*         0x000000001000184e        0x2 
 .text.__aeabi_float_init
                0x0000000010001850       0x64 CMakeFiles/hello_world.dir/home/adinata26/PICO/pico-sdk/src/rp2_common/pico_float/float_init_rom_rp2040.c.o
                0x0000000010001850                __aeabi_float_init
 .text.float_table_shim_on_use_helper
                0x00000000100018b4       0x2c CMakeFiles/hello_world.dir/home/adinata26/PICO/pico-sdk/src/rp2_common/pico_float/float_v1_rom_shim_rp2040.S.o
                0x00000000100018b4                float_table_shim_on_use_helper
 .text          0x00000000100018e0       0x10 CMakeFiles/hello_world.dir/home/adinata26/PICO/pico-sdk/src/rp2_common/pico_mem_ops/mem_ops_aeabi.S.o
                0x00000000100018e0                __aeabi_mem_init
 .text.memset   0x00000000100018f0        0xc CMakeFiles/hello_world.dir/home/adinata26/PICO/pico-sdk/src/rp2_common/pico_mem_ops/mem_ops_aeabi.S.o
                0x00000000100018f0                __wrap_memset
 .text.memcpy   0x00000000100018fc        0xc CMakeFiles/hello_world.dir/home/adinata26/PICO/pico-sdk/src/rp2_common/pico_mem_ops/mem_ops_aeabi.S.o
                0x00000000100018fc                __wrap___aeabi_memcpy
                0x00000000100018fc                __wrap_memcpy
 .text._out_char
                0x0000000010001908       0x10 CMakeFiles/hello_world.dir/home/adinata26/PICO/pico-sdk/src/rp2_common/pico_printf/printf.c.o
 .text.weak_raw_vprintf
                0x0000000010001918       0x30 CMakeFiles/hello_world.dir/home/adinata26/PICO/pico-sdk/src/rp2_common/pico_printf/printf.c.o
                0x0000000010001918                weak_raw_vprintf
 .text._exit    0x0000000010001948        0x4 CMakeFiles/hello_world.dir/home/adinata26/PICO/pico-sdk/src/rp2_common/pico_clib_interface/newlib_interface.c.o
                0x0000000010001948                _exit
 .text.exit     0x000000001000194c        0x8 CMakeFiles/hello_world.dir/home/adinata26/PICO/pico-sdk/src/rp2_common/pico_clib_interface/newlib_interface.c.o
                0x000000001000194c                exit
 .text.runtime_init
                0x0000000010001954       0x2c CMakeFiles/hello_world.dir/home/adinata26/PICO/pico-sdk/src/rp2_common/pico_clib_interface/newlib_interface.c.o
                0x0000000010001954                runtime_init
 .text.stdio_out_chars_no_crlf
                0x0000000010001980       0x10 CMakeFiles/hello_world.dir/home/adinata26/PICO/pico-sdk/src/rp2_common/pico_stdio/stdio.c.o
 .text.stdio_out_chars_crlf
                0x0000000010001990       0x94 CMakeFiles/hello_world.dir/home/adinata26/PICO/pico-sdk/src/rp2_common/pico_stdio/stdio.c.o
 .text.stdio_put_string
                0x0000000010001a24      0x100 CMakeFiles/hello_world.dir/home/adinata26/PICO/pico-sdk/src/rp2_common/pico_stdio/stdio.c.o
                0x0000000010001a24                stdio_put_string
 .text.stdio_set_driver_enabled
                0x0000000010001b24       0x30 CMakeFiles/hello_world.dir/home/adinata26/PICO/pico-sdk/src/rp2_common/pico_stdio/stdio.c.o
                0x0000000010001b24                stdio_set_driver_enabled
 .text.stdio_init_all
                0x0000000010001b54        0x8 CMakeFiles/hello_world.dir/home/adinata26/PICO/pico-sdk/src/rp2_common/pico_stdio/stdio.c.o
                0x0000000010001b54                stdio_init_all
 .text.__wrap_putchar
                0x0000000010001b5c       0x98 CMakeFiles/hello_world.dir/home/adinata26/PICO/pico-sdk/src/rp2_common/pico_stdio/stdio.c.o
                0x0000000010001b5c                stdio_putchar
                0x0000000010001b5c                __wrap_putchar
 .text.__wrap_puts
                0x0000000010001bf4       0x3c CMakeFiles/hello_world.dir/home/adinata26/PICO/pico-sdk/src/rp2_common/pico_stdio/stdio.c.o
                0x0000000010001bf4                __wrap_puts
                0x0000000010001bf4                stdio_puts
 .text.resetd_init
                0x0000000010001c30        0x4 CMakeFiles/hello_world.dir/home/adinata26/PICO/pico-sdk/src/rp2_common/pico_stdio_usb/reset_interface.c.o
 .text.resetd_reset
                0x0000000010001c34        0xc CMakeFiles/hello_world.dir/home/adinata26/PICO/pico-sdk/src/rp2_common/pico_stdio_usb/reset_interface.c.o
 .text.resetd_open
                0x0000000010001c40       0x28 CMakeFiles/hello_world.dir/home/adinata26/PICO/pico-sdk/src/rp2_common/pico_stdio_usb/reset_interface.c.o
 .text.resetd_xfer_cb
                0x0000000010001c68        0x4 CMakeFiles/hello_world.dir/home/adinata26/PICO/pico-sdk/src/rp2_common/pico_stdio_usb/reset_interface.c.o
 .text.resetd_control_xfer_cb
                0x0000000010001c6c       0x60 CMakeFiles/hello_world.dir/home/adinata26/PICO/pico-sdk/src/rp2_common/pico_stdio_usb/reset_interface.c.o
 .text.tud_descriptor_bos_cb
                0x0000000010001ccc        0x8 CMakeFiles/hello_world.dir/home/adinata26/PICO/pico-sdk/src/rp2_common/pico_stdio_usb/reset_interface.c.o
                0x0000000010001ccc                tud_descriptor_bos_cb
 .text.tud_vendor_control_xfer_cb
                0x0000000010001cd4       0x34 CMakeFiles/hello_world.dir/home/adinata26/PICO/pico-sdk/src/rp2_common/pico_stdio_usb/reset_interface.c.o
                0x0000000010001cd4                tud_vendor_control_xfer_cb
 .text.usbd_app_driver_get_cb
                0x0000000010001d08        0xc CMakeFiles/hello_world.dir/home/adinata26/PICO/pico-sdk/src/rp2_common/pico_stdio_usb/reset_interface.c.o
                0x0000000010001d08                usbd_app_driver_get_cb
 .text.tud_cdc_line_coding_cb
                0x0000000010001d14       0x2c CMakeFiles/hello_world.dir/home/adinata26/PICO/pico-sdk/src/rp2_common/pico_stdio_usb/reset_interface.c.o
                0x0000000010001d14                tud_cdc_line_coding_cb
 .text.stdio_usb_set_chars_available_callback
                0x0000000010001d40       0x14 CMakeFiles/hello_world.dir/home/adinata26/PICO/pico-sdk/src/rp2_common/pico_stdio_usb/stdio_usb.c.o
                0x0000000010001d40                stdio_usb_set_chars_available_callback
 .text.usb_irq  0x0000000010001d54       0x10 CMakeFiles/hello_world.dir/home/adinata26/PICO/pico-sdk/src/rp2_common/pico_stdio_usb/stdio_usb.c.o
 .text.timer_task
                0x0000000010001d64       0x64 CMakeFiles/hello_world.dir/home/adinata26/PICO/pico-sdk/src/rp2_common/pico_stdio_usb/stdio_usb.c.o
 .text.stdio_usb_in_chars
                0x0000000010001dc8       0x90 CMakeFiles/hello_world.dir/home/adinata26/PICO/pico-sdk/src/rp2_common/pico_stdio_usb/stdio_usb.c.o
                0x0000000010001dc8                stdio_usb_in_chars
 .text.stdio_usb_out_flush
                0x0000000010001e58       0x50 CMakeFiles/hello_world.dir/home/adinata26/PICO/pico-sdk/src/rp2_common/pico_stdio_usb/stdio_usb.c.o
 .text.stdio_usb_out_chars
                0x0000000010001ea8      0x100 CMakeFiles/hello_world.dir/home/adinata26/PICO/pico-sdk/src/rp2_common/pico_stdio_usb/stdio_usb.c.o
 .text.low_priority_worker_irq
                0x0000000010001fa8       0xc8 CMakeFiles/hello_world.dir/home/adinata26/PICO/pico-sdk/src/rp2_common/pico_stdio_usb/stdio_usb.c.o
 .text.stdio_usb_init
                0x0000000010002070       0xe4 CMakeFiles/hello_world.dir/home/adinata26/PICO/pico-sdk/src/rp2_common/pico_stdio_usb/stdio_usb.c.o
                0x0000000010002070                stdio_usb_init
 .text.tud_descriptor_device_cb
                0x0000000010002154        0x8 CMakeFiles/hello_world.dir/home/adinata26/PICO/pico-sdk/src/rp2_common/pico_stdio_usb/stdio_usb_descriptors.c.o
                0x0000000010002154                tud_descriptor_device_cb
 .text.tud_descriptor_configuration_cb
                0x000000001000215c        0x8 CMakeFiles/hello_world.dir/home/adinata26/PICO/pico-sdk/src/rp2_common/pico_stdio_usb/stdio_usb_descriptors.c.o
                0x000000001000215c                tud_descriptor_configuration_cb
 .text.tud_descriptor_string_cb
                0x0000000010002164       0x70 CMakeFiles/hello_world.dir/home/adinata26/PICO/pico-sdk/src/rp2_common/pico_stdio_usb/stdio_usb_descriptors.c.o
                0x0000000010002164                tud_descriptor_string_cb
 .text.startup._retrieve_unique_id_on_boot
                0x00000000100021d4       0x10 CMakeFiles/hello_world.dir/home/adinata26/PICO/pico-sdk/src/rp2_common/pico_unique_id/unique_id.c.o
 .text.pico_get_unique_board_id_string
                0x00000000100021e4      0x1bc CMakeFiles/hello_world.dir/home/adinata26/PICO/pico-sdk/src/rp2_common/pico_unique_id/unique_id.c.o
                0x00000000100021e4                pico_get_unique_board_id_string
 .text.flash_get_unique_id
                0x00000000100023a0       0x40 CMakeFiles/hello_world.dir/home/adinata26/PICO/pico-sdk/src/rp2_common/hardware_flash/flash.c.o
                0x00000000100023a0                flash_get_unique_id
 .text.dcd_init
                0x00000000100023e0       0x94 CMakeFiles/hello_world.dir/home/adinata26/PICO/pico-sdk/lib/tinyusb/src/portable/raspberrypi/rp2040/dcd_rp2040.c.o
                0x00000000100023e0                dcd_init
 .text.dcd_int_enable
                0x0000000010002474        0xc CMakeFiles/hello_world.dir/home/adinata26/PICO/pico-sdk/lib/tinyusb/src/portable/raspberrypi/rp2040/dcd_rp2040.c.o
                0x0000000010002474                dcd_int_enable
 .text.dcd_set_address
                0x0000000010002480       0x14 CMakeFiles/hello_world.dir/home/adinata26/PICO/pico-sdk/lib/tinyusb/src/portable/raspberrypi/rp2040/dcd_rp2040.c.o
                0x0000000010002480                dcd_set_address
 .text.dcd_sof_enable
                0x0000000010002494       0x1c CMakeFiles/hello_world.dir/home/adinata26/PICO/pico-sdk/lib/tinyusb/src/portable/raspberrypi/rp2040/dcd_rp2040.c.o
                0x0000000010002494                dcd_sof_enable
 .text.dcd_edpt0_status_complete
                0x00000000100024b0       0x1c CMakeFiles/hello_world.dir/home/adinata26/PICO/pico-sdk/lib/tinyusb/src/portable/raspberrypi/rp2040/dcd_rp2040.c.o
                0x00000000100024b0                dcd_edpt0_status_complete
 .text.dcd_edpt_open
                0x00000000100024cc      0x108 CMakeFiles/hello_world.dir/home/adinata26/PICO/pico-sdk/lib/tinyusb/src/portable/raspberrypi/rp2040/dcd_rp2040.c.o
                0x00000000100024cc                dcd_edpt_open
 .text.dcd_edpt_close_all
                0x00000000100025d4        0x8 CMakeFiles/hello_world.dir/home/adinata26/PICO/pico-sdk/lib/tinyusb/src/portable/raspberrypi/rp2040/dcd_rp2040.c.o
                0x00000000100025d4                dcd_edpt_close_all
 .text.dcd_edpt_xfer
                0x00000000100025dc       0x24 CMakeFiles/hello_world.dir/home/adinata26/PICO/pico-sdk/lib/tinyusb/src/portable/raspberrypi/rp2040/dcd_rp2040.c.o
                0x00000000100025dc                dcd_edpt_xfer
 .text.dcd_edpt_stall
                0x0000000010002600       0x38 CMakeFiles/hello_world.dir/home/adinata26/PICO/pico-sdk/lib/tinyusb/src/portable/raspberrypi/rp2040/dcd_rp2040.c.o
                0x0000000010002600                dcd_edpt_stall
 .text.dcd_edpt_clear_stall
                0x0000000010002638       0x30 CMakeFiles/hello_world.dir/home/adinata26/PICO/pico-sdk/lib/tinyusb/src/portable/raspberrypi/rp2040/dcd_rp2040.c.o
                0x0000000010002638                dcd_edpt_clear_stall
 .text.rp2040_usb_init
                0x0000000010002668       0x40 CMakeFiles/hello_world.dir/home/adinata26/PICO/pico-sdk/lib/tinyusb/src/portable/raspberrypi/rp2040/rp2040_usb.c.o
                0x0000000010002668                rp2040_usb_init
 .text.hw_endpoint_xfer_start
                0x00000000100026a8       0x54 CMakeFiles/hello_world.dir/home/adinata26/PICO/pico-sdk/lib/tinyusb/src/portable/raspberrypi/rp2040/rp2040_usb.c.o
                0x00000000100026a8                hw_endpoint_xfer_start
 .text.tud_event_hook_cb
                0x00000000100026fc        0x4 CMakeFiles/hello_world.dir/home/adinata26/PICO/pico-sdk/lib/tinyusb/src/device/usbd.c.o
                0x00000000100026fc                tud_event_hook_cb
 .text.tud_sof_cb
                0x0000000010002700        0x4 CMakeFiles/hello_world.dir/home/adinata26/PICO/pico-sdk/lib/tinyusb/src/device/usbd.c.o
                0x0000000010002700                tud_sof_cb
 .text.tud_descriptor_device_qualifier_cb
                0x0000000010002704        0x4 CMakeFiles/hello_world.dir/home/adinata26/PICO/pico-sdk/lib/tinyusb/src/device/usbd.c.o
                0x0000000010002704                tud_descriptor_device_qualifier_cb
 .text.tud_descriptor_other_speed_configuration_cb
                0x0000000010002708        0x4 CMakeFiles/hello_world.dir/home/adinata26/PICO/pico-sdk/lib/tinyusb/src/device/usbd.c.o
                0x0000000010002708                tud_descriptor_other_speed_configuration_cb
 .text.tud_mount_cb
                0x000000001000270c        0x4 CMakeFiles/hello_world.dir/home/adinata26/PICO/pico-sdk/lib/tinyusb/src/device/usbd.c.o
                0x000000001000270c                tud_mount_cb
 .text.tud_umount_cb
                0x0000000010002710        0x4 CMakeFiles/hello_world.dir/home/adinata26/PICO/pico-sdk/lib/tinyusb/src/device/usbd.c.o
                0x0000000010002710                tud_umount_cb
 .text.tud_suspend_cb
                0x0000000010002714        0x4 CMakeFiles/hello_world.dir/home/adinata26/PICO/pico-sdk/lib/tinyusb/src/device/usbd.c.o
                0x0000000010002714                tud_suspend_cb
 .text.tud_resume_cb
                0x0000000010002718        0x4 CMakeFiles/hello_world.dir/home/adinata26/PICO/pico-sdk/lib/tinyusb/src/device/usbd.c.o
                0x0000000010002718                tud_resume_cb
 .text.tud_mounted
                0x000000001000271c       0x10 CMakeFiles/hello_world.dir/home/adinata26/PICO/pico-sdk/lib/tinyusb/src/device/usbd.c.o
                0x000000001000271c                tud_mounted
 .text.tud_suspended
                0x000000001000272c       0x10 CMakeFiles/hello_world.dir/home/adinata26/PICO/pico-sdk/lib/tinyusb/src/device/usbd.c.o
                0x000000001000272c                tud_suspended
 .text.tud_init
                0x000000001000273c       0xe4 CMakeFiles/hello_world.dir/home/adinata26/PICO/pico-sdk/lib/tinyusb/src/device/usbd.c.o
                0x000000001000273c                tud_init
 .text.tud_task_ext
                0x0000000010002820      0x7dc CMakeFiles/hello_world.dir/home/adinata26/PICO/pico-sdk/lib/tinyusb/src/device/usbd.c.o
                0x0000000010002820                tud_task_ext
 .text.usbd_open_edpt_pair
                0x0000000010002ffc       0x9c CMakeFiles/hello_world.dir/home/adinata26/PICO/pico-sdk/lib/tinyusb/src/device/usbd.c.o
                0x0000000010002ffc                usbd_open_edpt_pair
 .text.usbd_edpt_open
                0x0000000010003098       0x34 CMakeFiles/hello_world.dir/home/adinata26/PICO/pico-sdk/lib/tinyusb/src/device/usbd.c.o
                0x0000000010003098                usbd_edpt_open
 .text.usbd_edpt_claim
                0x00000000100030cc       0x28 CMakeFiles/hello_world.dir/home/adinata26/PICO/pico-sdk/lib/tinyusb/src/device/usbd.c.o
                0x00000000100030cc                usbd_edpt_claim
 .text.usbd_edpt_release
                0x00000000100030f4       0x28 CMakeFiles/hello_world.dir/home/adinata26/PICO/pico-sdk/lib/tinyusb/src/device/usbd.c.o
                0x00000000100030f4                usbd_edpt_release
 .text.usbd_edpt_xfer
                0x000000001000311c       0x4c CMakeFiles/hello_world.dir/home/adinata26/PICO/pico-sdk/lib/tinyusb/src/device/usbd.c.o
                0x000000001000311c                usbd_edpt_xfer
 .text.tud_control_status
                0x0000000010003168       0x30 CMakeFiles/hello_world.dir/home/adinata26/PICO/pico-sdk/lib/tinyusb/src/device/usbd_control.c.o
                0x0000000010003168                tud_control_status
 .text.tud_control_xfer
                0x0000000010003198       0xb8 CMakeFiles/hello_world.dir/home/adinata26/PICO/pico-sdk/lib/tinyusb/src/device/usbd_control.c.o
                0x0000000010003198                tud_control_xfer
 .text.usbd_control_reset
                0x0000000010003250       0x14 CMakeFiles/hello_world.dir/home/adinata26/PICO/pico-sdk/lib/tinyusb/src/device/usbd_control.c.o
                0x0000000010003250                usbd_control_reset
 .text.usbd_control_set_complete_callback
                0x0000000010003264        0xc CMakeFiles/hello_world.dir/home/adinata26/PICO/pico-sdk/lib/tinyusb/src/device/usbd_control.c.o
                0x0000000010003264                usbd_control_set_complete_callback
 .text.usbd_control_set_request
                0x0000000010003270       0x1c CMakeFiles/hello_world.dir/home/adinata26/PICO/pico-sdk/lib/tinyusb/src/device/usbd_control.c.o
                0x0000000010003270                usbd_control_set_request
 .text.usbd_control_xfer_cb
                0x000000001000328c       0xf0 CMakeFiles/hello_world.dir/home/adinata26/PICO/pico-sdk/lib/tinyusb/src/device/usbd_control.c.o
                0x000000001000328c                usbd_control_xfer_cb
 .text._prep_out_transaction
                0x000000001000337c       0x64 CMakeFiles/hello_world.dir/home/adinata26/PICO/pico-sdk/lib/tinyusb/src/class/cdc/cdc_device.c.o
 .text.tud_cdc_n_connected
                0x00000000100033e0       0x30 CMakeFiles/hello_world.dir/home/adinata26/PICO/pico-sdk/lib/tinyusb/src/class/cdc/cdc_device.c.o
                0x00000000100033e0                tud_cdc_n_connected
 .text.tud_cdc_n_available
                0x0000000010003410       0x18 CMakeFiles/hello_world.dir/home/adinata26/PICO/pico-sdk/lib/tinyusb/src/class/cdc/cdc_device.c.o
                0x0000000010003410                tud_cdc_n_available
 .text.tud_cdc_n_read
                0x0000000010003428       0x98 CMakeFiles/hello_world.dir/home/adinata26/PICO/pico-sdk/lib/tinyusb/src/class/cdc/cdc_device.c.o
                0x0000000010003428                tud_cdc_n_read
 .text.tud_cdc_n_write_flush
                0x00000000100034c0       0x78 CMakeFiles/hello_world.dir/home/adinata26/PICO/pico-sdk/lib/tinyusb/src/class/cdc/cdc_device.c.o
                0x00000000100034c0                tud_cdc_n_write_flush
 .text.tud_cdc_n_write
                0x0000000010003538       0x44 CMakeFiles/hello_world.dir/home/adinata26/PICO/pico-sdk/lib/tinyusb/src/class/cdc/cdc_device.c.o
                0x0000000010003538                tud_cdc_n_write
 .text.tud_cdc_n_write_available
                0x000000001000357c       0x18 CMakeFiles/hello_world.dir/home/adinata26/PICO/pico-sdk/lib/tinyusb/src/class/cdc/cdc_device.c.o
                0x000000001000357c                tud_cdc_n_write_available
 .text.cdcd_init
                0x0000000010003594       0x80 CMakeFiles/hello_world.dir/home/adinata26/PICO/pico-sdk/lib/tinyusb/src/class/cdc/cdc_device.c.o
                0x0000000010003594                cdcd_init
 .text.cdcd_deinit
                0x0000000010003614       0x24 CMakeFiles/hello_world.dir/home/adinata26/PICO/pico-sdk/lib/tinyusb/src/class/cdc/cdc_device.c.o
                0x0000000010003614                cdcd_deinit
 .text.cdcd_reset
                0x0000000010003638       0x4c CMakeFiles/hello_world.dir/home/adinata26/PICO/pico-sdk/lib/tinyusb/src/class/cdc/cdc_device.c.o
                0x0000000010003638                cdcd_reset
 .text.cdcd_open
                0x0000000010003684       0xb4 CMakeFiles/hello_world.dir/home/adinata26/PICO/pico-sdk/lib/tinyusb/src/class/cdc/cdc_device.c.o
                0x0000000010003684                cdcd_open
 .text.cdcd_control_xfer_cb
                0x0000000010003738       0xe8 CMakeFiles/hello_world.dir/home/adinata26/PICO/pico-sdk/lib/tinyusb/src/class/cdc/cdc_device.c.o
                0x0000000010003738                cdcd_control_xfer_cb
 .text.cdcd_xfer_cb
                0x0000000010003820      0x154 CMakeFiles/hello_world.dir/home/adinata26/PICO/pico-sdk/lib/tinyusb/src/class/cdc/cdc_device.c.o
                0x0000000010003820                cdcd_xfer_cb
 .text.vendord_init
                0x0000000010003974       0x5c CMakeFiles/hello_world.dir/home/adinata26/PICO/pico-sdk/lib/tinyusb/src/class/vendor/vendor_device.c.o
                0x0000000010003974                vendord_init
 .text.vendord_deinit
                0x00000000100039d0       0x1c CMakeFiles/hello_world.dir/home/adinata26/PICO/pico-sdk/lib/tinyusb/src/class/vendor/vendor_device.c.o
                0x00000000100039d0                vendord_deinit
 .text.vendord_reset
                0x00000000100039ec       0x20 CMakeFiles/hello_world.dir/home/adinata26/PICO/pico-sdk/lib/tinyusb/src/class/vendor/vendor_device.c.o
                0x00000000100039ec                vendord_reset
 .text.vendord_open
                0x0000000010003a0c      0x138 CMakeFiles/hello_world.dir/home/adinata26/PICO/pico-sdk/lib/tinyusb/src/class/vendor/vendor_device.c.o
                0x0000000010003a0c                vendord_open
 .text.vendord_xfer_cb
                0x0000000010003b44       0x9c CMakeFiles/hello_world.dir/home/adinata26/PICO/pico-sdk/lib/tinyusb/src/class/vendor/vendor_device.c.o
                0x0000000010003b44                vendord_xfer_cb
 .text.tusb_init
                0x0000000010003be0        0xc CMakeFiles/hello_world.dir/home/adinata26/PICO/pico-sdk/lib/tinyusb/src/tusb.c.o
                0x0000000010003be0                tusb_init
 .text.tu_edpt_claim
                0x0000000010003bec       0x50 CMakeFiles/hello_world.dir/home/adinata26/PICO/pico-sdk/lib/tinyusb/src/tusb.c.o
                0x0000000010003bec                tu_edpt_claim
 .text.tu_edpt_release
                0x0000000010003c3c       0x38 CMakeFiles/hello_world.dir/home/adinata26/PICO/pico-sdk/lib/tinyusb/src/tusb.c.o
                0x0000000010003c3c                tu_edpt_release
 .text.tu_edpt_validate
                0x0000000010003c74       0x78 CMakeFiles/hello_world.dir/home/adinata26/PICO/pico-sdk/lib/tinyusb/src/tusb.c.o
                0x0000000010003c74                tu_edpt_validate
 .text.tu_edpt_bind_driver
                0x0000000010003cec       0x34 CMakeFiles/hello_world.dir/home/adinata26/PICO/pico-sdk/lib/tinyusb/src/tusb.c.o
                0x0000000010003cec                tu_edpt_bind_driver
 .text.tu_edpt_stream_init
                0x0000000010003d20       0x6c CMakeFiles/hello_world.dir/home/adinata26/PICO/pico-sdk/lib/tinyusb/src/tusb.c.o
                0x0000000010003d20                tu_edpt_stream_init
 .text.tu_edpt_stream_deinit
                0x0000000010003d8c        0x4 CMakeFiles/hello_world.dir/home/adinata26/PICO/pico-sdk/lib/tinyusb/src/tusb.c.o
                0x0000000010003d8c                tu_edpt_stream_deinit
 .text.tu_edpt_stream_write_zlp_if_needed
                0x0000000010003d90       0x58 CMakeFiles/hello_world.dir/home/adinata26/PICO/pico-sdk/lib/tinyusb/src/tusb.c.o
                0x0000000010003d90                tu_edpt_stream_write_zlp_if_needed
 .text.tu_edpt_stream_write_xfer
                0x0000000010003de8       0x64 CMakeFiles/hello_world.dir/home/adinata26/PICO/pico-sdk/lib/tinyusb/src/tusb.c.o
                0x0000000010003de8                tu_edpt_stream_write_xfer
 .text.tu_edpt_stream_read_xfer
                0x0000000010003e4c       0xdc CMakeFiles/hello_world.dir/home/adinata26/PICO/pico-sdk/lib/tinyusb/src/tusb.c.o
                0x0000000010003e4c                tu_edpt_stream_read_xfer
 .text.tu_fifo_config
                0x0000000010003f28       0x70 CMakeFiles/hello_world.dir/home/adinata26/PICO/pico-sdk/lib/tinyusb/src/common/tusb_fifo.c.o
                0x0000000010003f28                tu_fifo_config
 .text.tu_fifo_count
                0x0000000010003f98       0x2c CMakeFiles/hello_world.dir/home/adinata26/PICO/pico-sdk/lib/tinyusb/src/common/tusb_fifo.c.o
                0x0000000010003f98                tu_fifo_count
 .text.tu_fifo_empty
                0x0000000010003fc4       0x10 CMakeFiles/hello_world.dir/home/adinata26/PICO/pico-sdk/lib/tinyusb/src/common/tusb_fifo.c.o
                0x0000000010003fc4                tu_fifo_empty
 .text.tu_fifo_remaining
                0x0000000010003fd4       0x2c CMakeFiles/hello_world.dir/home/adinata26/PICO/pico-sdk/lib/tinyusb/src/common/tusb_fifo.c.o
                0x0000000010003fd4                tu_fifo_remaining
 .text.tu_fifo_read
                0x0000000010004000       0x9c CMakeFiles/hello_world.dir/home/adinata26/PICO/pico-sdk/lib/tinyusb/src/common/tusb_fifo.c.o
                0x0000000010004000                tu_fifo_read
 .text.tu_fifo_read_n
                0x000000001000409c       0xf0 CMakeFiles/hello_world.dir/home/adinata26/PICO/pico-sdk/lib/tinyusb/src/common/tusb_fifo.c.o
                0x000000001000409c                tu_fifo_read_n
 .text.tu_fifo_write
                0x000000001000418c       0x88 CMakeFiles/hello_world.dir/home/adinata26/PICO/pico-sdk/lib/tinyusb/src/common/tusb_fifo.c.o
                0x000000001000418c                tu_fifo_write
 .text.tu_fifo_write_n
                0x0000000010004214      0x158 CMakeFiles/hello_world.dir/home/adinata26/PICO/pico-sdk/lib/tinyusb/src/common/tusb_fifo.c.o
                0x0000000010004214                tu_fifo_write_n
 .text.tu_fifo_clear
                0x000000001000436c       0x40 CMakeFiles/hello_world.dir/home/adinata26/PICO/pico-sdk/lib/tinyusb/src/common/tusb_fifo.c.o
                0x000000001000436c                tu_fifo_clear
 .text.tu_fifo_set_overwritable
                0x00000000100043ac       0x48 CMakeFiles/hello_world.dir/home/adinata26/PICO/pico-sdk/lib/tinyusb/src/common/tusb_fifo.c.o
                0x00000000100043ac                tu_fifo_set_overwritable
 .text          0x00000000100043f4       0x68 /usr/lib/gcc/arm-none-eabi/9.2.1/../../../arm-none-eabi/lib/thumb/v6-m/nofp/libg.a(lib_a-strlen-stub.o)
                0x00000000100043f4                strlen
 *(.fini)
 .fini          0x000000001000445c        0x4 /usr/lib/gcc/arm-none-eabi/9.2.1/thumb/v6-m/nofp/crti.o
                0x000000001000445c                _fini
 .fini.__stub   0x0000000010004460       0xc0 linker stubs
 *crtbegin.o(.ctors)
 *crtbegin?.o(.ctors)
 *(EXCLUDE_FILE(*crtend.o *crtend?.o) .ctors)
 *(SORT_BY_NAME(.ctors.*))
 *(.ctors)
 *crtbegin.o(.dtors)
 *crtbegin?.o(.dtors)
 *(EXCLUDE_FILE(*crtend.o *crtend?.o) .dtors)
 *(SORT_BY_NAME(.dtors.*))
 *(.dtors)
                0x0000000010004520                . = ALIGN (0x4)
                0x0000000010004520                PROVIDE (__preinit_array_start = .)
 *(SORT_BY_NAME(.preinit_array.*))
 .preinit_array.00100
                0x0000000010004520        0x4 CMakeFiles/hello_world.dir/home/adinata26/PICO/pico-sdk/src/rp2_common/pico_runtime_init/runtime_init.c.o
                0x0000000010004520                __pre_init_runtime_init_early_resets
 .preinit_array.00101
                0x0000000010004524        0x4 CMakeFiles/hello_world.dir/home/adinata26/PICO/pico-sdk/src/rp2_common/pico_runtime_init/runtime_init.c.o
                0x0000000010004524                __pre_init_runtime_init_usb_power_down
 .preinit_array.00275
                0x0000000010004528        0x4 CMakeFiles/hello_world.dir/home/adinata26/PICO/pico-sdk/src/rp2_common/pico_bit_ops/bit_ops_aeabi.S.o
 .preinit_array.00300
                0x000000001000452c        0x4 CMakeFiles/hello_world.dir/home/adinata26/PICO/pico-sdk/src/rp2_common/pico_mem_ops/mem_ops_aeabi.S.o
 .preinit_array.00350
                0x0000000010004530        0x4 CMakeFiles/hello_world.dir/home/adinata26/PICO/pico-sdk/src/rp2_common/pico_double/double_aeabi_rp2040.S.o
 .preinit_array.00350
                0x0000000010004534        0x4 CMakeFiles/hello_world.dir/home/adinata26/PICO/pico-sdk/src/rp2_common/pico_float/float_aeabi_rp2040.S.o
 .preinit_array.00500
                0x0000000010004538        0x4 CMakeFiles/hello_world.dir/home/adinata26/PICO/pico-sdk/src/rp2_common/pico_runtime_init/runtime_init.c.o
                0x0000000010004538                __pre_init_runtime_init_clocks
 .preinit_array.00600
                0x000000001000453c        0x4 CMakeFiles/hello_world.dir/home/adinata26/PICO/pico-sdk/src/rp2_common/pico_runtime_init/runtime_init.c.o
                0x000000001000453c                __pre_init_runtime_init_post_clock_resets
 .preinit_array.00700
                0x0000000010004540        0x4 CMakeFiles/hello_world.dir/home/adinata26/PICO/pico-sdk/src/rp2_common/pico_runtime_init/runtime_init.c.o
                0x0000000010004540                __pre_init_runtime_init_rp2040_gpio_ie_disable
 .preinit_array.01000
                0x0000000010004544        0x4 CMakeFiles/hello_world.dir/home/adinata26/PICO/pico-sdk/src/rp2_common/pico_runtime_init/runtime_init.c.o
                0x0000000010004544                __pre_init_runtime_init_spin_locks_reset
 .preinit_array.01100
                0x0000000010004548        0x4 CMakeFiles/hello_world.dir/home/adinata26/PICO/pico-sdk/src/common/pico_sync/mutex.c.o
                0x0000000010004548                __pre_init_runtime_init_mutex
 .preinit_array.10080
                0x000000001000454c        0x4 CMakeFiles/hello_world.dir/home/adinata26/PICO/pico-sdk/src/rp2_common/pico_runtime_init/runtime_init.c.o
                0x000000001000454c                __pre_init_runtime_init_install_ram_vector_table
 .preinit_array.11000
                0x0000000010004550        0x4 CMakeFiles/hello_world.dir/home/adinata26/PICO/pico-sdk/src/common/pico_time/time.c.o
                0x0000000010004550                __pre_init_runtime_init_default_alarm_pool
 .preinit_array.YYYYY
                0x0000000010004554        0x4 CMakeFiles/hello_world.dir/home/adinata26/PICO/pico-sdk/src/rp2_common/pico_runtime/runtime.c.o
                0x0000000010004554                __pre_init_first_per_core_initializer
 .preinit_array.ZZZZZ.01200
                0x0000000010004558        0x4 CMakeFiles/hello_world.dir/home/adinata26/PICO/pico-sdk/src/rp2_common/hardware_irq/irq.c.o
                0x0000000010004558                __pre_init_runtime_init_per_core_irq_priorities
 *(.preinit_array)
                0x000000001000455c                PROVIDE (__preinit_array_end = .)
                0x000000001000455c                . = ALIGN (0x4)
                0x000000001000455c                PROVIDE (__init_array_start = .)
 *(SORT_BY_NAME(.init_array.*))
 *(.init_array)
 .init_array    0x000000001000455c        0x4 /usr/lib/gcc/arm-none-eabi/9.2.1/thumb/v6-m/nofp/crtbegin.o
 .init_array    0x0000000010004560        0x4 CMakeFiles/hello_world.dir/home/adinata26/PICO/pico-sdk/src/rp2_common/pico_unique_id/unique_id.c.o
                0x0000000010004564                PROVIDE (__init_array_end = .)
                0x0000000010004564                . = ALIGN (0x4)
                0x0000000010004564                PROVIDE (__fini_array_start = .)
 *(SORT_BY_NAME(.fini_array.*))
 *(.fini_array)
                0x0000000010004564                PROVIDE (__fini_array_end = .)
 *(.eh_frame*)
 .eh_frame      0x0000000010004564        0x0 /usr/lib/gcc/arm-none-eabi/9.2.1/thumb/v6-m/nofp/crtbegin.o
                0x0000000010004564                . = ALIGN (0x4)

.glue_7         0x0000000010004564        0x0
 .glue_7        0x0000000010004564        0x0 linker stubs

.glue_7t        0x0000000010004564        0x0
 .glue_7t       0x0000000010004564        0x0 linker stubs

.vfp11_veneer   0x0000000010004564        0x0
 .vfp11_veneer  0x0000000010004564        0x0 linker stubs

.v4_bx          0x0000000010004564        0x0
 .v4_bx         0x0000000010004564        0x0 linker stubs

.iplt           0x0000000010004564        0x0
 .iplt          0x0000000010004564        0x0 /usr/lib/gcc/arm-none-eabi/9.2.1/thumb/v6-m/nofp/crtbegin.o

.rodata         0x0000000010004564      0x420
 *(EXCLUDE_FILE(*libm.a: *libc.a:*lib_a-mem*.o *libgcc.a:) .rodata*)
 .rodata.main.str1.4
                0x0000000010004564        0xe CMakeFiles/hello_world.dir/hello_world.c.o
 *fill*         0x0000000010004572        0x2 
 .rodata.panic.str1.4
                0x0000000010004574       0x12 CMakeFiles/hello_world.dir/home/adinata26/PICO/pico-sdk/src/rp2_common/pico_platform_panic/panic.c.o
 *fill*         0x0000000010004586        0x2 
 .rodata.spin_lock_claim_unused.str1.4
                0x0000000010004588       0x1b CMakeFiles/hello_world.dir/home/adinata26/PICO/pico-sdk/src/rp2_common/hardware_sync/sync.c.o
 *fill*         0x00000000100045a3        0x1 
 .rodata.user_irq_claim_unused.str1.4
                0x00000000100045a4       0x1b CMakeFiles/hello_world.dir/home/adinata26/PICO/pico-sdk/src/rp2_common/hardware_irq/irq.c.o
 *fill*         0x00000000100045bf        0x1 
 .rodata.timer_hardware_alarm_claim.str1.4
                0x00000000100045c0       0x22 CMakeFiles/hello_world.dir/home/adinata26/PICO/pico-sdk/src/rp2_common/hardware_timer/timer.c.o
 *fill*         0x00000000100045e2        0x2 
 .rodata.hard_assertion_failure.str1.4
                0x00000000100045e4        0xc CMakeFiles/hello_world.dir/home/adinata26/PICO/pico-sdk/src/rp2_common/pico_runtime/runtime.c.o
 .rodata.str1.4
                0x00000000100045f0       0x40 CMakeFiles/hello_world.dir/home/adinata26/PICO/pico-sdk/src/rp2_common/pico_standard_binary_info/standard_binary_info.c.o
 .rodata.__bi_26
                0x0000000010004630        0xc CMakeFiles/hello_world.dir/home/adinata26/PICO/pico-sdk/src/rp2_common/pico_standard_binary_info/standard_binary_info.c.o
 .rodata.__bi_34
                0x000000001000463c        0xc CMakeFiles/hello_world.dir/home/adinata26/PICO/pico-sdk/src/rp2_common/pico_standard_binary_info/standard_binary_info.c.o
 .rodata.__bi_42
                0x0000000010004648        0xc CMakeFiles/hello_world.dir/home/adinata26/PICO/pico-sdk/src/rp2_common/pico_standard_binary_info/standard_binary_info.c.o
 .rodata.__bi_48
                0x0000000010004654        0xc CMakeFiles/hello_world.dir/home/adinata26/PICO/pico-sdk/src/rp2_common/pico_standard_binary_info/standard_binary_info.c.o
 .rodata.__bi_54
                0x0000000010004660        0xc CMakeFiles/hello_world.dir/home/adinata26/PICO/pico-sdk/src/rp2_common/pico_standard_binary_info/standard_binary_info.c.o
 .rodata.__bi_78
                0x000000001000466c        0xc CMakeFiles/hello_world.dir/home/adinata26/PICO/pico-sdk/src/rp2_common/pico_standard_binary_info/standard_binary_info.c.o
 .rodata.__bi_84
                0x0000000010004678        0xc CMakeFiles/hello_world.dir/home/adinata26/PICO/pico-sdk/src/rp2_common/pico_standard_binary_info/standard_binary_info.c.o
 .rodata.crlf_str.6128
                0x0000000010004684        0x2 CMakeFiles/hello_world.dir/home/adinata26/PICO/pico-sdk/src/rp2_common/pico_stdio/stdio.c.o
 *fill*         0x0000000010004686        0x2 
 .rodata._resetd_driver
                0x0000000010004688       0x20 CMakeFiles/hello_world.dir/home/adinata26/PICO/pico-sdk/src/rp2_common/pico_stdio_usb/reset_interface.c.o
 .rodata.desc_bos
                0x00000000100046a8       0x21 CMakeFiles/hello_world.dir/home/adinata26/PICO/pico-sdk/src/rp2_common/pico_stdio_usb/reset_interface.c.o
                0x00000000100046a8                desc_bos
 *fill*         0x00000000100046c9        0x3 
 .rodata.desc_ms_os_20
                0x00000000100046cc       0xa6 CMakeFiles/hello_world.dir/home/adinata26/PICO/pico-sdk/src/rp2_common/pico_stdio_usb/reset_interface.c.o
 *fill*         0x0000000010004772        0x2 
 .rodata.str1.4
                0x0000000010004774       0x13 CMakeFiles/hello_world.dir/home/adinata26/PICO/pico-sdk/src/rp2_common/pico_stdio_usb/stdio_usb.c.o
 *fill*         0x0000000010004787        0x1 
 .rodata.__bi_197.7850
                0x0000000010004788        0xc CMakeFiles/hello_world.dir/home/adinata26/PICO/pico-sdk/src/rp2_common/pico_stdio_usb/stdio_usb.c.o
 .rodata.str1.4
                0x0000000010004794       0x2a CMakeFiles/hello_world.dir/home/adinata26/PICO/pico-sdk/src/rp2_common/pico_stdio_usb/stdio_usb_descriptors.c.o
 *fill*         0x00000000100047be        0x2 
 .rodata.usbd_desc_cfg
                0x00000000100047c0       0x54 CMakeFiles/hello_world.dir/home/adinata26/PICO/pico-sdk/src/rp2_common/pico_stdio_usb/stdio_usb_descriptors.c.o
 .rodata.usbd_desc_device
                0x0000000010004814       0x12 CMakeFiles/hello_world.dir/home/adinata26/PICO/pico-sdk/src/rp2_common/pico_stdio_usb/stdio_usb_descriptors.c.o
 *fill*         0x0000000010004826        0x2 
 .rodata.usbd_desc_str
                0x0000000010004828       0x18 CMakeFiles/hello_world.dir/home/adinata26/PICO/pico-sdk/src/rp2_common/pico_stdio_usb/stdio_usb_descriptors.c.o
 .rodata.str1.4
                0x0000000010004840       0x14 CMakeFiles/hello_world.dir/home/adinata26/PICO/pico-sdk/lib/tinyusb/src/portable/raspberrypi/rp2040/dcd_rp2040.c.o
 .rodata.str1.4
                0x0000000010004854       0x48 CMakeFiles/hello_world.dir/home/adinata26/PICO/pico-sdk/lib/tinyusb/src/portable/raspberrypi/rp2040/rp2040_usb.c.o
 .rodata.tud_task_ext
                0x000000001000489c       0x8c CMakeFiles/hello_world.dir/home/adinata26/PICO/pico-sdk/lib/tinyusb/src/device/usbd.c.o
 .rodata        0x0000000010004928       0x1c CMakeFiles/hello_world.dir/home/adinata26/PICO/pico-sdk/lib/tinyusb/src/device/usbd.c.o
 .rodata._usbd_driver
                0x0000000010004944       0x40 CMakeFiles/hello_world.dir/home/adinata26/PICO/pico-sdk/lib/tinyusb/src/device/usbd.c.o
                0x0000000010004984                . = ALIGN (0x4)
 *(SORT_BY_ALIGNMENT(SORT_BY_NAME(.flashdata*)))
                0x0000000010004984                . = ALIGN (0x4)

.ARM.extab
 *(.ARM.extab* .gnu.linkonce.armextab.*)
                0x0000000010004984                __exidx_start = .

.ARM.exidx
 *(.ARM.exidx* .gnu.linkonce.armexidx.*)
                0x0000000010004984                __exidx_end = .
                0x0000000010004984                . = ALIGN (0x4)
                0x0000000010004984                __binary_info_start = .

.binary_info    0x0000000010004984       0x20
 *(.binary_info.keep.*)
 .binary_info.keep.__bi_ptr26
                0x0000000010004984        0x4 CMakeFiles/hello_world.dir/home/adinata26/PICO/pico-sdk/src/rp2_common/pico_standard_binary_info/standard_binary_info.c.o
 .binary_info.keep.__bi_ptr34
                0x0000000010004988        0x4 CMakeFiles/hello_world.dir/home/adinata26/PICO/pico-sdk/src/rp2_common/pico_standard_binary_info/standard_binary_info.c.o
 .binary_info.keep.__bi_ptr42
                0x000000001000498c        0x4 CMakeFiles/hello_world.dir/home/adinata26/PICO/pico-sdk/src/rp2_common/pico_standard_binary_info/standard_binary_info.c.o
 .binary_info.keep.__bi_ptr48
                0x0000000010004990        0x4 CMakeFiles/hello_world.dir/home/adinata26/PICO/pico-sdk/src/rp2_common/pico_standard_binary_info/standard_binary_info.c.o
 .binary_info.keep.__bi_ptr54
                0x0000000010004994        0x4 CMakeFiles/hello_world.dir/home/adinata26/PICO/pico-sdk/src/rp2_common/pico_standard_binary_info/standard_binary_info.c.o
 .binary_info.keep.__bi_ptr78
                0x0000000010004998        0x4 CMakeFiles/hello_world.dir/home/adinata26/PICO/pico-sdk/src/rp2_common/pico_standard_binary_info/standard_binary_info.c.o
 .binary_info.keep.__bi_ptr84
                0x000000001000499c        0x4 CMakeFiles/hello_world.dir/home/adinata26/PICO/pico-sdk/src/rp2_common/pico_standard_binary_info/standard_binary_info.c.o
 *(.binary_info.*)
 .binary_info.__bi_ptr197
                0x00000000100049a0        0x4 CMakeFiles/hello_world.dir/home/adinata26/PICO/pico-sdk/src/rp2_common/pico_stdio_usb/stdio_usb.c.o
                0x00000000100049a4                __binary_info_end = .

.rel.dyn        0x00000000100049a4        0x0
 .rel.iplt      0x00000000100049a4        0x0 /usr/lib/gcc/arm-none-eabi/9.2.1/thumb/v6-m/nofp/crtbegin.o
                0x00000000100049a4                . = ALIGN (0x4)

.ram_vector_table
                0x0000000020000000       0xc0
 *(.ram_vector_table)
 .ram_vector_table
                0x0000000020000000       0xc0 CMakeFiles/hello_world.dir/home/adinata26/PICO/pico-sdk/src/rp2_common/pico_runtime_init/runtime_init.c.o
                0x0000000020000000                ram_vector_table

.uninitialized_data
                0x00000000200000c0        0x0
                0x00000000200000c0                . = ALIGN (0x4)
 *(.uninitialized_data*)

.data           0x00000000200000c0     0x1080 load address 0x00000000100049a4
                0x00000000200000c0                __data_start__ = .
 *(vtable)
 *(.time_critical*)
 .time_critical.mutex_try_enter
                0x00000000200000c0       0x48 CMakeFiles/hello_world.dir/home/adinata26/PICO/pico-sdk/src/common/pico_sync/mutex.c.o
                0x00000000200000c0                mutex_try_enter
 .time_critical.mutex_try_enter_block_until
                0x0000000020000108       0xb0 CMakeFiles/hello_world.dir/home/adinata26/PICO/pico-sdk/src/common/pico_sync/mutex.c.o
                0x0000000020000108                mutex_try_enter_block_until
 .time_critical.mutex_enter_timeout_ms
                0x00000000200001b8       0x90 CMakeFiles/hello_world.dir/home/adinata26/PICO/pico-sdk/src/common/pico_sync/mutex.c.o
                0x00000000200001b8                mutex_enter_timeout_ms
 .time_critical.mutex_exit
                0x0000000020000248       0x28 CMakeFiles/hello_world.dir/home/adinata26/PICO/pico-sdk/src/common/pico_sync/mutex.c.o
                0x0000000020000248                mutex_exit
 .time_critical.flash_init_boot2_copyout
                0x0000000020000270       0x30 CMakeFiles/hello_world.dir/home/adinata26/PICO/pico-sdk/src/rp2_common/hardware_flash/flash.c.o
 .time_critical.flash_enable_xip_via_boot2
                0x00000000200002a0       0x10 CMakeFiles/hello_world.dir/home/adinata26/PICO/pico-sdk/src/rp2_common/hardware_flash/flash.c.o
 .time_critical.flash_cs_force
                0x00000000200002b0       0x38 CMakeFiles/hello_world.dir/home/adinata26/PICO/pico-sdk/src/rp2_common/hardware_flash/flash.c.o
 .time_critical.flash_do_cmd
                0x00000000200002e8       0xc4 CMakeFiles/hello_world.dir/home/adinata26/PICO/pico-sdk/src/rp2_common/hardware_flash/flash.c.o
                0x00000000200002e8                flash_do_cmd
 .time_critical.reset_non_control_endpoints
                0x00000000200003ac       0xbc CMakeFiles/hello_world.dir/home/adinata26/PICO/pico-sdk/lib/tinyusb/src/portable/raspberrypi/rp2040/dcd_rp2040.c.o
 .time_critical.hw_handle_buff_status
                0x0000000020000468       0xb4 CMakeFiles/hello_world.dir/home/adinata26/PICO/pico-sdk/lib/tinyusb/src/portable/raspberrypi/rp2040/dcd_rp2040.c.o
 .time_critical.dcd_rp2040_irq
                0x000000002000051c      0x59c CMakeFiles/hello_world.dir/home/adinata26/PICO/pico-sdk/lib/tinyusb/src/portable/raspberrypi/rp2040/dcd_rp2040.c.o
 .time_critical.prepare_ep_buffer
                0x0000000020000ab8      0x100 CMakeFiles/hello_world.dir/home/adinata26/PICO/pico-sdk/lib/tinyusb/src/portable/raspberrypi/rp2040/rp2040_usb.c.o
 .time_critical.sync_ep_buffer
                0x0000000020000bb8       0xbc CMakeFiles/hello_world.dir/home/adinata26/PICO/pico-sdk/lib/tinyusb/src/portable/raspberrypi/rp2040/rp2040_usb.c.o
 .time_critical._hw_endpoint_xfer_sync
                0x0000000020000c74       0x28 CMakeFiles/hello_world.dir/home/adinata26/PICO/pico-sdk/lib/tinyusb/src/portable/raspberrypi/rp2040/rp2040_usb.c.o
 .time_critical.e15_is_bulkin_ep
                0x0000000020000c9c       0x28 CMakeFiles/hello_world.dir/home/adinata26/PICO/pico-sdk/lib/tinyusb/src/portable/raspberrypi/rp2040/rp2040_usb.c.o
 .time_critical.e15_is_critical_frame_period
                0x0000000020000cc4       0x38 CMakeFiles/hello_world.dir/home/adinata26/PICO/pico-sdk/lib/tinyusb/src/portable/raspberrypi/rp2040/rp2040_usb.c.o
 .time_critical.hw_endpoint_reset_transfer
                0x0000000020000cfc        0xc CMakeFiles/hello_world.dir/home/adinata26/PICO/pico-sdk/lib/tinyusb/src/portable/raspberrypi/rp2040/rp2040_usb.c.o
                0x0000000020000cfc                hw_endpoint_reset_transfer
 .time_critical._hw_endpoint_buffer_control_update32
                0x0000000020000d08       0x50 CMakeFiles/hello_world.dir/home/adinata26/PICO/pico-sdk/lib/tinyusb/src/portable/raspberrypi/rp2040/rp2040_usb.c.o
                0x0000000020000d08                _hw_endpoint_buffer_control_update32
 .time_critical.hw_endpoint_start_next_buffer
                0x0000000020000d58       0x6c CMakeFiles/hello_world.dir/home/adinata26/PICO/pico-sdk/lib/tinyusb/src/portable/raspberrypi/rp2040/rp2040_usb.c.o
                0x0000000020000d58                hw_endpoint_start_next_buffer
 .time_critical.hw_endpoint_xfer_continue
                0x0000000020000dc4       0x40 CMakeFiles/hello_world.dir/home/adinata26/PICO/pico-sdk/lib/tinyusb/src/portable/raspberrypi/rp2040/rp2040_usb.c.o
                0x0000000020000dc4                hw_endpoint_xfer_continue
 .time_critical.tinyusb
                0x0000000020000e04      0x1f0 CMakeFiles/hello_world.dir/home/adinata26/PICO/pico-sdk/lib/tinyusb/src/device/usbd.c.o
                0x0000000020000e04                dcd_event_handler
 *(.text*)
 .text          0x0000000020000ff4        0x4 /usr/lib/gcc/arm-none-eabi/9.2.1/thumb/v6-m/nofp/libgcc.a(_dvmd_tls.o)
                0x0000000020000ff4                __aeabi_ldiv0
                0x0000000020000ff4                __aeabi_idiv0
 .text.__stub   0x0000000020000ff8       0x80 linker stubs
                0x0000000020001078                . = ALIGN (0x4)
 *(.rodata*)
                0x0000000020001078                . = ALIGN (0x4)
 *(.data*)
 .data.striped_spin_lock_num
                0x0000000020001078        0x1 CMakeFiles/hello_world.dir/home/adinata26/PICO/pico-sdk/src/rp2_common/hardware_sync/sync.c.o
 *fill*         0x0000000020001079        0x3 
 .data          0x000000002000107c       0x48 CMakeFiles/hello_world.dir/home/adinata26/PICO/pico-sdk/src/rp2_common/hardware_irq/irq_handler_chain.S.o
                0x000000002000107c                irq_handler_chain_slots
                0x00000000200010ac                irq_handler_chain_first_slot
                0x00000000200010b6                irq_handler_chain_remove_tail
 .data.default_alarm_pool
                0x00000000200010c4       0x18 CMakeFiles/hello_world.dir/home/adinata26/PICO/pico-sdk/src/common/pico_time/time.c.o
 *fill*         0x00000000200010dc        0x4 
 .data.aeabi_bits_funcs
                0x00000000200010e0       0x10 CMakeFiles/hello_world.dir/home/adinata26/PICO/pico-sdk/src/rp2_common/pico_bit_ops/bit_ops_aeabi.S.o
                0x00000000200010e0                aeabi_bits_funcs
                0x00000000200010f0                aeabi_bits_funcs_end
 .data.aeabi_mem_funcs
                0x00000000200010f0       0x10 CMakeFiles/hello_world.dir/home/adinata26/PICO/pico-sdk/src/rp2_common/pico_mem_ops/mem_ops_aeabi.S.o
                0x00000000200010f0                aeabi_mem_funcs
                0x0000000020001100                aeabi_mem_funcs_end
 .data.stdio_usb
                0x0000000020001100       0x18 CMakeFiles/hello_world.dir/home/adinata26/PICO/pico-sdk/src/rp2_common/pico_stdio_usb/stdio_usb.c.o
                0x0000000020001100                stdio_usb
 .data._usbd_qdef
                0x0000000020001118       0x1c CMakeFiles/hello_world.dir/home/adinata26/PICO/pico-sdk/lib/tinyusb/src/device/usbd.c.o
                0x0000000020001118                _usbd_qdef
 .data._usbd_rhport
                0x0000000020001134        0x1 CMakeFiles/hello_world.dir/home/adinata26/PICO/pico-sdk/lib/tinyusb/src/device/usbd.c.o
                0x0000000020001138                . = ALIGN (0x4)
 *fill*         0x0000000020001135        0x3 
 *(.after_data.*)
                0x0000000020001138                . = ALIGN (0x4)
                0x0000000020001138                PROVIDE (__mutex_array_start = .)
 *(SORT_BY_NAME(.mutex_array.*))
 *(.mutex_array)
 .mutex_array   0x0000000020001138        0x8 CMakeFiles/hello_world.dir/home/adinata26/PICO/pico-sdk/src/rp2_common/pico_stdio/stdio.c.o
                0x0000000020001140                PROVIDE (__mutex_array_end = .)
                0x0000000020001140                . = ALIGN (0x4)
 *(.jcr)
                0x0000000020001140                . = ALIGN (0x4)

.tm_clone_table
                0x0000000020001140        0x0 load address 0x0000000010005a24
 .tm_clone_table
                0x0000000020001140        0x0 /usr/lib/gcc/arm-none-eabi/9.2.1/thumb/v6-m/nofp/crtbegin.o
 .tm_clone_table
                0x0000000020001140        0x0 /usr/lib/gcc/arm-none-eabi/9.2.1/thumb/v6-m/nofp/crtend.o

.igot.plt       0x0000000020001140        0x0 load address 0x0000000010005a24
 .igot.plt      0x0000000020001140        0x0 /usr/lib/gcc/arm-none-eabi/9.2.1/thumb/v6-m/nofp/crtbegin.o

.tdata          0x0000000020001140        0x0 load address 0x0000000010005a24
                0x0000000020001140                . = ALIGN (0x4)
 *(.tdata .tdata.* .gnu.linkonce.td.*)
                0x0000000020001140                __tdata_end = .
                0x0000000020001140                PROVIDE (__data_end__ = .)
                0x00000000100049a4                __etext = LOADADDR (.data)

.tbss           0x0000000020001140        0x0 load address 0x0000000010005a24
                0x0000000020001140                . = ALIGN (0x4)
                0x0000000020001140                __bss_start__ = .
                0x0000000020001140                __tls_base = .
 *(.tbss .tbss.* .gnu.linkonce.tb.*)
 *(.tcommon)
                0x0000000020001140                __tls_end = .

.bss            0x0000000020001140     0x107c load address 0x0000000010005a24
                0x0000000020001140                . = ALIGN (0x4)
                0x0000000020001140                __tbss_end = .
 *(SORT_BY_ALIGNMENT(SORT_BY_NAME(.bss*)))
 .bss.default_alarm_pool_entries
                0x0000000020001140      0x180 CMakeFiles/hello_world.dir/home/adinata26/PICO/pico-sdk/src/common/pico_time/time.c.o
 .bss.last_avail_time.7821
                0x00000000200012c0        0x8 CMakeFiles/hello_world.dir/home/adinata26/PICO/pico-sdk/src/rp2_common/pico_stdio_usb/stdio_usb.c.o
 .bss           0x00000000200012c8       0x1c /usr/lib/gcc/arm-none-eabi/9.2.1/thumb/v6-m/nofp/crtbegin.o
 .bss._app_driver
                0x00000000200012e4        0x4 CMakeFiles/hello_world.dir/home/adinata26/PICO/pico-sdk/lib/tinyusb/src/device/usbd.c.o
 .bss._cdcd_fifo_cfg
                0x00000000200012e8        0x1 CMakeFiles/hello_world.dir/home/adinata26/PICO/pico-sdk/lib/tinyusb/src/class/cdc/cdc_device.c.o
 *fill*         0x00000000200012e9        0x3 
 .bss._cdcd_itf
                0x00000000200012ec      0x2c8 CMakeFiles/hello_world.dir/home/adinata26/PICO/pico-sdk/lib/tinyusb/src/class/cdc/cdc_device.c.o
 .bss._ctrl_xfer
                0x00000000200015b4       0x14 CMakeFiles/hello_world.dir/home/adinata26/PICO/pico-sdk/lib/tinyusb/src/device/usbd_control.c.o
 .bss._ubsd_mutexdef
                0x00000000200015c8        0x8 CMakeFiles/hello_world.dir/home/adinata26/PICO/pico-sdk/lib/tinyusb/src/device/usbd.c.o
 .bss._usbd_ctrl_buf
                0x00000000200015d0       0x40 CMakeFiles/hello_world.dir/home/adinata26/PICO/pico-sdk/lib/tinyusb/src/device/usbd_control.c.o
 .bss._usbd_dev
                0x0000000020001610       0x54 CMakeFiles/hello_world.dir/home/adinata26/PICO/pico-sdk/lib/tinyusb/src/device/usbd.c.o
 .bss._usbd_mutex
                0x0000000020001664        0x4 CMakeFiles/hello_world.dir/home/adinata26/PICO/pico-sdk/lib/tinyusb/src/device/usbd.c.o
 .bss._usbd_q   0x0000000020001668        0x4 CMakeFiles/hello_world.dir/home/adinata26/PICO/pico-sdk/lib/tinyusb/src/device/usbd.c.o
 .bss._vendord_itf
                0x000000002000166c      0x2cc CMakeFiles/hello_world.dir/home/adinata26/PICO/pico-sdk/lib/tinyusb/src/class/vendor/vendor_device.c.o
 .bss.boot2_copyout
                0x0000000020001938      0x100 CMakeFiles/hello_world.dir/home/adinata26/PICO/pico-sdk/src/rp2_common/hardware_flash/flash.c.o
 .bss.chars_available_callback
                0x0000000020001a38        0x4 CMakeFiles/hello_world.dir/home/adinata26/PICO/pico-sdk/src/rp2_common/pico_stdio_usb/stdio_usb.c.o
 .bss.chars_available_param
                0x0000000020001a3c        0x4 CMakeFiles/hello_world.dir/home/adinata26/PICO/pico-sdk/src/rp2_common/pico_stdio_usb/stdio_usb.c.o
 .bss.claimed   0x0000000020001a40        0x4 CMakeFiles/hello_world.dir/home/adinata26/PICO/pico-sdk/src/rp2_common/hardware_sync/sync.c.o
 .bss.claimed   0x0000000020001a44        0x1 CMakeFiles/hello_world.dir/home/adinata26/PICO/pico-sdk/src/rp2_common/hardware_timer/timer.c.o
 *fill*         0x0000000020001a45        0x3 
 .bss.configured_freq
                0x0000000020001a48       0x28 CMakeFiles/hello_world.dir/home/adinata26/PICO/pico-sdk/src/rp2_common/hardware_clocks/clocks.c.o
 .bss.desc_str.7419
                0x0000000020001a70       0x28 CMakeFiles/hello_world.dir/home/adinata26/PICO/pico-sdk/src/rp2_common/pico_stdio_usb/stdio_usb_descriptors.c.o
 .bss.drivers   0x0000000020001a98        0x4 CMakeFiles/hello_world.dir/home/adinata26/PICO/pico-sdk/src/rp2_common/pico_stdio/stdio.c.o
 .bss.e15_last_sof
                0x0000000020001a9c        0x4 CMakeFiles/hello_world.dir/home/adinata26/PICO/pico-sdk/lib/tinyusb/src/portable/raspberrypi/rp2040/rp2040_usb.c.o
                0x0000000020001a9c                e15_last_sof
 .bss.filter    0x0000000020001aa0        0x4 CMakeFiles/hello_world.dir/home/adinata26/PICO/pico-sdk/src/rp2_common/pico_stdio/stdio.c.o
 .bss.hw_endpoints
                0x0000000020001aa4      0x400 CMakeFiles/hello_world.dir/home/adinata26/PICO/pico-sdk/lib/tinyusb/src/portable/raspberrypi/rp2040/dcd_rp2040.c.o
 .bss.lazy_vsnprintf
                0x0000000020001ea4        0x4 CMakeFiles/hello_world.dir/home/adinata26/PICO/pico-sdk/src/rp2_common/pico_printf/printf.c.o
 .bss.load_value
                0x0000000020001ea8        0x4 CMakeFiles/hello_world.dir/home/adinata26/PICO/pico-sdk/src/rp2_common/hardware_watchdog/watchdog.c.o
 .bss.next_buffer_ptr
                0x0000000020001eac        0x4 CMakeFiles/hello_world.dir/home/adinata26/PICO/pico-sdk/lib/tinyusb/src/portable/raspberrypi/rp2040/dcd_rp2040.c.o
 .bss.one_shot_timer_crit_sec
                0x0000000020001eb0        0x8 CMakeFiles/hello_world.dir/home/adinata26/PICO/pico-sdk/src/rp2_common/pico_stdio_usb/stdio_usb.c.o
 .bss.pools     0x0000000020001eb8       0x10 CMakeFiles/hello_world.dir/home/adinata26/PICO/pico-sdk/src/common/pico_time/time.c.o
 .bss.retrieved_id
                0x0000000020001ec8        0x8 CMakeFiles/hello_world.dir/home/adinata26/PICO/pico-sdk/src/rp2_common/pico_unique_id/unique_id.c.o
 .bss.sf_clz_func
                0x0000000020001ed0        0x4 CMakeFiles/hello_world.dir/home/adinata26/PICO/pico-sdk/src/rp2_common/pico_double/double_init_rom_rp2040.c.o
                0x0000000020001ed0                sf_clz_func
 .bss.sleep_notifier
                0x0000000020001ed4        0x4 CMakeFiles/hello_world.dir/home/adinata26/PICO/pico-sdk/src/common/pico_time/time.c.o
 .bss.stdio_usb_mutex
                0x0000000020001ed8        0x8 CMakeFiles/hello_world.dir/home/adinata26/PICO/pico-sdk/src/rp2_common/pico_stdio_usb/stdio_usb.c.o
 .bss.usbd_serial_str
                0x0000000020001ee0       0x11 CMakeFiles/hello_world.dir/home/adinata26/PICO/pico-sdk/src/rp2_common/pico_stdio_usb/stdio_usb_descriptors.c.o
 .bss._app_driver_count
                0x0000000020001ef1        0x1 CMakeFiles/hello_world.dir/home/adinata26/PICO/pico-sdk/lib/tinyusb/src/device/usbd.c.o
 .bss._sof_enable
                0x0000000020001ef2        0x1 CMakeFiles/hello_world.dir/home/adinata26/PICO/pico-sdk/lib/tinyusb/src/portable/raspberrypi/rp2040/dcd_rp2040.c.o
 .bss._usbd_queued_setup
                0x0000000020001ef3        0x1 CMakeFiles/hello_world.dir/home/adinata26/PICO/pico-sdk/lib/tinyusb/src/device/usbd.c.o
 .bss.boot2_copyout_valid
                0x0000000020001ef4        0x1 CMakeFiles/hello_world.dir/home/adinata26/PICO/pico-sdk/src/rp2_common/hardware_flash/flash.c.o
 .bss.irq_handler_chain_free_slot_head
                0x0000000020001ef5        0x1 CMakeFiles/hello_world.dir/home/adinata26/PICO/pico-sdk/src/rp2_common/hardware_irq/irq.c.o
 .bss.itf_num   0x0000000020001ef6        0x1 CMakeFiles/hello_world.dir/home/adinata26/PICO/pico-sdk/src/rp2_common/pico_stdio_usb/reset_interface.c.o
 .bss.low_priority_irq_num
                0x0000000020001ef7        0x1 CMakeFiles/hello_world.dir/home/adinata26/PICO/pico-sdk/src/rp2_common/pico_stdio_usb/stdio_usb.c.o
 .bss.one_shot_timer_pending
                0x0000000020001ef8        0x1 CMakeFiles/hello_world.dir/home/adinata26/PICO/pico-sdk/src/rp2_common/pico_stdio_usb/stdio_usb.c.o
 .bss.user_irq_claimed
                0x0000000020001ef9        0x1 CMakeFiles/hello_world.dir/home/adinata26/PICO/pico-sdk/src/rp2_common/hardware_irq/irq.c.o
 *(COMMON)
 *fill*         0x0000000020001efa        0x2 
 COMMON         0x0000000020001efc      0x100 CMakeFiles/hello_world.dir/home/adinata26/PICO/pico-sdk/src/rp2_common/pico_double/double_init_rom_rp2040.c.o
                0x0000000020001efc                sd_table
 COMMON         0x0000000020001ffc      0x100 CMakeFiles/hello_world.dir/home/adinata26/PICO/pico-sdk/src/rp2_common/pico_float/float_init_rom_rp2040.c.o
                0x0000000020001ffc                sf_table
 COMMON         0x00000000200020fc       0xc0 CMakeFiles/hello_world.dir/home/adinata26/PICO/pico-sdk/lib/tinyusb/src/device/usbd.c.o
                0x00000000200020fc                _usbd_qdef_buf
                0x00000000200021bc                . = ALIGN (0x4)
                0x00000000200021bc                __bss_end__ = .

.heap           0x00000000200021bc      0x800 load address 0x0000000010005a24
                0x00000000200021bc                __end__ = .
                0x00000000200021bc                end = __end__
 *(.heap*)
 .heap          0x00000000200021bc      0x800 CMakeFiles/hello_world.dir/home/adinata26/PICO/pico-sdk/src/rp2_common/pico_crt0/crt0.S.o
                0x0000000020040000                __HeapLimit = (ORIGIN (RAM) + LENGTH (RAM))

.scratch_x      0x0000000020040000        0x0 load address 0x0000000010005a24
                0x0000000020040000                __scratch_x_start__ = .
 *(.scratch_x.*)
                0x0000000020040000                . = ALIGN (0x4)
                0x0000000020040000                __scratch_x_end__ = .
                0x0000000010005a24                __scratch_x_source__ = LOADADDR (.scratch_x)

.scratch_y      0x0000000020041000        0x0 load address 0x0000000010005a24
                0x0000000020041000                __scratch_y_start__ = .
 *(.scratch_y.*)
                0x0000000020041000                . = ALIGN (0x4)
                0x0000000020041000                __scratch_y_end__ = .
                0x0000000010005a24                __scratch_y_source__ = LOADADDR (.scratch_y)

.stack1_dummy   0x0000000020040000        0x0
 *(.stack1*)

.stack_dummy    0x0000000020041000      0x800
 *(.stack*)
 .stack         0x0000000020041000      0x800 CMakeFiles/hello_world.dir/home/adinata26/PICO/pico-sdk/src/rp2_common/pico_crt0/crt0.S.o

.flash_end      0x0000000010005a24        0x0
 *(.embedded_end_block*)
                0x0000000010005a24                PROVIDE (__flash_binary_end = .)
                0x0000000020040000                __StackLimit = (ORIGIN (RAM) + LENGTH (RAM))
                0x0000000020041000                __StackOneTop = (ORIGIN (SCRATCH_X) + LENGTH (SCRATCH_X))
                0x0000000020042000                __StackTop = (ORIGIN (SCRATCH_Y) + LENGTH (SCRATCH_Y))
                0x0000000020041000                __StackOneBottom = (__StackOneTop - SIZEOF (.stack1_dummy))
                0x0000000020041800                __StackBottom = (__StackTop - SIZEOF (.stack_dummy))
                0x0000000020042000                PROVIDE (__stack = __StackTop)
                [!provide]                        PROVIDE (__heap_start = __end__)
                [!provide]                        PROVIDE (__heap_end = __HeapLimit)
                [!provide]                        PROVIDE (__tls_align = MAX (ALIGNOF (.tdata), ALIGNOF (.tbss)))
                [!provide]                        PROVIDE (__tls_size_align = (((__tls_size + __tls_align) - 0x1) & ~ ((__tls_align - 0x1))))
                [!provide]                        PROVIDE (__arm32_tls_tcb_offset = MAX (0x8, __tls_align))
                [!provide]                        PROVIDE (_end = __end__)
                [!provide]                        PROVIDE (__llvm_libc_heap_limit = __HeapLimit)
                0x0000000000000001                ASSERT ((__StackLimit >= __HeapLimit), region RAM overflowed)
                0x0000000000000001                ASSERT (((__binary_info_header_end - __logical_binary_start) <= 0x100), Binary info must be in first 256 bytes of the binary)
LOAD CMakeFiles/hello_world.dir/hello_world.c.o
LOAD CMakeFiles/hello_world.dir/home/adinata26/PICO/pico-sdk/src/rp2_common/pico_stdlib/stdlib.c.o
LOAD CMakeFiles/hello_world.dir/home/adinata26/PICO/pico-sdk/src/rp2_common/hardware_gpio/gpio.c.o
LOAD CMakeFiles/hello_world.dir/home/adinata26/PICO/pico-sdk/src/rp2040/pico_platform/platform.c.o
LOAD CMakeFiles/hello_world.dir/home/adinata26/PICO/pico-sdk/src/rp2_common/pico_platform_panic/panic.c.o
LOAD CMakeFiles/hello_world.dir/home/adinata26/PICO/pico-sdk/src/common/hardware_claim/claim.c.o
LOAD CMakeFiles/hello_world.dir/home/adinata26/PICO/pico-sdk/src/rp2_common/hardware_sync/sync.c.o
LOAD CMakeFiles/hello_world.dir/home/adinata26/PICO/pico-sdk/src/rp2_common/hardware_sync_spin_lock/sync_spin_lock.c.o
LOAD CMakeFiles/hello_world.dir/home/adinata26/PICO/pico-sdk/src/rp2_common/hardware_irq/irq.c.o
LOAD CMakeFiles/hello_world.dir/home/adinata26/PICO/pico-sdk/src/rp2_common/hardware_irq/irq_handler_chain.S.o
LOAD CMakeFiles/hello_world.dir/home/adinata26/PICO/pico-sdk/src/common/pico_sync/sem.c.o
LOAD CMakeFiles/hello_world.dir/home/adinata26/PICO/pico-sdk/src/common/pico_sync/lock_core.c.o
LOAD CMakeFiles/hello_world.dir/home/adinata26/PICO/pico-sdk/src/common/pico_sync/mutex.c.o
LOAD CMakeFiles/hello_world.dir/home/adinata26/PICO/pico-sdk/src/common/pico_sync/critical_section.c.o
LOAD CMakeFiles/hello_world.dir/home/adinata26/PICO/pico-sdk/src/common/pico_time/time.c.o
LOAD CMakeFiles/hello_world.dir/home/adinata26/PICO/pico-sdk/src/common/pico_time/timeout_helper.c.o
LOAD CMakeFiles/hello_world.dir/home/adinata26/PICO/pico-sdk/src/rp2_common/hardware_timer/timer.c.o
LOAD CMakeFiles/hello_world.dir/home/adinata26/PICO/pico-sdk/src/common/pico_util/datetime.c.o
LOAD CMakeFiles/hello_world.dir/home/adinata26/PICO/pico-sdk/src/common/pico_util/pheap.c.o
LOAD CMakeFiles/hello_world.dir/home/adinata26/PICO/pico-sdk/src/common/pico_util/queue.c.o
LOAD CMakeFiles/hello_world.dir/home/adinata26/PICO/pico-sdk/src/rp2_common/hardware_uart/uart.c.o
LOAD CMakeFiles/hello_world.dir/home/adinata26/PICO/pico-sdk/src/rp2_common/hardware_clocks/clocks.c.o
LOAD CMakeFiles/hello_world.dir/home/adinata26/PICO/pico-sdk/src/rp2_common/hardware_pll/pll.c.o
LOAD CMakeFiles/hello_world.dir/home/adinata26/PICO/pico-sdk/src/rp2_common/hardware_vreg/vreg.c.o
LOAD CMakeFiles/hello_world.dir/home/adinata26/PICO/pico-sdk/src/rp2_common/hardware_watchdog/watchdog.c.o
LOAD CMakeFiles/hello_world.dir/home/adinata26/PICO/pico-sdk/src/rp2_common/hardware_ticks/ticks.c.o
LOAD CMakeFiles/hello_world.dir/home/adinata26/PICO/pico-sdk/src/rp2_common/pico_bootrom/bootrom.c.o
LOAD CMakeFiles/hello_world.dir/home/adinata26/PICO/pico-sdk/src/rp2_common/pico_bootrom/bootrom_lock.c.o
LOAD CMakeFiles/hello_world.dir/home/adinata26/PICO/pico-sdk/src/rp2_common/hardware_boot_lock/boot_lock.c.o
LOAD CMakeFiles/hello_world.dir/home/adinata26/PICO/pico-sdk/src/rp2_common/pico_flash/flash.c.o
LOAD CMakeFiles/hello_world.dir/home/adinata26/PICO/pico-sdk/src/rp2_common/hardware_xosc/xosc.c.o
LOAD CMakeFiles/hello_world.dir/home/adinata26/PICO/pico-sdk/src/rp2_common/hardware_divider/divider.S.o
LOAD CMakeFiles/hello_world.dir/home/adinata26/PICO/pico-sdk/src/rp2_common/pico_runtime/runtime.c.o
LOAD CMakeFiles/hello_world.dir/home/adinata26/PICO/pico-sdk/src/rp2_common/pico_runtime_init/runtime_init.c.o
LOAD CMakeFiles/hello_world.dir/home/adinata26/PICO/pico-sdk/src/rp2_common/pico_runtime_init/runtime_init_clocks.c.o
LOAD CMakeFiles/hello_world.dir/home/adinata26/PICO/pico-sdk/src/rp2_common/pico_runtime_init/runtime_init_stack_guard.c.o
LOAD CMakeFiles/hello_world.dir/home/adinata26/PICO/pico-sdk/src/rp2_common/pico_bit_ops/bit_ops_aeabi.S.o
LOAD CMakeFiles/hello_world.dir/home/adinata26/PICO/pico-sdk/src/rp2_common/pico_divider/divider_hardware.S.o
LOAD CMakeFiles/hello_world.dir/home/adinata26/PICO/pico-sdk/src/rp2_common/pico_double/double_aeabi_rp2040.S.o
LOAD CMakeFiles/hello_world.dir/home/adinata26/PICO/pico-sdk/src/rp2_common/pico_double/double_init_rom_rp2040.c.o
LOAD CMakeFiles/hello_world.dir/home/adinata26/PICO/pico-sdk/src/rp2_common/pico_double/double_math.c.o
LOAD CMakeFiles/hello_world.dir/home/adinata26/PICO/pico-sdk/src/rp2_common/pico_double/double_v1_rom_shim_rp2040.S.o
LOAD CMakeFiles/hello_world.dir/home/adinata26/PICO/pico-sdk/src/rp2_common/pico_int64_ops/pico_int64_ops_aeabi.S.o
LOAD CMakeFiles/hello_world.dir/home/adinata26/PICO/pico-sdk/src/rp2_common/pico_float/float_aeabi_rp2040.S.o
LOAD CMakeFiles/hello_world.dir/home/adinata26/PICO/pico-sdk/src/rp2_common/pico_float/float_init_rom_rp2040.c.o
LOAD CMakeFiles/hello_world.dir/home/adinata26/PICO/pico-sdk/src/rp2_common/pico_float/float_math.c.o
LOAD CMakeFiles/hello_world.dir/home/adinata26/PICO/pico-sdk/src/rp2_common/pico_float/float_v1_rom_shim_rp2040.S.o
LOAD CMakeFiles/hello_world.dir/home/adinata26/PICO/pico-sdk/src/rp2_common/pico_malloc/malloc.c.o
LOAD CMakeFiles/hello_world.dir/home/adinata26/PICO/pico-sdk/src/rp2_common/pico_mem_ops/mem_ops_aeabi.S.o
LOAD CMakeFiles/hello_world.dir/home/adinata26/PICO/pico-sdk/src/rp2_common/pico_atomic/atomic.c.o
LOAD CMakeFiles/hello_world.dir/home/adinata26/PICO/pico-sdk/src/rp2_common/pico_cxx_options/new_delete.cpp.o
LOAD CMakeFiles/hello_world.dir/home/adinata26/PICO/pico-sdk/src/rp2_common/pico_standard_binary_info/standard_binary_info.c.o
LOAD CMakeFiles/hello_world.dir/home/adinata26/PICO/pico-sdk/src/rp2_common/pico_printf/printf.c.o
LOAD CMakeFiles/hello_world.dir/home/adinata26/PICO/pico-sdk/src/rp2_common/pico_crt0/crt0.S.o
LOAD CMakeFiles/hello_world.dir/home/adinata26/PICO/pico-sdk/src/rp2_common/pico_clib_interface/newlib_interface.c.o
LOAD CMakeFiles/hello_world.dir/home/adinata26/PICO/pico-sdk/src/rp2_common/pico_stdio/stdio.c.o
LOAD CMakeFiles/hello_world.dir/home/adinata26/PICO/pico-sdk/src/rp2_common/pico_stdio_usb/reset_interface.c.o
LOAD CMakeFiles/hello_world.dir/home/adinata26/PICO/pico-sdk/src/rp2_common/pico_stdio_usb/stdio_usb.c.o
LOAD CMakeFiles/hello_world.dir/home/adinata26/PICO/pico-sdk/src/rp2_common/pico_stdio_usb/stdio_usb_descriptors.c.o
LOAD CMakeFiles/hello_world.dir/home/adinata26/PICO/pico-sdk/src/rp2_common/pico_unique_id/unique_id.c.o
LOAD CMakeFiles/hello_world.dir/home/adinata26/PICO/pico-sdk/src/rp2_common/hardware_flash/flash.c.o
LOAD CMakeFiles/hello_world.dir/home/adinata26/PICO/pico-sdk/src/rp2_common/hardware_xip_cache/xip_cache.c.o
LOAD CMakeFiles/hello_world.dir/home/adinata26/PICO/pico-sdk/lib/tinyusb/src/portable/raspberrypi/rp2040/dcd_rp2040.c.o
LOAD CMakeFiles/hello_world.dir/home/adinata26/PICO/pico-sdk/lib/tinyusb/src/portable/raspberrypi/rp2040/rp2040_usb.c.o
LOAD CMakeFiles/hello_world.dir/home/adinata26/PICO/pico-sdk/lib/tinyusb/src/device/usbd.c.o
LOAD CMakeFiles/hello_world.dir/home/adinata26/PICO/pico-sdk/lib/tinyusb/src/device/usbd_control.c.o
LOAD CMakeFiles/hello_world.dir/home/adinata26/PICO/pico-sdk/lib/tinyusb/src/class/audio/audio_device.c.o
LOAD CMakeFiles/hello_world.dir/home/adinata26/PICO/pico-sdk/lib/tinyusb/src/class/cdc/cdc_device.c.o
LOAD CMakeFiles/hello_world.dir/home/adinata26/PICO/pico-sdk/lib/tinyusb/src/class/dfu/dfu_device.c.o
LOAD CMakeFiles/hello_world.dir/home/adinata26/PICO/pico-sdk/lib/tinyusb/src/class/dfu/dfu_rt_device.c.o
LOAD CMakeFiles/hello_world.dir/home/adinata26/PICO/pico-sdk/lib/tinyusb/src/class/hid/hid_device.c.o
LOAD CMakeFiles/hello_world.dir/home/adinata26/PICO/pico-sdk/lib/tinyusb/src/class/midi/midi_device.c.o
LOAD CMakeFiles/hello_world.dir/home/adinata26/PICO/pico-sdk/lib/tinyusb/src/class/msc/msc_device.c.o
LOAD CMakeFiles/hello_world.dir/home/adinata26/PICO/pico-sdk/lib/tinyusb/src/class/net/ecm_rndis_device.c.o
LOAD CMakeFiles/hello_world.dir/home/adinata26/PICO/pico-sdk/lib/tinyusb/src/class/net/ncm_device.c.o
LOAD CMakeFiles/hello_world.dir/home/adinata26/PICO/pico-sdk/lib/tinyusb/src/class/usbtmc/usbtmc_device.c.o
LOAD CMakeFiles/hello_world.dir/home/adinata26/PICO/pico-sdk/lib/tinyusb/src/class/vendor/vendor_device.c.o
LOAD CMakeFiles/hello_world.dir/home/adinata26/PICO/pico-sdk/lib/tinyusb/src/class/video/video_device.c.o
LOAD CMakeFiles/hello_world.dir/home/adinata26/PICO/pico-sdk/lib/tinyusb/src/tusb.c.o
LOAD CMakeFiles/hello_world.dir/home/adinata26/PICO/pico-sdk/lib/tinyusb/src/common/tusb_fifo.c.o
LOAD CMakeFiles/hello_world.dir/home/adinata26/PICO/pico-sdk/src/rp2_common/pico_fix/rp2040_usb_device_enumeration/rp2040_usb_device_enumeration.c.o
LOAD pico-sdk/src/rp2040/boot_stage2/CMakeFiles/bs2_default_library.dir/bs2_default_padded_checksummed.S.o
LOAD /usr/lib/gcc/arm-none-eabi/9.2.1/../../../arm-none-eabi/lib/thumb/v6-m/nofp/libstdc++.a
LOAD /usr/lib/gcc/arm-none-eabi/9.2.1/../../../arm-none-eabi/lib/thumb/v6-m/nofp/libm.a
START GROUP
LOAD /usr/lib/gcc/arm-none-eabi/9.2.1/thumb/v6-m/nofp/libgcc.a
LOAD /usr/lib/gcc/arm-none-eabi/9.2.1/../../../arm-none-eabi/lib/thumb/v6-m/nofp/libg.a
LOAD /usr/lib/gcc/arm-none-eabi/9.2.1/../../../arm-none-eabi/lib/thumb/v6-m/nofp/libc.a
END GROUP
START GROUP
LOAD /usr/lib/gcc/arm-none-eabi/9.2.1/thumb/v6-m/nofp/libgcc.a
LOAD /usr/lib/gcc/arm-none-eabi/9.2.1/../../../arm-none-eabi/lib/thumb/v6-m/nofp/libc.a
LOAD /usr/lib/gcc/arm-none-eabi/9.2.1/../../../arm-none-eabi/lib/thumb/v6-m/nofp/libnosys.a
END GROUP
LOAD /usr/lib/gcc/arm-none-eabi/9.2.1/thumb/v6-m/nofp/crtend.o
LOAD /usr/lib/gcc/arm-none-eabi/9.2.1/thumb/v6-m/nofp/crtn.o
OUTPUT(hello_world.elf elf32-littlearm)
LOAD linker stubs

.ARM.attributes
                0x0000000000000000       0x28
 .ARM.attributes
                0x0000000000000000       0x1e /usr/lib/gcc/arm-none-eabi/9.2.1/thumb/v6-m/nofp/crti.o
 .ARM.attributes
                0x000000000000001e       0x2c /usr/lib/gcc/arm-none-eabi/9.2.1/thumb/v6-m/nofp/crtbegin.o
 .ARM.attributes
                0x000000000000004a       0x2c CMakeFiles/hello_world.dir/hello_world.c.o
 .ARM.attributes
                0x0000000000000076       0x2c CMakeFiles/hello_world.dir/home/adinata26/PICO/pico-sdk/src/rp2040/pico_platform/platform.c.o
 .ARM.attributes
                0x00000000000000a2       0x2c CMakeFiles/hello_world.dir/home/adinata26/PICO/pico-sdk/src/rp2_common/pico_platform_panic/panic.c.o
 .ARM.attributes
                0x00000000000000ce       0x2c CMakeFiles/hello_world.dir/home/adinata26/PICO/pico-sdk/src/common/hardware_claim/claim.c.o
 .ARM.attributes
                0x00000000000000fa       0x2c CMakeFiles/hello_world.dir/home/adinata26/PICO/pico-sdk/src/rp2_common/hardware_sync/sync.c.o
 .ARM.attributes
                0x0000000000000126       0x2c CMakeFiles/hello_world.dir/home/adinata26/PICO/pico-sdk/src/rp2_common/hardware_sync_spin_lock/sync_spin_lock.c.o
 .ARM.attributes
                0x0000000000000152       0x2c CMakeFiles/hello_world.dir/home/adinata26/PICO/pico-sdk/src/rp2_common/hardware_irq/irq.c.o
 .ARM.attributes
                0x000000000000017e       0x22 CMakeFiles/hello_world.dir/home/adinata26/PICO/pico-sdk/src/rp2_common/hardware_irq/irq_handler_chain.S.o
 .ARM.attributes
                0x00000000000001a0       0x2c CMakeFiles/hello_world.dir/home/adinata26/PICO/pico-sdk/src/common/pico_sync/lock_core.c.o
 .ARM.attributes
                0x00000000000001cc       0x2c CMakeFiles/hello_world.dir/home/adinata26/PICO/pico-sdk/src/common/pico_sync/mutex.c.o
 .ARM.attributes
                0x00000000000001f8       0x2c CMakeFiles/hello_world.dir/home/adinata26/PICO/pico-sdk/src/common/pico_sync/critical_section.c.o
 .ARM.attributes
                0x0000000000000224       0x2c CMakeFiles/hello_world.dir/home/adinata26/PICO/pico-sdk/src/common/pico_time/time.c.o
 .ARM.attributes
                0x0000000000000250       0x2c CMakeFiles/hello_world.dir/home/adinata26/PICO/pico-sdk/src/rp2_common/hardware_timer/timer.c.o
 .ARM.attributes
                0x000000000000027c       0x2c CMakeFiles/hello_world.dir/home/adinata26/PICO/pico-sdk/src/rp2_common/hardware_clocks/clocks.c.o
 .ARM.attributes
                0x00000000000002a8       0x2c CMakeFiles/hello_world.dir/home/adinata26/PICO/pico-sdk/src/rp2_common/hardware_pll/pll.c.o
 .ARM.attributes
                0x00000000000002d4       0x2c CMakeFiles/hello_world.dir/home/adinata26/PICO/pico-sdk/src/rp2_common/hardware_watchdog/watchdog.c.o
 .ARM.attributes
                0x0000000000000300       0x2c CMakeFiles/hello_world.dir/home/adinata26/PICO/pico-sdk/src/rp2_common/hardware_ticks/ticks.c.o
 .ARM.attributes
                0x000000000000032c       0x2c CMakeFiles/hello_world.dir/home/adinata26/PICO/pico-sdk/src/rp2_common/pico_bootrom/bootrom.c.o
 .ARM.attributes
                0x0000000000000358       0x2c CMakeFiles/hello_world.dir/home/adinata26/PICO/pico-sdk/src/rp2_common/hardware_xosc/xosc.c.o
 .ARM.attributes
                0x0000000000000384       0x2c CMakeFiles/hello_world.dir/home/adinata26/PICO/pico-sdk/src/rp2_common/pico_runtime/runtime.c.o
 .ARM.attributes
                0x00000000000003b0       0x2c CMakeFiles/hello_world.dir/home/adinata26/PICO/pico-sdk/src/rp2_common/pico_runtime_init/runtime_init.c.o
 .ARM.attributes