Archive member included to satisfy reference by file (symbol)

/usr/lib/gcc/arm-none-eabi/9.2.1/thumb/v6-m/nofp/libgcc.a(_dvmd_tls.o)
                              CMakeFiles/withDMA.dir/home/adinata26/PICO/pico-sdk/src/rp2_common/pico_divider/divider_hardware.S.o (__aeabi_idiv0)
/usr/lib/gcc/arm-none-eabi/9.2.1/../../../arm-none-eabi/lib/thumb/v6-m/nofp/libg.a(lib_a-atexit.o)
                              /usr/lib/gcc/arm-none-eabi/9.2.1/../../../arm-none-eabi/lib/thumb/v6-m/nofp/crt0.o (atexit)
/usr/lib/gcc/arm-none-eabi/9.2.1/../../../arm-none-eabi/lib/thumb/v6-m/nofp/libg.a(lib_a-calloc.o)
                              CMakeFiles/withDMA.dir/home/adinata26/PICO/pico-sdk/src/rp2_common/pico_malloc/malloc.c.o (calloc)
/usr/lib/gcc/arm-none-eabi/9.2.1/../../../arm-none-eabi/lib/thumb/v6-m/nofp/libg.a(lib_a-callocr.o)
                              /usr/lib/gcc/arm-none-eabi/9.2.1/../../../arm-none-eabi/lib/thumb/v6-m/nofp/libg.a(lib_a-calloc.o) (_calloc_r)
/usr/lib/gcc/arm-none-eabi/9.2.1/../../../arm-none-eabi/lib/thumb/v6-m/nofp/libg.a(lib_a-fini.o)
                              /usr/lib/gcc/arm-none-eabi/9.2.1/../../../arm-none-eabi/lib/thumb/v6-m/nofp/crt0.o (__libc_fini_array)
/usr/lib/gcc/arm-none-eabi/9.2.1/../../../arm-none-eabi/lib/thumb/v6-m/nofp/libg.a(lib_a-impure.o)
                              /usr/lib/gcc/arm-none-eabi/9.2.1/../../../arm-none-eabi/lib/thumb/v6-m/nofp/libg.a(lib_a-calloc.o) (_impure_ptr)
/usr/lib/gcc/arm-none-eabi/9.2.1/../../../arm-none-eabi/lib/thumb/v6-m/nofp/libg.a(lib_a-init.o)
                              /usr/lib/gcc/arm-none-eabi/9.2.1/../../../arm-none-eabi/lib/thumb/v6-m/nofp/crt0.o (__libc_init_array)
/usr/lib/gcc/arm-none-eabi/9.2.1/../../../arm-none-eabi/lib/thumb/v6-m/nofp/libg.a(lib_a-lcltime_r.o)
                              CMakeFiles/withDMA.dir/home/adinata26/PICO/pico-sdk/src/common/pico_util/datetime.c.o (localtime_r)
/usr/lib/gcc/arm-none-eabi/9.2.1/../../../arm-none-eabi/lib/thumb/v6-m/nofp/libg.a(lib_a-malloc.o)
                              CMakeFiles/withDMA.dir/home/adinata26/PICO/pico-sdk/src/rp2_common/pico_malloc/malloc.c.o (malloc)
/usr/lib/gcc/arm-none-eabi/9.2.1/../../../arm-none-eabi/lib/thumb/v6-m/nofp/libg.a(lib_a-mallocr.o)
                              /usr/lib/gcc/arm-none-eabi/9.2.1/../../../arm-none-eabi/lib/thumb/v6-m/nofp/libg.a(lib_a-callocr.o) (_malloc_r)
/usr/lib/gcc/arm-none-eabi/9.2.1/../../../arm-none-eabi/lib/thumb/v6-m/nofp/libg.a(lib_a-memcmp.o)
                              CMakeFiles/withDMA.dir/home/adinata26/PICO/pico-sdk/src/rp2_common/pico_atomic/atomic.c.o (memcmp)
/usr/lib/gcc/arm-none-eabi/9.2.1/../../../arm-none-eabi/lib/thumb/v6-m/nofp/libg.a(lib_a-mktime.o)
                              CMakeFiles/withDMA.dir/home/adinata26/PICO/pico-sdk/src/common/pico_util/datetime.c.o (mktime)
/usr/lib/gcc/arm-none-eabi/9.2.1/../../../arm-none-eabi/lib/thumb/v6-m/nofp/libg.a(lib_a-mlock.o)
                              /usr/lib/gcc/arm-none-eabi/9.2.1/../../../arm-none-eabi/lib/thumb/v6-m/nofp/libg.a(lib_a-mallocr.o) (__malloc_lock)
/usr/lib/gcc/arm-none-eabi/9.2.1/../../../arm-none-eabi/lib/thumb/v6-m/nofp/libg.a(lib_a-month_lengths.o)
                              /usr/lib/gcc/arm-none-eabi/9.2.1/../../../arm-none-eabi/lib/thumb/v6-m/nofp/libg.a(lib_a-lcltime_r.o) (__month_lengths)
/usr/lib/gcc/arm-none-eabi/9.2.1/../../../arm-none-eabi/lib/thumb/v6-m/nofp/libg.a(lib_a-realloc.o)
                              CMakeFiles/withDMA.dir/home/adinata26/PICO/pico-sdk/src/rp2_common/pico_malloc/malloc.c.o (realloc)
/usr/lib/gcc/arm-none-eabi/9.2.1/../../../arm-none-eabi/lib/thumb/v6-m/nofp/libg.a(lib_a-reallocr.o)
                              /usr/lib/gcc/arm-none-eabi/9.2.1/../../../arm-none-eabi/lib/thumb/v6-m/nofp/libg.a(lib_a-realloc.o) (_realloc_r)
/usr/lib/gcc/arm-none-eabi/9.2.1/../../../arm-none-eabi/lib/thumb/v6-m/nofp/libg.a(lib_a-sbrkr.o)
                              /usr/lib/gcc/arm-none-eabi/9.2.1/../../../arm-none-eabi/lib/thumb/v6-m/nofp/libg.a(lib_a-mallocr.o) (_sbrk_r)
/usr/lib/gcc/arm-none-eabi/9.2.1/../../../arm-none-eabi/lib/thumb/v6-m/nofp/libg.a(lib_a-strlen-stub.o)
                              CMakeFiles/withDMA.dir/home/adinata26/PICO/pico-sdk/src/rp2_common/pico_stdio/stdio.c.o (strlen)
/usr/lib/gcc/arm-none-eabi/9.2.1/../../../arm-none-eabi/lib/thumb/v6-m/nofp/libg.a(lib_a-tzcalc_limits.o)
                              /usr/lib/gcc/arm-none-eabi/9.2.1/../../../arm-none-eabi/lib/thumb/v6-m/nofp/libg.a(lib_a-lcltime_r.o) (__tzcalc_limits)
/usr/lib/gcc/arm-none-eabi/9.2.1/../../../arm-none-eabi/lib/thumb/v6-m/nofp/libg.a(lib_a-tzlock.o)
                              /usr/lib/gcc/arm-none-eabi/9.2.1/../../../arm-none-eabi/lib/thumb/v6-m/nofp/libg.a(lib_a-lcltime_r.o) (__tz_lock)
/usr/lib/gcc/arm-none-eabi/9.2.1/../../../arm-none-eabi/lib/thumb/v6-m/nofp/libg.a(lib_a-tzset.o)
[...]
Memory Configuration

Name             Origin             Length             Attributes
FLASH            0x0000000010000000 0x0000000000200000 xr
RAM              0x0000000020000000 0x0000000000040000 xrw
SCRATCH_X        0x0000000020040000 0x0000000000001000 xrw
SCRATCH_Y        0x0000000020041000 0x0000000000001000 xrw
*default*        0x0000000000000000 0xffffffffffffffff

Linker script and memory map

LOAD /usr/lib/gcc/arm-none-eabi/9.2.1/thumb/v6-m/nofp/crti.o
LOAD /usr/lib/gcc/arm-none-eabi/9.2.1/thumb/v6-m/nofp/crtbegin.o
LOAD /usr/lib/gcc/arm-none-eabi/9.2.1/../../../arm-none-eabi/lib/thumb/v6-m/nofp/crt0.o

.flash_begin    0x0000000010000000        0x0
                0x0000000010000000                __flash_binary_start = .

.boot2          0x0000000010000000      0x100
                0x0000000010000000                __boot2_start__ = .
 *(.boot2)
 .boot2         0x0000000010000000      0x100 pico-sdk/src/rp2040/boot_stage2/CMakeFiles/bs2_default_library.dir/bs2_default_padded_checksummed.S.o
                0x0000000010000100                __boot2_end__ = .
                0x0000000000000001                ASSERT (((__boot2_end__ - __boot2_start__) == 0x100), ERROR: Pico second stage bootloader must be 256 bytes in size)

.text           0x0000000010000100     0x686c
                0x0000000010000100                __logical_binary_start = .
 *(.vectors)
 .vectors       0x0000000010000100       0xd4 CMakeFiles/withDMA.dir/home/adinata26/PICO/pico-sdk/src/rp2_common/pico_crt0/crt0.S.o
                0x0000000010000100                __vectors
                0x0000000010000100                __VECTOR_TABLE
                0x00000000100001c0                isr_invalid
                0x00000000100001c0                __default_isrs_start
                0x00000000100001c2                isr_nmi
                0x00000000100001c4                isr_hardfault
                0x00000000100001c6                isr_svcall
                0x00000000100001c8                isr_pendsv
                0x00000000100001ca                isr_systick
                0x00000000100001cc                isr_irq30
                0x00000000100001cc                __unhandled_user_irq
                0x00000000100001cc                isr_irq13
                0x00000000100001cc                isr_irq27
                0x00000000100001cc                isr_irq31
                0x00000000100001cc                isr_irq5
                0x00000000100001cc                isr_irq11
                0x00000000100001cc                isr_irq23
                0x00000000100001cc                isr_irq18
                0x00000000100001cc                isr_irq28
                0x00000000100001cc                isr_irq19
                0x00000000100001cc                isr_irq0
                0x00000000100001cc                isr_irq6
                0x00000000100001cc                isr_irq22
                0x00000000100001cc                isr_irq17
                0x00000000100001cc                isr_irq14
                0x00000000100001cc                isr_irq2
                0x00000000100001cc                isr_irq10
                0x00000000100001cc                isr_irq8
                0x00000000100001cc                isr_irq24
                0x00000000100001cc                isr_irq1
                0x00000000100001cc                isr_irq7
                0x00000000100001cc                isr_irq21
                0x00000000100001cc                isr_irq20
                0x00000000100001cc                isr_irq15
                0x00000000100001cc                isr_irq25
                0x00000000100001cc                isr_irq4
                0x00000000100001cc                isr_irq16
                0x00000000100001cc                isr_irq29
                0x00000000100001cc                isr_irq26
                0x00000000100001cc                __default_isrs_end
                0x00000000100001cc                isr_irq3
                0x00000000100001cc                isr_irq12
                0x00000000100001cc                isr_irq9
                0x00000000100001d2                unhandled_user_irq_num_in_r0
 *(.binary_info_header)
 .binary_info_header
                0x00000000100001d4       0x14 CMakeFiles/withDMA.dir/home/adinata26/PICO/pico-sdk/src/rp2_common/pico_crt0/crt0.S.o
                0x00000000100001e8                __binary_info_header_end = .
 *(.embedded_block)
                0x00000000100001e8                __embedded_block_end = .
 *(.reset)
 .reset         0x00000000100001e8       0x9c CMakeFiles/withDMA.dir/home/adinata26/PICO/pico-sdk/src/rp2_common/pico_crt0/crt0.S.o
                0x00000000100001e8                _entry_point
 *(.init)
 .init          0x0000000010000284        0x4 /usr/lib/gcc/arm-none-eabi/9.2.1/thumb/v6-m/nofp/crti.o
                0x0000000010000284                _init
 *(EXCLUDE_FILE(*libm.a: *libc.a:*lib_a-mem*.o *libgcc.a:) .text*)
 .text          0x0000000010000288       0x98 /usr/lib/gcc/arm-none-eabi/9.2.1/thumb/v6-m/nofp/crtbegin.o
 .text.startup.main
                0x0000000010000320       0xa8 CMakeFiles/withDMA.dir/withDMA.c.o
                0x0000000010000320                main
 .text.rp2040_chip_version
                0x00000000100003c8        0xc CMakeFiles/withDMA.dir/home/adinata26/PICO/pico-sdk/src/rp2040/pico_platform/platform.c.o
                0x00000000100003c8                rp2040_chip_version
 .text.panic    0x00000000100003d4       0x30 CMakeFiles/withDMA.dir/home/adinata26/PICO/pico-sdk/src/rp2_common/pico_platform_panic/panic.c.o
                0x00000000100003d4                panic
 .text.hw_claim_or_assert
                0x0000000010000404       0x48 CMakeFiles/withDMA.dir/home/adinata26/PICO/pico-sdk/src/common/hardware_claim/claim.c.o
                0x0000000010000404                hw_claim_or_assert
 .text.hw_claim_unused_from_range
                0x000000001000044c       0x9c CMakeFiles/withDMA.dir/home/adinata26/PICO/pico-sdk/src/common/hardware_claim/claim.c.o
                0x000000001000044c                hw_claim_unused_from_range
 .text.hw_claim_clear
                0x00000000100004e8       0x38 CMakeFiles/withDMA.dir/home/adinata26/PICO/pico-sdk/src/common/hardware_claim/claim.c.o
                0x00000000100004e8                hw_claim_clear
 .text.next_striped_spin_lock_num
                0x0000000010000520       0x18 CMakeFiles/withDMA.dir/home/adinata26/PICO/pico-sdk/src/rp2_common/hardware_sync/sync.c.o
                0x0000000010000520                next_striped_spin_lock_num
 .text.spin_lock_claim_unused
                0x0000000010000538       0x20 CMakeFiles/withDMA.dir/home/adinata26/PICO/pico-sdk/src/rp2_common/hardware_sync/sync.c.o
                0x0000000010000538                spin_lock_claim_unused
 .text.spin_locks_reset
                0x0000000010000558       0x1c CMakeFiles/withDMA.dir/home/adinata26/PICO/pico-sdk/src/rp2_common/hardware_sync_spin_lock/sync_spin_lock.c.o
                0x0000000010000558                spin_locks_reset
 .text.runtime_init_per_core_irq_priorities
                0x0000000010000574       0x24 CMakeFiles/withDMA.dir/home/adinata26/PICO/pico-sdk/src/rp2_common/hardware_irq/irq.c.o
                0x0000000010000574                runtime_init_per_core_irq_priorities
 .text.irq_set_enabled
                0x0000000010000598       0x24 CMakeFiles/withDMA.dir/home/adinata26/PICO/pico-sdk/src/rp2_common/hardware_irq/irq.c.o
                0x0000000010000598                irq_set_enabled
 .text.irq_is_enabled
                0x00000000100005bc       0x18 CMakeFiles/withDMA.dir/home/adinata26/PICO/pico-sdk/src/rp2_common/hardware_irq/irq.c.o
                0x00000000100005bc                irq_is_enabled
 .text.irq_set_pending
                0x00000000100005d4       0x10 CMakeFiles/withDMA.dir/home/adinata26/PICO/pico-sdk/src/rp2_common/hardware_irq/irq.c.o
                0x00000000100005d4                irq_set_pending
 .text.irq_has_shared_handler
                0x00000000100005e4       0x2c CMakeFiles/withDMA.dir/home/adinata26/PICO/pico-sdk/src/rp2_common/hardware_irq/irq.c.o
                0x00000000100005e4                irq_has_shared_handler
 .text.irq_set_exclusive_handler
                0x0000000010000610       0x54 CMakeFiles/withDMA.dir/home/adinata26/PICO/pico-sdk/src/rp2_common/hardware_irq/irq.c.o
                0x0000000010000610                irq_set_exclusive_handler
 .text.irq_add_shared_handler
                0x0000000010000664      0x1c4 CMakeFiles/withDMA.dir/home/adinata26/PICO/pico-sdk/src/rp2_common/hardware_irq/irq.c.o
                0x0000000010000664                irq_add_shared_handler
 .text.irq_add_tail_to_free_list
                0x0000000010000828       0xb4 CMakeFiles/withDMA.dir/home/adinata26/PICO/pico-sdk/src/rp2_common/hardware_irq/irq.c.o
                0x0000000010000828                irq_add_tail_to_free_list
 .text.user_irq_claim_unused
                0x00000000100008dc       0x28 CMakeFiles/withDMA.dir/home/adinata26/PICO/pico-sdk/src/rp2_common/hardware_irq/irq.c.o
                0x00000000100008dc                user_irq_claim_unused
 .text.lock_init
                0x0000000010000904       0x10 CMakeFiles/withDMA.dir/home/adinata26/PICO/pico-sdk/src/common/pico_sync/lock_core.c.o
                0x0000000010000904                lock_init
 .text.runtime_init_mutex
                0x0000000010000914       0x58 CMakeFiles/withDMA.dir/home/adinata26/PICO/pico-sdk/src/common/pico_sync/mutex.c.o
                0x0000000010000914                runtime_init_mutex
 .text.mutex_init
                0x000000001000096c       0x1c CMakeFiles/withDMA.dir/home/adinata26/PICO/pico-sdk/src/common/pico_sync/mutex.c.o
                0x000000001000096c                mutex_init
 .text.critical_section_init
                0x0000000010000988       0x1c CMakeFiles/withDMA.dir/home/adinata26/PICO/pico-sdk/src/common/pico_sync/critical_section.c.o
                0x0000000010000988                critical_section_init
 .text.critical_section_init_with_lock_num
                0x00000000100009a4       0x14 CMakeFiles/withDMA.dir/home/adinata26/PICO/pico-sdk/src/common/pico_sync/critical_section.c.o
                0x00000000100009a4                critical_section_init_with_lock_num
 .text.sleep_until_callback
                0x00000000100009b8       0x30 CMakeFiles/withDMA.dir/home/adinata26/PICO/pico-sdk/src/common/pico_time/time.c.o
 .text.alarm_pool_irq_handler
                0x00000000100009e8      0x30c CMakeFiles/withDMA.dir/home/adinata26/PICO/pico-sdk/src/common/pico_time/time.c.o
 .text.runtime_init_default_alarm_pool
                0x0000000010000cf4       0xdc CMakeFiles/withDMA.dir/home/adinata26/PICO/pico-sdk/src/common/pico_time/time.c.o
                0x0000000010000cf4                runtime_init_default_alarm_pool
 .text.alarm_pool_get_default
                0x0000000010000dd0        0x8 CMakeFiles/withDMA.dir/home/adinata26/PICO/pico-sdk/src/common/pico_time/time.c.o
                0x0000000010000dd0                alarm_pool_get_default
 .text.alarm_pool_add_alarm_at
                0x0000000010000dd8       0xc8 CMakeFiles/withDMA.dir/home/adinata26/PICO/pico-sdk/src/common/pico_time/time.c.o
                0x0000000010000dd8                alarm_pool_add_alarm_at
 .text.alarm_pool_add_alarm_at_force_in_context
                0x0000000010000ea0       0xa8 CMakeFiles/withDMA.dir/home/adinata26/PICO/pico-sdk/src/common/pico_time/time.c.o
                0x0000000010000ea0                alarm_pool_add_alarm_at_force_in_context
 .text.alarm_pool_cancel_alarm
                0x0000000010000f48       0x7c CMakeFiles/withDMA.dir/home/adinata26/PICO/pico-sdk/src/common/pico_time/time.c.o
                0x0000000010000f48                alarm_pool_cancel_alarm
 .text.alarm_pool_core_num
                0x0000000010000fc4        0x4 CMakeFiles/withDMA.dir/home/adinata26/PICO/pico-sdk/src/common/pico_time/time.c.o
                0x0000000010000fc4                alarm_pool_core_num
 .text.sleep_until
                0x0000000010000fc8       0xd0 CMakeFiles/withDMA.dir/home/adinata26/PICO/pico-sdk/src/common/pico_time/time.c.o
                0x0000000010000fc8                sleep_until
 .text.sleep_ms
                0x0000000010001098       0x34 CMakeFiles/withDMA.dir/home/adinata26/PICO/pico-sdk/src/common/pico_time/time.c.o
                0x0000000010001098                sleep_ms
 .text.best_effort_wfe_or_timeout
                0x00000000100010cc       0xe0 CMakeFiles/withDMA.dir/home/adinata26/PICO/pico-sdk/src/common/pico_time/time.c.o
                0x00000000100010cc                best_effort_wfe_or_timeout
 .text.timer_hardware_alarm_claim
                0x00000000100011ac       0x14 CMakeFiles/withDMA.dir/home/adinata26/PICO/pico-sdk/src/rp2_common/hardware_timer/timer.c.o
                0x00000000100011ac                timer_hardware_alarm_claim
 .text.timer_time_us_64
                0x00000000100011c0       0x10 CMakeFiles/withDMA.dir/home/adinata26/PICO/pico-sdk/src/rp2_common/hardware_timer/timer.c.o
                0x00000000100011c0                timer_time_us_64
 .text.time_us_64
                0x00000000100011d0       0x14 CMakeFiles/withDMA.dir/home/adinata26/PICO/pico-sdk/src/rp2_common/hardware_timer/timer.c.o
                0x00000000100011d0                time_us_64
 .text.busy_wait_until
                0x00000000100011e4       0x20 CMakeFiles/withDMA.dir/home/adinata26/PICO/pico-sdk/src/rp2_common/hardware_timer/timer.c.o
                0x00000000100011e4                busy_wait_until
 .text.clock_configure_int_divider
                0x0000000010001204       0xf4 CMakeFiles/withDMA.dir/home/adinata26/PICO/pico-sdk/src/rp2_common/hardware_clocks/clocks.c.o
                0x0000000010001204                clock_configure_int_divider
 .text.clock_configure_undivided
                0x00000000100012f8       0xe4 CMakeFiles/withDMA.dir/home/adinata26/PICO/pico-sdk/src/rp2_common/hardware_clocks/clocks.c.o
                0x00000000100012f8                clock_configure_undivided
 .text.clock_get_hz
                0x00000000100013dc        0xc CMakeFiles/withDMA.dir/home/adinata26/PICO/pico-sdk/src/rp2_common/hardware_clocks/clocks.c.o
                0x00000000100013dc                clock_get_hz
 .text.pll_init
                0x00000000100013e8       0xa0 CMakeFiles/withDMA.dir/home/adinata26/PICO/pico-sdk/src/rp2_common/hardware_pll/pll.c.o
                0x00000000100013e8                pll_init
 .text.watchdog_reboot
                0x0000000010001488       0x98 CMakeFiles/withDMA.dir/home/adinata26/PICO/pico-sdk/src/rp2_common/hardware_watchdog/watchdog.c.o
                0x0000000010001488                watchdog_reboot
 .text.tick_start
                0x0000000010001520       0x10 CMakeFiles/withDMA.dir/home/adinata26/PICO/pico-sdk/src/rp2_common/hardware_ticks/ticks.c.o
                0x0000000010001520                tick_start
 .text.rom_func_lookup
                0x0000000010001530       0x10 CMakeFiles/withDMA.dir/home/adinata26/PICO/pico-sdk/src/rp2_common/pico_bootrom/bootrom.c.o
                0x0000000010001530                rom_func_lookup
 .text.rom_data_lookup
                0x0000000010001540       0x10 CMakeFiles/withDMA.dir/home/adinata26/PICO/pico-sdk/src/rp2_common/pico_bootrom/bootrom.c.o
                0x0000000010001540                rom_data_lookup
 .text.rom_funcs_lookup
                0x0000000010001550       0x3c CMakeFiles/withDMA.dir/home/adinata26/PICO/pico-sdk/src/rp2_common/pico_bootrom/bootrom.c.o
                0x0000000010001550                rom_funcs_lookup
 .text.rom_reset_usb_boot_extra
                0x000000001000158c       0x28 CMakeFiles/withDMA.dir/home/adinata26/PICO/pico-sdk/src/rp2_common/pico_bootrom/bootrom.c.o
                0x000000001000158c                rom_reset_usb_boot_extra
 .text.xosc_init
                0x00000000100015b4       0x28 CMakeFiles/withDMA.dir/home/adinata26/PICO/pico-sdk/src/rp2_common/hardware_xosc/xosc.c.o
                0x00000000100015b4                xosc_init
 .text.first_per_core_initializer
                0x00000000100015dc        0x4 CMakeFiles/withDMA.dir/home/adinata26/PICO/pico-sdk/src/rp2_common/pico_runtime/runtime.c.o
 .text.hard_assertion_failure
                0x00000000100015e0        0xc CMakeFiles/withDMA.dir/home/adinata26/PICO/pico-sdk/src/rp2_common/pico_runtime/runtime.c.o
                0x00000000100015e0                hard_assertion_failure
 .text.runtime_run_initializers
                0x00000000100015ec       0x28 CMakeFiles/withDMA.dir/home/adinata26/PICO/pico-sdk/src/rp2_common/pico_runtime/runtime.c.o
                0x00000000100015ec                runtime_run_initializers
 .text.runtime_init_early_resets
                0x0000000010001614       0x2c CMakeFiles/withDMA.dir/home/adinata26/PICO/pico-sdk/src/rp2_common/pico_runtime_init/runtime_init.c.o
                0x0000000010001614                runtime_init_early_resets
 .text.runtime_init_usb_power_down
                0x0000000010001640       0x1c CMakeFiles/withDMA.dir/home/adinata26/PICO/pico-sdk/src/rp2_common/pico_runtime_init/runtime_init.c.o
                0x0000000010001640                runtime_init_usb_power_down
 .text.runtime_init_post_clock_resets
                0x000000001000165c       0x20 CMakeFiles/withDMA.dir/home/adinata26/PICO/pico-sdk/src/rp2_common/pico_runtime_init/runtime_init.c.o
                0x000000001000165c                runtime_init_post_clock_resets
 .text.runtime_init_rp2040_gpio_ie_disable
                0x000000001000167c       0x14 CMakeFiles/withDMA.dir/home/adinata26/PICO/pico-sdk/src/rp2_common/pico_runtime_init/runtime_init.c.o
                0x000000001000167c                runtime_init_rp2040_gpio_ie_disable
 .text.runtime_init_spin_locks_reset
                0x0000000010001690        0x8 CMakeFiles/withDMA.dir/home/adinata26/PICO/pico-sdk/src/rp2_common/pico_runtime_init/runtime_init.c.o
                0x0000000010001690                runtime_init_spin_locks_reset
 .text.runtime_init_install_ram_vector_table
                0x0000000010001698       0x1c CMakeFiles/withDMA.dir/home/adinata26/PICO/pico-sdk/src/rp2_common/pico_runtime_init/runtime_init.c.o
                0x0000000010001698                runtime_init_install_ram_vector_table
 .text.runtime_init_clocks
                0x00000000100016b4       0xd8 CMakeFiles/withDMA.dir/home/adinata26/PICO/pico-sdk/src/rp2_common/pico_runtime_init/runtime_init_clocks.c.o
                0x00000000100016b4                runtime_init_clocks
 .text          0x000000001000178c       0x10 CMakeFiles/withDMA.dir/home/adinata26/PICO/pico-sdk/src/rp2_common/pico_bit_ops/bit_ops_aeabi.S.o
 .text.__wrap___aeabi_idiv
                0x000000001000179c       0x50 CMakeFiles/withDMA.dir/home/adinata26/PICO/pico-sdk/src/rp2_common/pico_divider/divider_hardware.S.o
                0x000000001000179c                __wrap___aeabi_idivmod
                0x000000001000179c                divmod_s32s32
                0x000000001000179c                div_s32s32
                0x000000001000179c                __wrap___aeabi_idiv
                0x00000000100017a4                divmod_s32s32_unsafe
                0x00000000100017d0                divmod_s32s32_savestate
 .text.__wrap___aeabi_uidiv
                0x00000000100017ec       0x4c CMakeFiles/withDMA.dir/home/adinata26/PICO/pico-sdk/src/rp2_common/pico_divider/divider_hardware.S.o
                0x00000000100017ec                __wrap___aeabi_uidiv
                0x00000000100017ec                __wrap___aeabi_uidivmod
                0x00000000100017ec                div_u32u32
                0x00000000100017ec                divmod_u32u32
                0x00000000100017f4                divmod_u32u32_unsafe
                0x000000001000181c                divmod_u32u32_savestate
 .text.__wrap___aeabi_ldiv
                0x0000000010001838      0x424 CMakeFiles/withDMA.dir/home/adinata26/PICO/pico-sdk/src/rp2_common/pico_divider/divider_hardware.S.o
                0x0000000010001838                div_s64s64
                0x0000000010001838                divmod_s64s64
                0x0000000010001838                __wrap___aeabi_ldivmod
                0x0000000010001868                div_u64u64
                0x0000000010001868                divmod_u64u64
                0x0000000010001868                __wrap___aeabi_uldivmod
                0x0000000010001878                divmod_u64u64_savestate
                0x0000000010001898                divmod_s64s64_unsafe
                0x0000000010001920                divmod_u64u64_unsafe
 .text.__wrap___aeabi_darithmetic
                0x0000000010001c5c       0x80 CMakeFiles/withDMA.dir/home/adinata26/PICO/pico-sdk/src/rp2_common/pico_double/double_aeabi_rp2040.S.o
                0x0000000010001c5c                __wrap___aeabi_drsub
                0x0000000010001c62                __wrap___aeabi_dsub
                0x0000000010001c74                __wrap___aeabi_dadd
                0x0000000010001c86                __wrap___aeabi_ddiv
                0x0000000010001cc2                __wrap___aeabi_dmul
 .text.__wrap___aeabi_cdcmple
                0x0000000010001cdc       0x6c CMakeFiles/withDMA.dir/home/adinata26/PICO/pico-sdk/src/rp2_common/pico_double/double_aeabi_rp2040.S.o
                0x0000000010001cdc                __wrap___aeabi_cdrcmple
                0x0000000010001cec                __wrap___aeabi_cdcmple
                0x0000000010001cec                __wrap___aeabi_cdcmpeq
 .text.__wrap___aeabi_dcmplt
                0x0000000010001d48        0xc CMakeFiles/withDMA.dir/home/adinata26/PICO/pico-sdk/src/rp2_common/pico_double/double_aeabi_rp2040.S.o
                0x0000000010001d48                __wrap___aeabi_dcmplt
 .text.__wrap___aeabi_dcmple
                0x0000000010001d54       0x10 CMakeFiles/withDMA.dir/home/adinata26/PICO/pico-sdk/src/rp2_common/pico_double/double_aeabi_rp2040.S.o
                0x0000000010001d54                __wrap___aeabi_dcmple
 .text.__wrap___aeabi_dcmpge
                0x0000000010001d64       0x10 CMakeFiles/withDMA.dir/home/adinata26/PICO/pico-sdk/src/rp2_common/pico_double/double_aeabi_rp2040.S.o
                0x0000000010001d64                __wrap___aeabi_dcmpge
 .text.__wrap___aeabi_dcmpgt
                0x0000000010001d74        0xa CMakeFiles/withDMA.dir/home/adinata26/PICO/pico-sdk/src/rp2_common/pico_double/double_aeabi_rp2040.S.o
                0x0000000010001d74                __wrap___aeabi_dcmpgt
 .text.__wrap___aeabi_dcmpun
                0x0000000010001d7e       0x18 CMakeFiles/withDMA.dir/home/adinata26/PICO/pico-sdk/src/rp2_common/pico_double/double_aeabi_rp2040.S.o
                0x0000000010001d7e                __wrap___aeabi_dcmpun
 *fill*         0x0000000010001d96        0x2 
 .text.__wrap___aeabi_i2d
                0x0000000010001d98       0x38 CMakeFiles/withDMA.dir/home/adinata26/PICO/pico-sdk/src/rp2_common/pico_double/double_aeabi_rp2040.S.o
                0x0000000010001d98                __wrap___aeabi_ui2d
                0x0000000010001da0                __wrap___aeabi_i2d
 .text.__wrap___aeabi_d2iz
                0x0000000010001dd0       0x48 CMakeFiles/withDMA.dir/home/adinata26/PICO/pico-sdk/src/rp2_common/pico_double/double_aeabi_rp2040.S.o
                0x0000000010001dd0                __wrap___aeabi_d2iz
                0x0000000010001dd0                double2int_z
 .text.__wrap___aeabi_d2uiz
                0x0000000010001e18       0x18 CMakeFiles/withDMA.dir/home/adinata26/PICO/pico-sdk/src/rp2_common/pico_double/double_aeabi_rp2040.S.o
                0x0000000010001e18                double2uint
                0x0000000010001e18                __wrap___aeabi_d2uiz
 .text.__aeabi_double_init
                0x0000000010001e30       0xcc CMakeFiles/withDMA.dir/home/adinata26/PICO/pico-sdk/src/rp2_common/pico_double/double_init_rom_rp2040.c.o
                0x0000000010001e30                __aeabi_double_init
 .text.double_table_shim_on_use_helper
                0x0000000010001efc       0x2c CMakeFiles/withDMA.dir/home/adinata26/PICO/pico-sdk/src/rp2_common/pico_double/double_v1_rom_shim_rp2040.S.o
                0x0000000010001efc                double_table_shim_on_use_helper
 .text.__wrap___aeabi_dsub
                0x0000000010001f28       0x10 CMakeFiles/withDMA.dir/home/adinata26/PICO/pico-sdk/src/rp2_common/pico_double/double_v1_rom_shim_rp2040.S.o
                0x0000000010001f28                drsub_shim
                0x0000000010001f2e                dsub_shim
 .text.dadd_shim
                0x0000000010001f38      0x15c CMakeFiles/withDMA.dir/home/adinata26/PICO/pico-sdk/src/rp2_common/pico_double/double_v1_rom_shim_rp2040.S.o
                0x0000000010001f38                dadd_shim
 .text.dmul_shim
                0x0000000010002094      0x15c CMakeFiles/withDMA.dir/home/adinata26/PICO/pico-sdk/src/rp2_common/pico_double/double_v1_rom_shim_rp2040.S.o
                0x0000000010002094                dmul_shim
 .text.ddiv_shim
                0x00000000100021f0      0x1b0 CMakeFiles/withDMA.dir/home/adinata26/PICO/pico-sdk/src/rp2_common/pico_double/double_v1_rom_shim_rp2040.S.o
                0x00000000100021f0                ddiv_shim
 .text.double2uint_shim
                0x00000000100023a0        0xe CMakeFiles/withDMA.dir/home/adinata26/PICO/pico-sdk/src/rp2_common/pico_double/double_v1_rom_shim_rp2040.S.o
                0x00000000100023a0                double2uint_shim
                0x00000000100023a2                double2ufix_shim
 *fill*         0x00000000100023ae        0x2 
 .text.double2uint64_shim
                0x00000000100023b0       0x70 CMakeFiles/withDMA.dir/home/adinata26/PICO/pico-sdk/src/rp2_common/pico_double/double_v1_rom_shim_rp2040.S.o
                0x00000000100023b0                double2uint64_shim
                0x00000000100023b2                double2ufix64_shim
                0x00000000100023d2                d2fix_a
 .text.dunpacks
                0x0000000010002420       0x3c CMakeFiles/withDMA.dir/home/adinata26/PICO/pico-sdk/src/rp2_common/pico_double/double_v1_rom_shim_rp2040.S.o
                0x0000000010002420                dunpacks
 .text.__aeabi_lmul
                0x000000001000245c       0x32 CMakeFiles/withDMA.dir/home/adinata26/PICO/pico-sdk/src/rp2_common/pico_int64_ops/pico_int64_ops_aeabi.S.o
                0x000000001000245c                __wrap___aeabi_lmul
 *fill*         0x000000001000248e        0x2 
 .text.__aeabi_float_init
                0x0000000010002490       0x64 CMakeFiles/withDMA.dir/home/adinata26/PICO/pico-sdk/src/rp2_common/pico_float/float_init_rom_rp2040.c.o
                0x0000000010002490                __aeabi_float_init
 .text.float_table_shim_on_use_helper
                0x00000000100024f4       0x2c CMakeFiles/withDMA.dir/home/adinata26/PICO/pico-sdk/src/rp2_common/pico_float/float_v1_rom_shim_rp2040.S.o
                0x00000000100024f4                float_table_shim_on_use_helper
 .text          0x0000000010002520       0x10 CMakeFiles/withDMA.dir/home/adinata26/PICO/pico-sdk/src/rp2_common/pico_mem_ops/mem_ops_aeabi.S.o
                0x0000000010002520                __aeabi_mem_init
 .text.memset   0x0000000010002530        0xc CMakeFiles/withDMA.dir/home/adinata26/PICO/pico-sdk/src/rp2_common/pico_mem_ops/mem_ops_aeabi.S.o
                0x0000000010002530                __wrap_memset
 .text.memcpy   0x000000001000253c        0xc CMakeFiles/withDMA.dir/home/adinata26/PICO/pico-sdk/src/rp2_common/pico_mem_ops/mem_ops_aeabi.S.o
                0x000000001000253c                __wrap___aeabi_memcpy
                0x000000001000253c                __wrap_memcpy
 .text._out_null
                0x0000000010002548        0x4 CMakeFiles/withDMA.dir/home/adinata26/PICO/pico-sdk/src/rp2_common/pico_printf/printf.c.o
 .text._out_rev
                0x000000001000254c       0xd0 CMakeFiles/withDMA.dir/home/adinata26/PICO/pico-sdk/src/rp2_common/pico_printf/printf.c.o
 .text._ntoa_format
                0x000000001000261c      0x1d0 CMakeFiles/withDMA.dir/home/adinata26/PICO/pico-sdk/src/rp2_common/pico_printf/printf.c.o
 .text._out_char
                0x00000000100027ec       0x10 CMakeFiles/withDMA.dir/home/adinata26/PICO/pico-sdk/src/rp2_common/pico_printf/printf.c.o
 .text._out_fct
                0x00000000100027fc       0x10 CMakeFiles/withDMA.dir/home/adinata26/PICO/pico-sdk/src/rp2_common/pico_printf/printf.c.o
 .text._etoa    0x000000001000280c      0x478 CMakeFiles/withDMA.dir/home/adinata26/PICO/pico-sdk/src/rp2_common/pico_printf/printf.c.o
 .text._ftoa    0x0000000010002c84      0x3e0 CMakeFiles/withDMA.dir/home/adinata26/PICO/pico-sdk/src/rp2_common/pico_printf/printf.c.o
 .text._vsnprintf
                0x0000000010003064      0xb08 CMakeFiles/withDMA.dir/home/adinata26/PICO/pico-sdk/src/rp2_common/pico_printf/printf.c.o
 .text.vfctprintf
                0x0000000010003b6c       0x20 CMakeFiles/withDMA.dir/home/adinata26/PICO/pico-sdk/src/rp2_common/pico_printf/printf.c.o
                0x0000000010003b6c                vfctprintf
 .text.weak_raw_vprintf
                0x0000000010003b8c       0x30 CMakeFiles/withDMA.dir/home/adinata26/PICO/pico-sdk/src/rp2_common/pico_printf/printf.c.o
                0x0000000010003b8c                weak_raw_vprintf
 .text._exit    0x0000000010003bbc        0x4 CMakeFiles/withDMA.dir/home/adinata26/PICO/pico-sdk/src/rp2_common/pico_clib_interface/newlib_interface.c.o
                0x0000000010003bbc                _exit
 .text.exit     0x0000000010003bc0        0x8 CMakeFiles/withDMA.dir/home/adinata26/PICO/pico-sdk/src/rp2_common/pico_clib_interface/newlib_interface.c.o
                0x0000000010003bc0                exit
 .text.runtime_init
                0x0000000010003bc8       0x2c CMakeFiles/withDMA.dir/home/adinata26/PICO/pico-sdk/src/rp2_common/pico_clib_interface/newlib_interface.c.o
                0x0000000010003bc8                runtime_init
 .text.stdio_out_chars_no_crlf
                0x0000000010003bf4       0x10 CMakeFiles/withDMA.dir/home/adinata26/PICO/pico-sdk/src/rp2_common/pico_stdio/stdio.c.o
 .text.stdio_out_chars_crlf
                0x0000000010003c04       0x94 CMakeFiles/withDMA.dir/home/adinata26/PICO/pico-sdk/src/rp2_common/pico_stdio/stdio.c.o
 .text.stdio_buffered_printer
                0x0000000010003c98       0x64 CMakeFiles/withDMA.dir/home/adinata26/PICO/pico-sdk/src/rp2_common/pico_stdio/stdio.c.o
 .text.stdio_put_string
                0x0000000010003cfc      0x100 CMakeFiles/withDMA.dir/home/adinata26/PICO/pico-sdk/src/rp2_common/pico_stdio/stdio.c.o
                0x0000000010003cfc                stdio_put_string
 .text.stdio_set_driver_enabled
                0x0000000010003dfc       0x30 CMakeFiles/withDMA.dir/home/adinata26/PICO/pico-sdk/src/rp2_common/pico_stdio/stdio.c.o
                0x0000000010003dfc                stdio_set_driver_enabled
 .text.stdio_init_all
                0x0000000010003e2c        0x8 CMakeFiles/withDMA.dir/home/adinata26/PICO/pico-sdk/src/rp2_common/pico_stdio/stdio.c.o
                0x0000000010003e2c                stdio_init_all
 .text.__wrap_putchar
                0x0000000010003e34       0x98 CMakeFiles/withDMA.dir/home/adinata26/PICO/pico-sdk/src/rp2_common/pico_stdio/stdio.c.o
                0x0000000010003e34                stdio_putchar
                0x0000000010003e34                __wrap_putchar
 .text.__wrap_puts
                0x0000000010003ecc       0x3c CMakeFiles/withDMA.dir/home/adinata26/PICO/pico-sdk/src/rp2_common/pico_stdio/stdio.c.o
                0x0000000010003ecc                __wrap_puts
                0x0000000010003ecc                stdio_puts
 .text.__wrap_vprintf
                0x0000000010003f08       0xd8 CMakeFiles/withDMA.dir/home/adinata26/PICO/pico-sdk/src/rp2_common/pico_stdio/stdio.c.o
                0x0000000010003f08                __wrap_vprintf
                0x0000000010003f08                stdio_vprintf
 .text.__wrap_printf
                0x0000000010003fe0       0x18 CMakeFiles/withDMA.dir/home/adinata26/PICO/pico-sdk/src/rp2_common/pico_stdio/stdio.c.o
                0x0000000010003fe0                stdio_printf
                0x0000000010003fe0                __wrap_printf
 .text.resetd_init
                0x0000000010003ff8        0x4 CMakeFiles/withDMA.dir/home/adinata26/PICO/pico-sdk/src/rp2_common/pico_stdio_usb/reset_interface.c.o
 .text.resetd_reset
                0x0000000010003ffc        0xc CMakeFiles/withDMA.dir/home/adinata26/PICO/pico-sdk/src/rp2_common/pico_stdio_usb/reset_interface.c.o
 .text.resetd_open
                0x0000000010004008       0x28 CMakeFiles/withDMA.dir/home/adinata26/PICO/pico-sdk/src/rp2_common/pico_stdio_usb/reset_interface.c.o
 .text.resetd_xfer_cb
                0x0000000010004030        0x4 CMakeFiles/withDMA.dir/home/adinata26/PICO/pico-sdk/src/rp2_common/pico_stdio_usb/reset_interface.c.o
 .text.resetd_control_xfer_cb
                0x0000000010004034       0x60 CMakeFiles/withDMA.dir/home/adinata26/PICO/pico-sdk/src/rp2_common/pico_stdio_usb/reset_interface.c.o
 .text.tud_descriptor_bos_cb
                0x0000000010004094        0x8 CMakeFiles/withDMA.dir/home/adinata26/PICO/pico-sdk/src/rp2_common/pico_stdio_usb/reset_interface.c.o
                0x0000000010004094                tud_descriptor_bos_cb
 .text.tud_vendor_control_xfer_cb
                0x000000001000409c       0x34 CMakeFiles/withDMA.dir/home/adinata26/PICO/pico-sdk/src/rp2_common/pico_stdio_usb/reset_interface.c.o
                0x000000001000409c                tud_vendor_control_xfer_cb
 .text.usbd_app_driver_get_cb
                0x00000000100040d0        0xc CMakeFiles/withDMA.dir/home/adinata26/PICO/pico-sdk/src/rp2_common/pico_stdio_usb/reset_interface.c.o
                0x00000000100040d0                usbd_app_driver_get_cb
 .text.tud_cdc_line_coding_cb
                0x00000000100040dc       0x2c CMakeFiles/withDMA.dir/home/adinata26/PICO/pico-sdk/src/rp2_common/pico_stdio_usb/reset_interface.c.o
                0x00000000100040dc                tud_cdc_line_coding_cb
 .text.stdio_usb_set_chars_available_callback
                0x0000000010004108       0x14 CMakeFiles/withDMA.dir/home/adinata26/PICO/pico-sdk/src/rp2_common/pico_stdio_usb/stdio_usb.c.o
                0x0000000010004108                stdio_usb_set_chars_available_callback
 .text.usb_irq  0x000000001000411c       0x10 CMakeFiles/withDMA.dir/home/adinata26/PICO/pico-sdk/src/rp2_common/pico_stdio_usb/stdio_usb.c.o
 .text.timer_task
                0x000000001000412c       0x64 CMakeFiles/withDMA.dir/home/adinata26/PICO/pico-sdk/src/rp2_common/pico_stdio_usb/stdio_usb.c.o
 .text.stdio_usb_in_chars
                0x0000000010004190       0x90 CMakeFiles/withDMA.dir/home/adinata26/PICO/pico-sdk/src/rp2_common/pico_stdio_usb/stdio_usb.c.o
                0x0000000010004190                stdio_usb_in_chars
 .text.stdio_usb_out_flush
                0x0000000010004220       0x50 CMakeFiles/withDMA.dir/home/adinata26/PICO/pico-sdk/src/rp2_common/pico_stdio_usb/stdio_usb.c.o
 .text.stdio_usb_out_chars
                0x0000000010004270      0x100 CMakeFiles/withDMA.dir/home/adinata26/PICO/pico-sdk/src/rp2_common/pico_stdio_usb/stdio_usb.c.o
 .text.low_priority_worker_irq
                0x0000000010004370       0xc8 CMakeFiles/withDMA.dir/home/adinata26/PICO/pico-sdk/src/rp2_common/pico_stdio_usb/stdio_usb.c.o
 .text.stdio_usb_init
                0x0000000010004438       0xe4 CMakeFiles/withDMA.dir/home/adinata26/PICO/pico-sdk/src/rp2_common/pico_stdio_usb/stdio_usb.c.o
                0x0000000010004438                stdio_usb_init
 .text.tud_descriptor_device_cb
                0x000000001000451c        0x8 CMakeFiles/withDMA.dir/home/adinata26/PICO/pico-sdk/src/rp2_common/pico_stdio_usb/stdio_usb_descriptors.c.o
                0x000000001000451c                tud_descriptor_device_cb
 .text.tud_descriptor_configuration_cb
                0x0000000010004524        0x8 CMakeFiles/withDMA.dir/home/adinata26/PICO/pico-sdk/src/rp2_common/pico_stdio_usb/stdio_usb_descriptors.c.o
                0x0000000010004524                tud_descriptor_configuration_cb
 .text.tud_descriptor_string_cb
                0x000000001000452c       0x70 CMakeFiles/withDMA.dir/home/adinata26/PICO/pico-sdk/src/rp2_common/pico_stdio_usb/stdio_usb_descriptors.c.o
                0x000000001000452c                tud_descriptor_string_cb
 .text.startup._retrieve_unique_id_on_boot
                0x000000001000459c       0x10 CMakeFiles/withDMA.dir/home/adinata26/PICO/pico-sdk/src/rp2_common/pico_unique_id/unique_id.c.o
 .text.pico_get_unique_board_id_string
                0x00000000100045ac      0x1bc CMakeFiles/withDMA.dir/home/adinata26/PICO/pico-sdk/src/rp2_common/pico_unique_id/unique_id.c.o
                0x00000000100045ac                pico_get_unique_board_id_string
 .text.flash_get_unique_id
                0x0000000010004768       0x40 CMakeFiles/withDMA.dir/home/adinata26/PICO/pico-sdk/src/rp2_common/hardware_flash/flash.c.o
                0x0000000010004768                flash_get_unique_id
 .text.dcd_init
                0x00000000100047a8       0x94 CMakeFiles/withDMA.dir/home/adinata26/PICO/pico-sdk/lib/tinyusb/src/portable/raspberrypi/rp2040/dcd_rp2040.c.o
                0x00000000100047a8                dcd_init
 .text.dcd_int_enable
                0x000000001000483c        0xc CMakeFiles/withDMA.dir/home/adinata26/PICO/pico-sdk/lib/tinyusb/src/portable/raspberrypi/rp2040/dcd_rp2040.c.o
                0x000000001000483c                dcd_int_enable
 .text.dcd_set_address
                0x0000000010004848       0x14 CMakeFiles/withDMA.dir/home/adinata26/PICO/pico-sdk/lib/tinyusb/src/portable/raspberrypi/rp2040/dcd_rp2040.c.o
                0x0000000010004848                dcd_set_address
 .text.dcd_sof_enable
                0x000000001000485c       0x1c CMakeFiles/withDMA.dir/home/adinata26/PICO/pico-sdk/lib/tinyusb/src/portable/raspberrypi/rp2040/dcd_rp2040.c.o
                0x000000001000485c                dcd_sof_enable
 .text.dcd_edpt0_status_complete
                0x0000000010004878       0x1c CMakeFiles/withDMA.dir/home/adinata26/PICO/pico-sdk/lib/tinyusb/src/portable/raspberrypi/rp2040/dcd_rp2040.c.o
                0x0000000010004878                dcd_edpt0_status_complete
 .text.dcd_edpt_open
                0x0000000010004894      0x108 CMakeFiles/withDMA.dir/home/adinata26/PICO/pico-sdk/lib/tinyusb/src/portable/raspberrypi/rp2040/dcd_rp2040.c.o
                0x0000000010004894                dcd_edpt_open
 .text.dcd_edpt_close_all
                0x000000001000499c        0x8 CMakeFiles/withDMA.dir/home/adinata26/PICO/pico-sdk/lib/tinyusb/src/portable/raspberrypi/rp2040/dcd_rp2040.c.o
                0x000000001000499c                dcd_edpt_close_all
 .text.dcd_edpt_xfer
                0x00000000100049a4       0x24 CMakeFiles/withDMA.dir/home/adinata26/PICO/pico-sdk/lib/tinyusb/src/portable/raspberrypi/rp2040/dcd_rp2040.c.o
                0x00000000100049a4                dcd_edpt_xfer
 .text.dcd_edpt_stall
                0x00000000100049c8       0x38 CMakeFiles/withDMA.dir/home/adinata26/PICO/pico-sdk/lib/tinyusb/src/portable/raspberrypi/rp2040/dcd_rp2040.c.o
                0x00000000100049c8                dcd_edpt_stall
 .text.dcd_edpt_clear_stall
                0x0000000010004a00       0x30 CMakeFiles/withDMA.dir/home/adinata26/PICO/pico-sdk/lib/tinyusb/src/portable/raspberrypi/rp2040/dcd_rp2040.c.o
                0x0000000010004a00                dcd_edpt_clear_stall
 .text.rp2040_usb_init
                0x0000000010004a30       0x40 CMakeFiles/withDMA.dir/home/adinata26/PICO/pico-sdk/lib/tinyusb/src/portable/raspberrypi/rp2040/rp2040_usb.c.o
                0x0000000010004a30                rp2040_usb_init
 .text.hw_endpoint_xfer_start
                0x0000000010004a70       0x54 CMakeFiles/withDMA.dir/home/adinata26/PICO/pico-sdk/lib/tinyusb/src/portable/raspberrypi/rp2040/rp2040_usb.c.o
                0x0000000010004a70                hw_endpoint_xfer_start
 .text.tud_event_hook_cb
                0x0000000010004ac4        0x4 CMakeFiles/withDMA.dir/home/adinata26/PICO/pico-sdk/lib/tinyusb/src/device/usbd.c.o
                0x0000000010004ac4                tud_event_hook_cb
 .text.tud_sof_cb
                0x0000000010004ac8        0x4 CMakeFiles/withDMA.dir/home/adinata26/PICO/pico-sdk/lib/tinyusb/src/device/usbd.c.o
                0x0000000010004ac8                tud_sof_cb
 .text.tud_descriptor_device_qualifier_cb
                0x0000000010004acc        0x4 CMakeFiles/withDMA.dir/home/adinata26/PICO/pico-sdk/lib/tinyusb/src/device/usbd.c.o
                0x0000000010004acc                tud_descriptor_device_qualifier_cb
 .text.tud_descriptor_other_speed_configuration_cb
                0x0000000010004ad0        0x4 CMakeFiles/withDMA.dir/home/adinata26/PICO/pico-sdk/lib/tinyusb/src/device/usbd.c.o
                0x0000000010004ad0                tud_descriptor_other_speed_configuration_cb
 .text.tud_mount_cb
                0x0000000010004ad4        0x4 CMakeFiles/withDMA.dir/home/adinata26/PICO/pico-sdk/lib/tinyusb/src/device/usbd.c.o
                0x0000000010004ad4                tud_mount_cb
 .text.tud_umount_cb
                0x0000000010004ad8        0x4 CMakeFiles/withDMA.dir/home/adinata26/PICO/pico-sdk/lib/tinyusb/src/device/usbd.c.o
                0x0000000010004ad8                tud_umount_cb
 .text.tud_suspend_cb
                0x0000000010004adc        0x4 CMakeFiles/withDMA.dir/home/adinata26/PICO/pico-sdk/lib/tinyusb/src/device/usbd.c.o
                0x0000000010004adc                tud_suspend_cb
 .text.tud_resume_cb
                0x0000000010004ae0        0x4 CMakeFiles/withDMA.dir/home/adinata26/PICO/pico-sdk/lib/tinyusb/src/device/usbd.c.o
                0x0000000010004ae0                tud_resume_cb
 .text.tud_mounted
                0x0000000010004ae4       0x10 CMakeFiles/withDMA.dir/home/adinata26/PICO/pico-sdk/lib/tinyusb/src/device/usbd.c.o
                0x0000000010004ae4                tud_mounted
 .text.tud_suspended
                0x0000000010004af4       0x10 CMakeFiles/withDMA.dir/home/adinata26/PICO/pico-sdk/lib/tinyusb/src/device/usbd.c.o
                0x0000000010004af4                tud_suspended
 .text.tud_init
                0x0000000010004b04       0xe4 CMakeFiles/withDMA.dir/home/adinata26/PICO/pico-sdk/lib/tinyusb/src/device/usbd.c.o
                0x0000000010004b04                tud_init
 .text.tud_task_ext
                0x0000000010004be8      0x7dc CMakeFiles/withDMA.dir/home/adinata26/PICO/pico-sdk/lib/tinyusb/src/device/usbd.c.o
                0x0000000010004be8                tud_task_ext
 .text.usbd_open_edpt_pair
                0x00000000100053c4       0x9c CMakeFiles/withDMA.dir/home/adinata26/PICO/pico-sdk/lib/tinyusb/src/device/usbd.c.o
                0x00000000100053c4                usbd_open_edpt_pair
 .text.usbd_edpt_open
                0x0000000010005460       0x34 CMakeFiles/withDMA.dir/home/adinata26/PICO/pico-sdk/lib/tinyusb/src/device/usbd.c.o
                0x0000000010005460                usbd_edpt_open
 .text.usbd_edpt_claim
                0x0000000010005494       0x28 CMakeFiles/withDMA.dir/home/adinata26/PICO/pico-sdk/lib/tinyusb/src/device/usbd.c.o
                0x0000000010005494                usbd_edpt_claim
 .text.usbd_edpt_release
                0x00000000100054bc       0x28 CMakeFiles/withDMA.dir/home/adinata26/PICO/pico-sdk/lib/tinyusb/src/device/usbd.c.o
                0x00000000100054bc                usbd_edpt_release
 .text.usbd_edpt_xfer
                0x00000000100054e4       0x4c CMakeFiles/withDMA.dir/home/adinata26/PICO/pico-sdk/lib/tinyusb/src/device/usbd.c.o
                0x00000000100054e4                usbd_edpt_xfer
 .text.tud_control_status
                0x0000000010005530       0x30 CMakeFiles/withDMA.dir/home/adinata26/PICO/pico-sdk/lib/tinyusb/src/device/usbd_control.c.o
                0x0000000010005530                tud_control_status
 .text.tud_control_xfer
                0x0000000010005560       0xb8 CMakeFiles/withDMA.dir/home/adinata26/PICO/pico-sdk/lib/tinyusb/src/device/usbd_control.c.o
                0x0000000010005560                tud_control_xfer
 .text.usbd_control_reset
                0x0000000010005618       0x14 CMakeFiles/withDMA.dir/home/adinata26/PICO/pico-sdk/lib/tinyusb/src/device/usbd_control.c.o
                0x0000000010005618                usbd_control_reset
 .text.usbd_control_set_complete_callback
                0x000000001000562c        0xc CMakeFiles/withDMA.dir/home/adinata26/PICO/pico-sdk/lib/tinyusb/src/device/usbd_control.c.o
                0x000000001000562c                usbd_control_set_complete_callback
 .text.usbd_control_set_request
                0x0000000010005638       0x1c CMakeFiles/withDMA.dir/home/adinata26/PICO/pico-sdk/lib/tinyusb/src/device/usbd_control.c.o
                0x0000000010005638                usbd_control_set_request
 .text.usbd_control_xfer_cb
                0x0000000010005654       0xf0 CMakeFiles/withDMA.dir/home/adinata26/PICO/pico-sdk/lib/tinyusb/src/device/usbd_control.c.o
                0x0000000010005654                usbd_control_xfer_cb
 .text._prep_out_transaction
                0x0000000010005744       0x64 CMakeFiles/withDMA.dir/home/adinata26/PICO/pico-sdk/lib/tinyusb/src/class/cdc/cdc_device.c.o
 .text.tud_cdc_n_connected
                0x00000000100057a8       0x30 CMakeFiles/withDMA.dir/home/adinata26/PICO/pico-sdk/lib/tinyusb/src/class/cdc/cdc_device.c.o
                0x00000000100057a8                tud_cdc_n_connected
 .text.tud_cdc_n_available
                0x00000000100057d8       0x18 CMakeFiles/withDMA.dir/home/adinata26/PICO/pico-sdk/lib/tinyusb/src/class/cdc/cdc_device.c.o
                0x00000000100057d8                tud_cdc_n_available
 .text.tud_cdc_n_read
                0x00000000100057f0       0x98 CMakeFiles/withDMA.dir/home/adinata26/PICO/pico-sdk/lib/tinyusb/src/class/cdc/cdc_device.c.o
                0x00000000100057f0                tud_cdc_n_read
 .text.tud_cdc_n_write_flush
                0x0000000010005888       0x78 CMakeFiles/withDMA.dir/home/adinata26/PICO/pico-sdk/lib/tinyusb/src/class/cdc/cdc_device.c.o
                0x0000000010005888                tud_cdc_n_write_flush
 .text.tud_cdc_n_write
                0x0000000010005900       0x44 CMakeFiles/withDMA.dir/home/adinata26/PICO/pico-sdk/lib/tinyusb/src/class/cdc/cdc_device.c.o
                0x0000000010005900                tud_cdc_n_write
 .text.tud_cdc_n_write_available
                0x0000000010005944       0x18 CMakeFiles/withDMA.dir/home/adinata26/PICO/pico-sdk/lib/tinyusb/src/class/cdc/cdc_device.c.o
                0x0000000010005944                tud_cdc_n_write_available
 .text.cdcd_init
                0x000000001000595c       0x80 CMakeFiles/withDMA.dir/home/adinata26/PICO/pico-sdk/lib/tinyusb/src/class/cdc/cdc_device.c.o
                0x000000001000595c                cdcd_init
 .text.cdcd_deinit
                0x00000000100059dc       0x24 CMakeFiles/withDMA.dir/home/adinata26/PICO/pico-sdk/lib/tinyusb/src/class/cdc/cdc_device.c.o
                0x00000000100059dc                cdcd_deinit
 .text.cdcd_reset
                0x0000000010005a00       0x4c CMakeFiles/withDMA.dir/home/adinata26/PICO/pico-sdk/lib/tinyusb/src/class/cdc/cdc_device.c.o
                0x0000000010005a00                cdcd_reset
 .text.cdcd_open
                0x0000000010005a4c       0xb4 CMakeFiles/withDMA.dir/home/adinata26/PICO/pico-sdk/lib/tinyusb/src/class/cdc/cdc_device.c.o
                0x0000000010005a4c                cdcd_open
 .text.cdcd_control_xfer_cb
                0x0000000010005b00       0xe8 CMakeFiles/withDMA.dir/home/adinata26/PICO/pico-sdk/lib/tinyusb/src/class/cdc/cdc_device.c.o
                0x0000000010005b00                cdcd_control_xfer_cb
 .text.cdcd_xfer_cb
                0x0000000010005be8      0x154 CMakeFiles/withDMA.dir/home/adinata26/PICO/pico-sdk/lib/tinyusb/src/class/cdc/cdc_device.c.o
                0x0000000010005be8                cdcd_xfer_cb
 .text.vendord_init
                0x0000000010005d3c       0x5c CMakeFiles/withDMA.dir/home/adinata26/PICO/pico-sdk/lib/tinyusb/src/class/vendor/vendor_device.c.o
                0x0000000010005d3c                vendord_init
 .text.vendord_deinit
                0x0000000010005d98       0x1c CMakeFiles/withDMA.dir/home/adinata26/PICO/pico-sdk/lib/tinyusb/src/class/vendor/vendor_device.c.o
                0x0000000010005d98                vendord_deinit
 .text.vendord_reset
                0x0000000010005db4       0x20 CMakeFiles/withDMA.dir/home/adinata26/PICO/pico-sdk/lib/tinyusb/src/class/vendor/vendor_device.c.o
                0x0000000010005db4                vendord_reset
 .text.vendord_open
                0x0000000010005dd4      0x138 CMakeFiles/withDMA.dir/home/adinata26/PICO/pico-sdk/lib/tinyusb/src/class/vendor/vendor_device.c.o
                0x0000000010005dd4                vendord_open
 .text.vendord_xfer_cb
                0x0000000010005f0c       0x9c CMakeFiles/withDMA.dir/home/adinata26/PICO/pico-sdk/lib/tinyusb/src/class/vendor/vendor_device.c.o
                0x0000000010005f0c                vendord_xfer_cb
 .text.tusb_init
                0x0000000010005fa8        0xc CMakeFiles/withDMA.dir/home/adinata26/PICO/pico-sdk/lib/tinyusb/src/tusb.c.o
                0x0000000010005fa8                tusb_init
 .text.tu_edpt_claim
                0x0000000010005fb4       0x50 CMakeFiles/withDMA.dir/home/adinata26/PICO/pico-sdk/lib/tinyusb/src/tusb.c.o
                0x0000000010005fb4                tu_edpt_claim
 .text.tu_edpt_release
                0x0000000010006004       0x38 CMakeFiles/withDMA.dir/home/adinata26/PICO/pico-sdk/lib/tinyusb/src/tusb.c.o
                0x0000000010006004                tu_edpt_release
 .text.tu_edpt_validate
                0x000000001000603c       0x78 CMakeFiles/withDMA.dir/home/adinata26/PICO/pico-sdk/lib/tinyusb/src/tusb.c.o
                0x000000001000603c                tu_edpt_validate
 .text.tu_edpt_bind_driver
                0x00000000100060b4       0x34 CMakeFiles/withDMA.dir/home/adinata26/PICO/pico-sdk/lib/tinyusb/src/tusb.c.o
                0x00000000100060b4                tu_edpt_bind_driver
 .text.tu_edpt_stream_init
                0x00000000100060e8       0x6c CMakeFiles/withDMA.dir/home/adinata26/PICO/pico-sdk/lib/tinyusb/src/tusb.c.o
                0x00000000100060e8                tu_edpt_stream_init
 .text.tu_edpt_stream_deinit
                0x0000000010006154        0x4 CMakeFiles/withDMA.dir/home/adinata26/PICO/pico-sdk/lib/tinyusb/src/tusb.c.o
                0x0000000010006154                tu_edpt_stream_deinit
 .text.tu_edpt_stream_write_zlp_if_needed
                0x0000000010006158       0x58 CMakeFiles/withDMA.dir/home/adinata26/PICO/pico-sdk/lib/tinyusb/src/tusb.c.o
                0x0000000010006158                tu_edpt_stream_write_zlp_if_needed
 .text.tu_edpt_stream_write_xfer
                0x00000000100061b0       0x64 CMakeFiles/withDMA.dir/home/adinata26/PICO/pico-sdk/lib/tinyusb/src/tusb.c.o
                0x00000000100061b0                tu_edpt_stream_write_xfer
 .text.tu_edpt_stream_read_xfer
                0x0000000010006214       0xdc CMakeFiles/withDMA.dir/home/adinata26/PICO/pico-sdk/lib/tinyusb/src/tusb.c.o
                0x0000000010006214                tu_edpt_stream_read_xfer
 .text.tu_fifo_config
                0x00000000100062f0       0x70 CMakeFiles/withDMA.dir/home/adinata26/PICO/pico-sdk/lib/tinyusb/src/common/tusb_fifo.c.o
                0x00000000100062f0                tu_fifo_config
 .text.tu_fifo_count
                0x0000000010006360       0x2c CMakeFiles/withDMA.dir/home/adinata26/PICO/pico-sdk/lib/tinyusb/src/common/tusb_fifo.c.o
                0x0000000010006360                tu_fifo_count
 .text.tu_fifo_empty
                0x000000001000638c       0x10 CMakeFiles/withDMA.dir/home/adinata26/PICO/pico-sdk/lib/tinyusb/src/common/tusb_fifo.c.o
                0x000000001000638c                tu_fifo_empty
 .text.tu_fifo_remaining
                0x000000001000639c       0x2c CMakeFiles/withDMA.dir/home/adinata26/PICO/pico-sdk/lib/tinyusb/src/common/tusb_fifo.c.o
                0x000000001000639c                tu_fifo_remaining
 .text.tu_fifo_read
                0x00000000100063c8       0x9c CMakeFiles/withDMA.dir/home/adinata26/PICO/pico-sdk/lib/tinyusb/src/common/tusb_fifo.c.o
                0x00000000100063c8                tu_fifo_read
 .text.tu_fifo_read_n
                0x0000000010006464       0xf0 CMakeFiles/withDMA.dir/home/adinata26/PICO/pico-sdk/lib/tinyusb/src/common/tusb_fifo.c.o
                0x0000000010006464                tu_fifo_read_n
 .text.tu_fifo_write
                0x0000000010006554       0x88 CMakeFiles/withDMA.dir/home/adinata26/PICO/pico-sdk/lib/tinyusb/src/common/tusb_fifo.c.o
                0x0000000010006554                tu_fifo_write
 .text.tu_fifo_write_n
                0x00000000100065dc      0x158 CMakeFiles/withDMA.dir/home/adinata26/PICO/pico-sdk/lib/tinyusb/src/common/tusb_fifo.c.o
                0x00000000100065dc                tu_fifo_write_n
 .text.tu_fifo_clear
                0x0000000010006734       0x40 CMakeFiles/withDMA.dir/home/adinata26/PICO/pico-sdk/lib/tinyusb/src/common/tusb_fifo.c.o
                0x0000000010006734                tu_fifo_clear
 .text.tu_fifo_set_overwritable
                0x0000000010006774       0x48 CMakeFiles/withDMA.dir/home/adinata26/PICO/pico-sdk/lib/tinyusb/src/common/tusb_fifo.c.o
                0x0000000010006774                tu_fifo_set_overwritable
 .text.dma_channel_unclaim
                0x00000000100067bc       0x10 CMakeFiles/withDMA.dir/home/adinata26/PICO/pico-sdk/src/rp2_common/hardware_dma/dma.c.o
                0x00000000100067bc                dma_channel_unclaim
 .text.dma_claim_unused_channel
                0x00000000100067cc       0x20 CMakeFiles/withDMA.dir/home/adinata26/PICO/pico-sdk/src/rp2_common/hardware_dma/dma.c.o
                0x00000000100067cc                dma_claim_unused_channel
 .text          0x00000000100067ec       0x68 /usr/lib/gcc/arm-none-eabi/9.2.1/../../../arm-none-eabi/lib/thumb/v6-m/nofp/libg.a(lib_a-strlen-stub.o)
                0x00000000100067ec                strlen
 *(.fini)
 .fini          0x0000000010006854        0x4 /usr/lib/gcc/arm-none-eabi/9.2.1/thumb/v6-m/nofp/crti.o
                0x0000000010006854                _fini
 .fini.__stub   0x0000000010006858       0xd0 linker stubs
 *crtbegin.o(.ctors)
 *crtbegin?.o(.ctors)
 *(EXCLUDE_FILE(*crtend.o *crtend?.o) .ctors)
 *(SORT_BY_NAME(.ctors.*))
 *(.ctors)
 *crtbegin.o(.dtors)
 *crtbegin?.o(.dtors)
 *(EXCLUDE_FILE(*crtend.o *crtend?.o) .dtors)
 *(SORT_BY_NAME(.dtors.*))
 *(.dtors)
                0x0000000010006928                . = ALIGN (0x4)
                0x0000000010006928                PROVIDE (__preinit_array_start = .)
 *(SORT_BY_NAME(.preinit_array.*))
 .preinit_array.00100
                0x0000000010006928        0x4 CMakeFiles/withDMA.dir/home/adinata26/PICO/pico-sdk/src/rp2_common/pico_runtime_init/runtime_init.c.o
                0x0000000010006928                __pre_init_runtime_init_early_resets
 .preinit_array.00101
                0x000000001000692c        0x4 CMakeFiles/withDMA.dir/home/adinata26/PICO/pico-sdk/src/rp2_common/pico_runtime_init/runtime_init.c.o
                0x000000001000692c                __pre_init_runtime_init_usb_power_down
 .preinit_array.00275
                0x0000000010006930        0x4 CMakeFiles/withDMA.dir/home/adinata26/PICO/pico-sdk/src/rp2_common/pico_bit_ops/bit_ops_aeabi.S.o
 .preinit_array.00300
                0x0000000010006934        0x4 CMakeFiles/withDMA.dir/home/adinata26/PICO/pico-sdk/src/rp2_common/pico_mem_ops/mem_ops_aeabi.S.o
 .preinit_array.00350
                0x0000000010006938        0x4 CMakeFiles/withDMA.dir/home/adinata26/PICO/pico-sdk/src/rp2_common/pico_double/double_aeabi_rp2040.S.o
 .preinit_array.00350
                0x000000001000693c        0x4 CMakeFiles/withDMA.dir/home/adinata26/PICO/pico-sdk/src/rp2_common/pico_float/float_aeabi_rp2040.S.o
 .preinit_array.00500
                0x0000000010006940        0x4 CMakeFiles/withDMA.dir/home/adinata26/PICO/pico-sdk/src/rp2_common/pico_runtime_init/runtime_init.c.o
                0x0000000010006940                __pre_init_runtime_init_clocks
 .preinit_array.00600
                0x0000000010006944        0x4 CMakeFiles/withDMA.dir/home/adinata26/PICO/pico-sdk/src/rp2_common/pico_runtime_init/runtime_init.c.o
                0x0000000010006944                __pre_init_runtime_init_post_clock_resets
 .preinit_array.00700
                0x0000000010006948        0x4 CMakeFiles/withDMA.dir/home/adinata26/PICO/pico-sdk/src/rp2_common/pico_runtime_init/runtime_init.c.o
                0x0000000010006948                __pre_init_runtime_init_rp2040_gpio_ie_disable
 .preinit_array.01000
                0x000000001000694c        0x4 CMakeFiles/withDMA.dir/home/adinata26/PICO/pico-sdk/src/rp2_common/pico_runtime_init/runtime_init.c.o
                0x000000001000694c                __pre_init_runtime_init_spin_locks_reset
 .preinit_array.01100
                0x0000000010006950        0x4 CMakeFiles/withDMA.dir/home/adinata26/PICO/pico-sdk/src/common/pico_sync/mutex.c.o
                0x0000000010006950                __pre_init_runtime_init_mutex
 .preinit_array.10080
                0x0000000010006954        0x4 CMakeFiles/withDMA.dir/home/adinata26/PICO/pico-sdk/src/rp2_common/pico_runtime_init/runtime_init.c.o
                0x0000000010006954                __pre_init_runtime_init_install_ram_vector_table
 .preinit_array.11000
                0x0000000010006958        0x4 CMakeFiles/withDMA.dir/home/adinata26/PICO/pico-sdk/src/common/pico_time/time.c.o
                0x0000000010006958                __pre_init_runtime_init_default_alarm_pool
 .preinit_array.YYYYY
                0x000000001000695c        0x4 CMakeFiles/withDMA.dir/home/adinata26/PICO/pico-sdk/src/rp2_common/pico_runtime/runtime.c.o
                0x000000001000695c                __pre_init_first_per_core_initializer
 .preinit_array.ZZZZZ.01200
                0x0000000010006960        0x4 CMakeFiles/withDMA.dir/home/adinata26/PICO/pico-sdk/src/rp2_common/hardware_irq/irq.c.o
                0x0000000010006960                __pre_init_runtime_init_per_core_irq_priorities
 *(.preinit_array)
                0x0000000010006964                PROVIDE (__preinit_array_end = .)
                0x0000000010006964                . = ALIGN (0x4)
                0x0000000010006964                PROVIDE (__init_array_start = .)
 *(SORT_BY_NAME(.init_array.*))
 *(.init_array)
 .init_array    0x0000000010006964        0x4 /usr/lib/gcc/arm-none-eabi/9.2.1/thumb/v6-m/nofp/crtbegin.o
 .init_array    0x0000000010006968        0x4 CMakeFiles/withDMA.dir/home/adinata26/PICO/pico-sdk/src/rp2_common/pico_unique_id/unique_id.c.o
                0x000000001000696c                PROVIDE (__init_array_end = .)
                0x000000001000696c                . = ALIGN (0x4)
                0x000000001000696c                PROVIDE (__fini_array_start = .)
 *(SORT_BY_NAME(.fini_array.*))
 *(.fini_array)
                0x000000001000696c                PROVIDE (__fini_array_end = .)
 *(.eh_frame*)
 .eh_frame      0x000000001000696c        0x0 /usr/lib/gcc/arm-none-eabi/9.2.1/thumb/v6-m/nofp/crtbegin.o
                0x000000001000696c                . = ALIGN (0x4)

.glue_7         0x000000001000696c        0x0
 .glue_7        0x000000001000696c        0x0 linker stubs

.glue_7t        0x000000001000696c        0x0
 .glue_7t       0x000000001000696c        0x0 linker stubs

.vfp11_veneer   0x000000001000696c        0x0
 .vfp11_veneer  0x000000001000696c        0x0 linker stubs

.v4_bx          0x000000001000696c        0x0
 .v4_bx         0x000000001000696c        0x0 linker stubs

.iplt           0x000000001000696c        0x0
 .iplt          0x000000001000696c        0x0 /usr/lib/gcc/arm-none-eabi/9.2.1/thumb/v6-m/nofp/crtbegin.o

.rodata         0x0000000010006970      0x6a8
 *(EXCLUDE_FILE(*libm.a: *libc.a:*lib_a-mem*.o *libgcc.a:) .rodata*)
 .rodata.main.str1.4
                0x0000000010006970       0x30 CMakeFiles/withDMA.dir/withDMA.c.o
 .rodata.panic.str1.4
                0x00000000100069a0       0x12 CMakeFiles/withDMA.dir/home/adinata26/PICO/pico-sdk/src/rp2_common/pico_platform_panic/panic.c.o
 *fill*         0x00000000100069b2        0x2 
 .rodata.spin_lock_claim_unused.str1.4
                0x00000000100069b4       0x1b CMakeFiles/withDMA.dir/home/adinata26/PICO/pico-sdk/src/rp2_common/hardware_sync/sync.c.o
 *fill*         0x00000000100069cf        0x1 
 .rodata.user_irq_claim_unused.str1.4
                0x00000000100069d0       0x1b CMakeFiles/withDMA.dir/home/adinata26/PICO/pico-sdk/src/rp2_common/hardware_irq/irq.c.o
 *fill*         0x00000000100069eb        0x1 
 .rodata.timer_hardware_alarm_claim.str1.4
                0x00000000100069ec       0x22 CMakeFiles/withDMA.dir/home/adinata26/PICO/pico-sdk/src/rp2_common/hardware_timer/timer.c.o
 *fill*         0x0000000010006a0e        0x2 
 .rodata.hard_assertion_failure.str1.4
                0x0000000010006a10        0xc CMakeFiles/withDMA.dir/home/adinata26/PICO/pico-sdk/src/rp2_common/pico_runtime/runtime.c.o
 .rodata.str1.4
                0x0000000010006a1c       0x3c CMakeFiles/withDMA.dir/home/adinata26/PICO/pico-sdk/src/rp2_common/pico_standard_binary_info/standard_binary_info.c.o
 .rodata.__bi_26
                0x0000000010006a58        0xc CMakeFiles/withDMA.dir/home/adinata26/PICO/pico-sdk/src/rp2_common/pico_standard_binary_info/standard_binary_info.c.o
 .rodata.__bi_34
                0x0000000010006a64        0xc CMakeFiles/withDMA.dir/home/adinata26/PICO/pico-sdk/src/rp2_common/pico_standard_binary_info/standard_binary_info.c.o
 .rodata.__bi_42
                0x0000000010006a70        0xc CMakeFiles/withDMA.dir/home/adinata26/PICO/pico-sdk/src/rp2_common/pico_standard_binary_info/standard_binary_info.c.o
 .rodata.__bi_48
                0x0000000010006a7c        0xc CMakeFiles/withDMA.dir/home/adinata26/PICO/pico-sdk/src/rp2_common/pico_standard_binary_info/standard_binary_info.c.o
 .rodata.__bi_54
                0x0000000010006a88        0xc CMakeFiles/withDMA.dir/home/adinata26/PICO/pico-sdk/src/rp2_common/pico_standard_binary_info/standard_binary_info.c.o
 .rodata.__bi_78
                0x0000000010006a94        0xc CMakeFiles/withDMA.dir/home/adinata26/PICO/pico-sdk/src/rp2_common/pico_standard_binary_info/standard_binary_info.c.o
 .rodata.__bi_84
                0x0000000010006aa0        0xc CMakeFiles/withDMA.dir/home/adinata26/PICO/pico-sdk/src/rp2_common/pico_standard_binary_info/standard_binary_info.c.o
 .rodata._ftoa.str1.4
                0x0000000010006aac       0x15 CMakeFiles/withDMA.dir/home/adinata26/PICO/pico-sdk/src/rp2_common/pico_printf/printf.c.o
 *fill*         0x0000000010006ac1        0x3 
 .rodata._vsnprintf
                0x0000000010006ac4      0x1e0 CMakeFiles/withDMA.dir/home/adinata26/PICO/pico-sdk/src/rp2_common/pico_printf/printf.c.o
 *fill*         0x0000000010006ca4        0x4 
 .rodata.pow10.5457
                0x0000000010006ca8       0x50 CMakeFiles/withDMA.dir/home/adinata26/PICO/pico-sdk/src/rp2_common/pico_printf/printf.c.o
 .rodata.crlf_str.6128
                0x0000000010006cf8        0x2 CMakeFiles/withDMA.dir/home/adinata26/PICO/pico-sdk/src/rp2_common/pico_stdio/stdio.c.o
 *fill*         0x0000000010006cfa        0x2 
 .rodata._resetd_driver
                0x0000000010006cfc       0x20 CMakeFiles/withDMA.dir/home/adinata26/PICO/pico-sdk/src/rp2_common/pico_stdio_usb/reset_interface.c.o
 .rodata.desc_bos
                0x0000000010006d1c       0x21 CMakeFiles/withDMA.dir/home/adinata26/PICO/pico-sdk/src/rp2_common/pico_stdio_usb/reset_interface.c.o
                0x0000000010006d1c                desc_bos
 *fill*         0x0000000010006d3d        0x3 
 .rodata.desc_ms_os_20
                0x0000000010006d40       0xa6 CMakeFiles/withDMA.dir/home/adinata26/PICO/pico-sdk/src/rp2_common/pico_stdio_usb/reset_interface.c.o
 *fill*         0x0000000010006de6        0x2 
 .rodata.str1.4
                0x0000000010006de8       0x13 CMakeFiles/withDMA.dir/home/adinata26/PICO/pico-sdk/src/rp2_common/pico_stdio_usb/stdio_usb.c.o
 *fill*         0x0000000010006dfb        0x1 
 .rodata.__bi_197.7850
                0x0000000010006dfc        0xc CMakeFiles/withDMA.dir/home/adinata26/PICO/pico-sdk/src/rp2_common/pico_stdio_usb/stdio_usb.c.o
 .rodata.str1.4
                0x0000000010006e08       0x2a CMakeFiles/withDMA.dir/home/adinata26/PICO/pico-sdk/src/rp2_common/pico_stdio_usb/stdio_usb_descriptors.c.o
 *fill*         0x0000000010006e32        0x2 
 .rodata.usbd_desc_cfg
                0x0000000010006e34       0x54 CMakeFiles/withDMA.dir/home/adinata26/PICO/pico-sdk/src/rp2_common/pico_stdio_usb/stdio_usb_descriptors.c.o
 .rodata.usbd_desc_device
                0x0000000010006e88       0x12 CMakeFiles/withDMA.dir/home/adinata26/PICO/pico-sdk/src/rp2_common/pico_stdio_usb/stdio_usb_descriptors.c.o
 *fill*         0x0000000010006e9a        0x2 
 .rodata.usbd_desc_str
                0x0000000010006e9c       0x18 CMakeFiles/withDMA.dir/home/adinata26/PICO/pico-sdk/src/rp2_common/pico_stdio_usb/stdio_usb_descriptors.c.o
 .rodata.str1.4
                0x0000000010006eb4       0x14 CMakeFiles/withDMA.dir/home/adinata26/PICO/pico-sdk/lib/tinyusb/src/portable/raspberrypi/rp2040/dcd_rp2040.c.o
 .rodata.str1.4
                0x0000000010006ec8       0x48 CMakeFiles/withDMA.dir/home/adinata26/PICO/pico-sdk/lib/tinyusb/src/portable/raspberrypi/rp2040/rp2040_usb.c.o
 .rodata.tud_task_ext
                0x0000000010006f10       0x8c CMakeFiles/withDMA.dir/home/adinata26/PICO/pico-sdk/lib/tinyusb/src/device/usbd.c.o
 .rodata        0x0000000010006f9c       0x1c CMakeFiles/withDMA.dir/home/adinata26/PICO/pico-sdk/lib/tinyusb/src/device/usbd.c.o
 .rodata._usbd_driver
                0x0000000010006fb8       0x40 CMakeFiles/withDMA.dir/home/adinata26/PICO/pico-sdk/lib/tinyusb/src/device/usbd.c.o
 .rodata.dma_claim_unused_channel.str1.4
                0x0000000010006ff8       0x1e CMakeFiles/withDMA.dir/home/adinata26/PICO/pico-sdk/src/rp2_common/hardware_dma/dma.c.o
                0x0000000010007018                . = ALIGN (0x4)
 *fill*         0x0000000010007016        0x2 
 *(SORT_BY_ALIGNMENT(SORT_BY_NAME(.flashdata*)))
                0x0000000010007018                . = ALIGN (0x4)

.ARM.extab
 *(.ARM.extab* .gnu.linkonce.armextab.*)
                0x0000000010007018                __exidx_start = .

.ARM.exidx
 *(.ARM.exidx* .gnu.linkonce.armexidx.*)
                0x0000000010007018                __exidx_end = .
                0x0000000010007018                . = ALIGN (0x4)
                0x0000000010007018                __binary_info_start = .

.binary_info    0x0000000010007018       0x20
 *(.binary_info.keep.*)
 .binary_info.keep.__bi_ptr26
                0x0000000010007018        0x4 CMakeFiles/withDMA.dir/home/adinata26/PICO/pico-sdk/src/rp2_common/pico_standard_binary_info/standard_binary_info.c.o
 .binary_info.keep.__bi_ptr34
                0x000000001000701c        0x4 CMakeFiles/withDMA.dir/home/adinata26/PICO/pico-sdk/src/rp2_common/pico_standard_binary_info/standard_binary_info.c.o
 .binary_info.keep.__bi_ptr42
                0x0000000010007020        0x4 CMakeFiles/withDMA.dir/home/adinata26/PICO/pico-sdk/src/rp2_common/pico_standard_binary_info/standard_binary_info.c.o
 .binary_info.keep.__bi_ptr48
                0x0000000010007024        0x4 CMakeFiles/withDMA.dir/home/adinata26/PICO/pico-sdk/src/rp2_common/pico_standard_binary_info/standard_binary_info.c.o
 .binary_info.keep.__bi_ptr54
                0x0000000010007028        0x4 CMakeFiles/withDMA.dir/home/adinata26/PICO/pico-sdk/src/rp2_common/pico_standard_binary_info/standard_binary_info.c.o
 .binary_info.keep.__bi_ptr78
                0x000000001000702c        0x4 CMakeFiles/withDMA.dir/home/adinata26/PICO/pico-sdk/src/rp2_common/pico_standard_binary_info/standard_binary_info.c.o
 .binary_info.keep.__bi_ptr84
                0x0000000010007030        0x4 CMakeFiles/withDMA.dir/home/adinata26/PICO/pico-sdk/src/rp2_common/pico_standard_binary_info/standard_binary_info.c.o
 *(.binary_info.*)
 .binary_info.__bi_ptr197
                0x0000000010007034        0x4 CMakeFiles/withDMA.dir/home/adinata26/PICO/pico-sdk/src/rp2_common/pico_stdio_usb/stdio_usb.c.o
                0x0000000010007038                __binary_info_end = .

.rel.dyn        0x0000000010007038        0x0
 .rel.iplt      0x0000000010007038        0x0 /usr/lib/gcc/arm-none-eabi/9.2.1/thumb/v6-m/nofp/crtbegin.o
                0x0000000010007038                . = ALIGN (0x4)

.ram_vector_table
                0x0000000020000000       0xc0
 *(.ram_vector_table)
 .ram_vector_table
                0x0000000020000000       0xc0 CMakeFiles/withDMA.dir/home/adinata26/PICO/pico-sdk/src/rp2_common/pico_runtime_init/runtime_init.c.o
                0x0000000020000000                ram_vector_table

.uninitialized_data
                0x00000000200000c0        0x0
                0x00000000200000c0                . = ALIGN (0x4)
 *(.uninitialized_data*)

.data           0x00000000200000c0     0x1088 load address 0x0000000010007038
                0x00000000200000c0                __data_start__ = .
 *(vtable)
 *(.time_critical*)
 .time_critical.mutex_try_enter
                0x00000000200000c0       0x48 CMakeFiles/withDMA.dir/home/adinata26/PICO/pico-sdk/src/common/pico_sync/mutex.c.o
                0x00000000200000c0                mutex_try_enter
 .time_critical.mutex_try_enter_block_until
                0x0000000020000108       0xb0 CMakeFiles/withDMA.dir/home/adinata26/PICO/pico-sdk/src/common/pico_sync/mutex.c.o
                0x0000000020000108                mutex_try_enter_block_until
 .time_critical.mutex_enter_timeout_ms
                0x00000000200001b8       0x90 CMakeFiles/withDMA.dir/home/adinata26/PICO/pico-sdk/src/common/pico_sync/mutex.c.o
                0x00000000200001b8                mutex_enter_timeout_ms
 .time_critical.mutex_exit
                0x0000000020000248       0x28 CMakeFiles/withDMA.dir/home/adinata26/PICO/pico-sdk/src/common/pico_sync/mutex.c.o
                0x0000000020000248                mutex_exit
 .time_critical.flash_init_boot2_copyout
                0x0000000020000270       0x30 CMakeFiles/withDMA.dir/home/adinata26/PICO/pico-sdk/src/rp2_common/hardware_flash/flash.c.o
 .time_critical.flash_enable_xip_via_boot2
                0x00000000200002a0       0x10 CMakeFiles/withDMA.dir/home/adinata26/PICO/pico-sdk/src/rp2_common/hardware_flash/flash.c.o
 .time_critical.flash_cs_force
                0x00000000200002b0       0x38 CMakeFiles/withDMA.dir/home/adinata26/PICO/pico-sdk/src/rp2_common/hardware_flash/flash.c.o
 .time_critical.flash_do_cmd
                0x00000000200002e8       0xc4 CMakeFiles/withDMA.dir/home/adinata26/PICO/pico-sdk/src/rp2_common/hardware_flash/flash.c.o
                0x00000000200002e8                flash_do_cmd
 .time_critical.reset_non_control_endpoints
                0x00000000200003ac       0xbc CMakeFiles/withDMA.dir/home/adinata26/PICO/pico-sdk/lib/tinyusb/src/portable/raspberrypi/rp2040/dcd_rp2040.c.o
 .time_critical.hw_handle_buff_status
                0x0000000020000468       0xb4 CMakeFiles/withDMA.dir/home/adinata26/PICO/pico-sdk/lib/tinyusb/src/portable/raspberrypi/rp2040/dcd_rp2040.c.o
 .time_critical.dcd_rp2040_irq
                0x000000002000051c      0x59c CMakeFiles/withDMA.dir/home/adinata26/PICO/pico-sdk/lib/tinyusb/src/portable/raspberrypi/rp2040/dcd_rp2040.c.o
 .time_critical.prepare_ep_buffer
                0x0000000020000ab8      0x100 CMakeFiles/withDMA.dir/home/adinata26/PICO/pico-sdk/lib/tinyusb/src/portable/raspberrypi/rp2040/rp2040_usb.c.o
 .time_critical.sync_ep_buffer
                0x0000000020000bb8       0xbc CMakeFiles/withDMA.dir/home/adinata26/PICO/pico-sdk/lib/tinyusb/src/portable/raspberrypi/rp2040/rp2040_usb.c.o
 .time_critical._hw_endpoint_xfer_sync
                0x0000000020000c74       0x28 CMakeFiles/withDMA.dir/home/adinata26/PICO/pico-sdk/lib/tinyusb/src/portable/raspberrypi/rp2040/rp2040_usb.c.o
 .time_critical.e15_is_bulkin_ep
                0x0000000020000c9c       0x28 CMakeFiles/withDMA.dir/home/adinata26/PICO/pico-sdk/lib/tinyusb/src/portable/raspberrypi/rp2040/rp2040_usb.c.o
 .time_critical.e15_is_critical_frame_period
                0x0000000020000cc4       0x38 CMakeFiles/withDMA.dir/home/adinata26/PICO/pico-sdk/lib/tinyusb/src/portable/raspberrypi/rp2040/rp2040_usb.c.o
 .time_critical.hw_endpoint_reset_transfer
                0x0000000020000cfc        0xc CMakeFiles/withDMA.dir/home/adinata26/PICO/pico-sdk/lib/tinyusb/src/portable/raspberrypi/rp2040/rp2040_usb.c.o
                0x0000000020000cfc                hw_endpoint_reset_transfer
 .time_critical._hw_endpoint_buffer_control_update32
                0x0000000020000d08       0x50 CMakeFiles/withDMA.dir/home/adinata26/PICO/pico-sdk/lib/tinyusb/src/portable/raspberrypi/rp2040/rp2040_usb.c.o
                0x0000000020000d08                _hw_endpoint_buffer_control_update32
 .time_critical.hw_endpoint_start_next_buffer
                0x0000000020000d58       0x6c CMakeFiles/withDMA.dir/home/adinata26/PICO/pico-sdk/lib/tinyusb/src/portable/raspberrypi/rp2040/rp2040_usb.c.o
                0x0000000020000d58                hw_endpoint_start_next_buffer
 .time_critical.hw_endpoint_xfer_continue
                0x0000000020000dc4       0x40 CMakeFiles/withDMA.dir/home/adinata26/PICO/pico-sdk/lib/tinyusb/src/portable/raspberrypi/rp2040/rp2040_usb.c.o
                0x0000000020000dc4                hw_endpoint_xfer_continue
 .time_critical.tinyusb
                0x0000000020000e04      0x1f0 CMakeFiles/withDMA.dir/home/adinata26/PICO/pico-sdk/lib/tinyusb/src/device/usbd.c.o
                0x0000000020000e04                dcd_event_handler
 *(.text*)
 .text          0x0000000020000ff4        0x4 /usr/lib/gcc/arm-none-eabi/9.2.1/thumb/v6-m/nofp/libgcc.a(_dvmd_tls.o)
                0x0000000020000ff4                __aeabi_ldiv0
                0x0000000020000ff4                __aeabi_idiv0
 .text.__stub   0x0000000020000ff8       0x80 linker stubs
                0x0000000020001078                . = ALIGN (0x4)
 *(.rodata*)
                0x0000000020001078                . = ALIGN (0x4)
 *(.data*)
 .data.striped_spin_lock_num
                0x0000000020001078        0x1 CMakeFiles/withDMA.dir/home/adinata26/PICO/pico-sdk/src/rp2_common/hardware_sync/sync.c.o
 *fill*         0x0000000020001079        0x3 
 .data          0x000000002000107c       0x48 CMakeFiles/withDMA.dir/home/adinata26/PICO/pico-sdk/src/rp2_common/hardware_irq/irq_handler_chain.S.o
                0x000000002000107c                irq_handler_chain_slots
                0x00000000200010ac                irq_handler_chain_first_slot
                0x00000000200010b6                irq_handler_chain_remove_tail
 .data.default_alarm_pool
                0x00000000200010c4       0x18 CMakeFiles/withDMA.dir/home/adinata26/PICO/pico-sdk/src/common/pico_time/time.c.o
 *fill*         0x00000000200010dc        0x4 
 .data.aeabi_bits_funcs
                0x00000000200010e0       0x10 CMakeFiles/withDMA.dir/home/adinata26/PICO/pico-sdk/src/rp2_common/pico_bit_ops/bit_ops_aeabi.S.o
                0x00000000200010e0                aeabi_bits_funcs
                0x00000000200010f0                aeabi_bits_funcs_end
 .data.aeabi_mem_funcs
                0x00000000200010f0       0x10 CMakeFiles/withDMA.dir/home/adinata26/PICO/pico-sdk/src/rp2_common/pico_mem_ops/mem_ops_aeabi.S.o
                0x00000000200010f0                aeabi_mem_funcs
                0x0000000020001100                aeabi_mem_funcs_end
 .data.stdio_usb
                0x0000000020001100       0x18 CMakeFiles/withDMA.dir/home/adinata26/PICO/pico-sdk/src/rp2_common/pico_stdio_usb/stdio_usb.c.o
                0x0000000020001100                stdio_usb
 .data._usbd_qdef
                0x0000000020001118       0x1c CMakeFiles/withDMA.dir/home/adinata26/PICO/pico-sdk/lib/tinyusb/src/device/usbd.c.o
                0x0000000020001118                _usbd_qdef
 .data._usbd_rhport
                0x0000000020001134        0x1 CMakeFiles/withDMA.dir/home/adinata26/PICO/pico-sdk/lib/tinyusb/src/device/usbd.c.o
                0x0000000020001138                . = ALIGN (0x4)
 *fill*         0x0000000020001135        0x3 
 *(.after_data.*)
                0x0000000020001138                . = ALIGN (0x4)
                0x0000000020001138                PROVIDE (__mutex_array_start = .)
 *(SORT_BY_NAME(.mutex_array.*))
 *(.mutex_array)
 .mutex_array   0x0000000020001138        0x8 CMakeFiles/withDMA.dir/home/adinata26/PICO/pico-sdk/src/rp2_common/pico_malloc/malloc.c.o
 .mutex_array   0x0000000020001140        0x8 CMakeFiles/withDMA.dir/home/adinata26/PICO/pico-sdk/src/rp2_common/pico_stdio/stdio.c.o
                0x0000000020001148                PROVIDE (__mutex_array_end = .)
                0x0000000020001148                . = ALIGN (0x4)
 *(.jcr)
                0x0000000020001148                . = ALIGN (0x4)

.tm_clone_table
                0x0000000020001148        0x0 load address 0x00000000100080c0
 .tm_clone_table
                0x0000000020001148        0x0 /usr/lib/gcc/arm-none-eabi/9.2.1/thumb/v6-m/nofp/crtbegin.o
 .tm_clone_table
                0x0000000020001148        0x0 /usr/lib/gcc/arm-none-eabi/9.2.1/thumb/v6-m/nofp/crtend.o

.igot.plt       0x0000000020001148        0x0 load address 0x00000000100080c0
 .igot.plt      0x0000000020001148        0x0 /usr/lib/gcc/arm-none-eabi/9.2.1/thumb/v6-m/nofp/crtbegin.o

.tdata          0x0000000020001148        0x0 load address 0x00000000100080c0
                0x0000000020001148                . = ALIGN (0x4)
 *(.tdata .tdata.* .gnu.linkonce.td.*)
                0x0000000020001148                __tdata_end = .
                0x0000000020001148                PROVIDE (__data_end__ = .)
                0x0000000010007038                __etext = LOADADDR (.data)

.tbss           0x0000000020001148        0x0 load address 0x00000000100080c0
                0x0000000020001148                . = ALIGN (0x4)
                0x0000000020001148                __bss_start__ = .
                0x0000000020001148                __tls_base = .
 *(.tbss .tbss.* .gnu.linkonce.tb.*)
 *(.tcommon)
                0x0000000020001148                __tls_end = .

.bss            0x0000000020001148     0x1880 load address 0x00000000100080c0
                0x0000000020001148                . = ALIGN (0x4)
                0x0000000020001148                __tbss_end = .
 *(SORT_BY_ALIGNMENT(SORT_BY_NAME(.bss*)))
 .bss.default_alarm_pool_entries
                0x0000000020001148      0x180 CMakeFiles/withDMA.dir/home/adinata26/PICO/pico-sdk/src/common/pico_time/time.c.o
 .bss.last_avail_time.7821
                0x00000000200012c8        0x8 CMakeFiles/withDMA.dir/home/adinata26/PICO/pico-sdk/src/rp2_common/pico_stdio_usb/stdio_usb.c.o
 .bss           0x00000000200012d0       0x1c /usr/lib/gcc/arm-none-eabi/9.2.1/thumb/v6-m/nofp/crtbegin.o
 .bss._app_driver
                0x00000000200012ec        0x4 CMakeFiles/withDMA.dir/home/adinata26/PICO/pico-sdk/lib/tinyusb/src/device/usbd.c.o
 .bss._cdcd_fifo_cfg
                0x00000000200012f0        0x1 CMakeFiles/withDMA.dir/home/adinata26/PICO/pico-sdk/lib/tinyusb/src/class/cdc/cdc_device.c.o
 *fill*         0x00000000200012f1        0x3 
 .bss._cdcd_itf
                0x00000000200012f4      0x2c8 CMakeFiles/withDMA.dir/home/adinata26/PICO/pico-sdk/lib/tinyusb/src/class/cdc/cdc_device.c.o
 .bss._ctrl_xfer
                0x00000000200015bc       0x14 CMakeFiles/withDMA.dir/home/adinata26/PICO/pico-sdk/lib/tinyusb/src/device/usbd_control.c.o
 .bss._ubsd_mutexdef
                0x00000000200015d0        0x8 CMakeFiles/withDMA.dir/home/adinata26/PICO/pico-sdk/lib/tinyusb/src/device/usbd.c.o
 .bss._usbd_ctrl_buf
                0x00000000200015d8       0x40 CMakeFiles/withDMA.dir/home/adinata26/PICO/pico-sdk/lib/tinyusb/src/device/usbd_control.c.o
 .bss._usbd_dev
                0x0000000020001618       0x54 CMakeFiles/withDMA.dir/home/adinata26/PICO/pico-sdk/lib/tinyusb/src/device/usbd.c.o
 .bss._usbd_mutex
                0x000000002000166c        0x4 CMakeFiles/withDMA.dir/home/adinata26/PICO/pico-sdk/lib/tinyusb/src/device/usbd.c.o
 .bss._usbd_q   0x0000000020001670        0x4 CMakeFiles/withDMA.dir/home/adinata26/PICO/pico-sdk/lib/tinyusb/src/device/usbd.c.o
 .bss._vendord_itf
                0x0000000020001674      0x2cc CMakeFiles/withDMA.dir/home/adinata26/PICO/pico-sdk/lib/tinyusb/src/class/vendor/vendor_device.c.o
 .bss.boot2_copyout
                0x0000000020001940      0x100 CMakeFiles/withDMA.dir/home/adinata26/PICO/pico-sdk/src/rp2_common/hardware_flash/flash.c.o
 .bss.chars_available_callback
                0x0000000020001a40        0x4 CMakeFiles/withDMA.dir/home/adinata26/PICO/pico-sdk/src/rp2_common/pico_stdio_usb/stdio_usb.c.o
 .bss.chars_available_param
                0x0000000020001a44        0x4 CMakeFiles/withDMA.dir/home/adinata26/PICO/pico-sdk/src/rp2_common/pico_stdio_usb/stdio_usb.c.o
 .bss.claimed   0x0000000020001a48        0x4 CMakeFiles/withDMA.dir/home/adinata26/PICO/pico-sdk/src/rp2_common/hardware_sync/sync.c.o
 .bss.claimed   0x0000000020001a4c        0x1 CMakeFiles/withDMA.dir/home/adinata26/PICO/pico-sdk/src/rp2_common/hardware_timer/timer.c.o
 *fill*         0x0000000020001a4d        0x3 
 .bss.configured_freq
                0x0000000020001a50       0x28 CMakeFiles/withDMA.dir/home/adinata26/PICO/pico-sdk/src/rp2_common/hardware_clocks/clocks.c.o
 .bss.desc_str.7419
                0x0000000020001a78       0x28 CMakeFiles/withDMA.dir/home/adinata26/PICO/pico-sdk/src/rp2_common/pico_stdio_usb/stdio_usb_descriptors.c.o
 .bss.drivers   0x0000000020001aa0        0x4 CMakeFiles/withDMA.dir/home/adinata26/PICO/pico-sdk/src/rp2_common/pico_stdio/stdio.c.o
 .bss.e15_last_sof
                0x0000000020001aa4        0x4 CMakeFiles/withDMA.dir/home/adinata26/PICO/pico-sdk/lib/tinyusb/src/portable/raspberrypi/rp2040/rp2040_usb.c.o
                0x0000000020001aa4                e15_last_sof
 .bss.filter    0x0000000020001aa8        0x4 CMakeFiles/withDMA.dir/home/adinata26/PICO/pico-sdk/src/rp2_common/pico_stdio/stdio.c.o
 .bss.hw_endpoints
                0x0000000020001aac      0x400 CMakeFiles/withDMA.dir/home/adinata26/PICO/pico-sdk/lib/tinyusb/src/portable/raspberrypi/rp2040/dcd_rp2040.c.o
 .bss.lazy_vsnprintf
                0x0000000020001eac        0x4 CMakeFiles/withDMA.dir/home/adinata26/PICO/pico-sdk/src/rp2_common/pico_printf/printf.c.o
 .bss.load_value
                0x0000000020001eb0        0x4 CMakeFiles/withDMA.dir/home/adinata26/PICO/pico-sdk/src/rp2_common/hardware_watchdog/watchdog.c.o
 .bss.next_buffer_ptr
                0x0000000020001eb4        0x4 CMakeFiles/withDMA.dir/home/adinata26/PICO/pico-sdk/lib/tinyusb/src/portable/raspberrypi/rp2040/dcd_rp2040.c.o
 .bss.one_shot_timer_crit_sec
                0x0000000020001eb8        0x8 CMakeFiles/withDMA.dir/home/adinata26/PICO/pico-sdk/src/rp2_common/pico_stdio_usb/stdio_usb.c.o
 .bss.pools     0x0000000020001ec0       0x10 CMakeFiles/withDMA.dir/home/adinata26/PICO/pico-sdk/src/common/pico_time/time.c.o
 .bss.retrieved_id
                0x0000000020001ed0        0x8 CMakeFiles/withDMA.dir/home/adinata26/PICO/pico-sdk/src/rp2_common/pico_unique_id/unique_id.c.o
 .bss.sf_clz_func
                0x0000000020001ed8        0x4 CMakeFiles/withDMA.dir/home/adinata26/PICO/pico-sdk/src/rp2_common/pico_double/double_init_rom_rp2040.c.o
                0x0000000020001ed8                sf_clz_func
 .bss.sleep_notifier
                0x0000000020001edc        0x4 CMakeFiles/withDMA.dir/home/adinata26/PICO/pico-sdk/src/common/pico_time/time.c.o
 .bss.stdio_usb_mutex
                0x0000000020001ee0        0x8 CMakeFiles/withDMA.dir/home/adinata26/PICO/pico-sdk/src/rp2_common/pico_stdio_usb/stdio_usb.c.o
 .bss.usbd_serial_str
                0x0000000020001ee8       0x11 CMakeFiles/withDMA.dir/home/adinata26/PICO/pico-sdk/src/rp2_common/pico_stdio_usb/stdio_usb_descriptors.c.o
 *fill*         0x0000000020001ef9        0x1 
 .bss._claimed  0x0000000020001efa        0x2 CMakeFiles/withDMA.dir/home/adinata26/PICO/pico-sdk/src/rp2_common/hardware_dma/dma.c.o
 .bss._app_driver_count
                0x0000000020001efc        0x1 CMakeFiles/withDMA.dir/home/adinata26/PICO/pico-sdk/lib/tinyusb/src/device/usbd.c.o
 .bss._sof_enable
                0x0000000020001efd        0x1 CMakeFiles/withDMA.dir/home/adinata26/PICO/pico-sdk/lib/tinyusb/src/portable/raspberrypi/rp2040/dcd_rp2040.c.o
 .bss._usbd_queued_setup
                0x0000000020001efe        0x1 CMakeFiles/withDMA.dir/home/adinata26/PICO/pico-sdk/lib/tinyusb/src/device/usbd.c.o
 .bss.boot2_copyout_valid
                0x0000000020001eff        0x1 CMakeFiles/withDMA.dir/home/adinata26/PICO/pico-sdk/src/rp2_common/hardware_flash/flash.c.o
 .bss.irq_handler_chain_free_slot_head
                0x0000000020001f00        0x1 CMakeFiles/withDMA.dir/home/adinata26/PICO/pico-sdk/src/rp2_common/hardware_irq/irq.c.o
 .bss.itf_num   0x0000000020001f01        0x1 CMakeFiles/withDMA.dir/home/adinata26/PICO/pico-sdk/src/rp2_common/pico_stdio_usb/reset_interface.c.o
 .bss.low_priority_irq_num
                0x0000000020001f02        0x1 CMakeFiles/withDMA.dir/home/adinata26/PICO/pico-sdk/src/rp2_common/pico_stdio_usb/stdio_usb.c.o
 .bss.one_shot_timer_pending
                0x0000000020001f03        0x1 CMakeFiles/withDMA.dir/home/adinata26/PICO/pico-sdk/src/rp2_common/pico_stdio_usb/stdio_usb.c.o
 .bss.user_irq_claimed
                0x0000000020001f04        0x1 CMakeFiles/withDMA.dir/home/adinata26/PICO/pico-sdk/src/rp2_common/hardware_irq/irq.c.o
 *(COMMON)
 *fill*         0x0000000020001f05        0x3 
 COMMON         0x0000000020001f08      0x800 CMakeFiles/withDMA.dir/withDMA.c.o
                0x0000000020001f08                dst
                0x0000000020002308                src
 COMMON         0x0000000020002708      0x100 CMakeFiles/withDMA.dir/home/adinata26/PICO/pico-sdk/src/rp2_common/pico_double/double_init_rom_rp2040.c.o
                0x0000000020002708                sd_table
 COMMON         0x0000000020002808      0x100 CMakeFiles/withDMA.dir/home/adinata26/PICO/pico-sdk/src/rp2_common/pico_float/float_init_rom_rp2040.c.o
                0x0000000020002808                sf_table
 COMMON         0x0000000020002908       0xc0 CMakeFiles/withDMA.dir/home/adinata26/PICO/pico-sdk/lib/tinyusb/src/device/usbd.c.o
                0x0000000020002908                _usbd_qdef_buf
                0x00000000200029c8                . = ALIGN (0x4)
                0x00000000200029c8                __bss_end__ = .

.heap           0x00000000200029c8      0x800 load address 0x00000000100080c0
                0x00000000200029c8                __end__ = .
                0x00000000200029c8                end = __end__
 *(.heap*)
 .heap          0x00000000200029c8      0x800 CMakeFiles/withDMA.dir/home/adinata26/PICO/pico-sdk/src/rp2_common/pico_crt0/crt0.S.o
                0x0000000020040000                __HeapLimit = (ORIGIN (RAM) + LENGTH (RAM))

.scratch_x      0x0000000020040000        0x0 load address 0x00000000100080c0
                0x0000000020040000                __scratch_x_start__ = .
 *(.scratch_x.*)
                0x0000000020040000                . = ALIGN (0x4)
                0x0000000020040000                __scratch_x_end__ = .
                0x00000000100080c0                __scratch_x_source__ = LOADADDR (.scratch_x)

.scratch_y      0x0000000020041000        0x0 load address 0x00000000100080c0
                0x0000000020041000                __scratch_y_start__ = .
 *(.scratch_y.*)
                0x0000000020041000                . = ALIGN (0x4)
                0x0000000020041000                __scratch_y_end__ = .
                0x00000000100080c0                __scratch_y_source__ = LOADADDR (.scratch_y)

.stack1_dummy   0x0000000020040000      0x800
 *(.stack1*)
 .stack1        0x0000000020040000      0x800 CMakeFiles/withDMA.dir/home/adinata26/PICO/pico-sdk/src/rp2_common/pico_multicore/multicore.c.o

.stack_dummy    0x0000000020041000      0x800
 *(.stack*)
 .stack         0x0000000020041000      0x800 CMakeFiles/withDMA.dir/home/adinata26/PICO/pico-sdk/src/rp2_common/pico_crt0/crt0.S.o

.flash_end      0x00000000100080c0        0x0
 *(.embedded_end_block*)
                0x00000000100080c0                PROVIDE (__flash_binary_end = .)
                0x0000000020040000                __StackLimit = (ORIGIN (RAM) + LENGTH (RAM))
                0x0000000020041000                __StackOneTop = (ORIGIN (SCRATCH_X) + LENGTH (SCRATCH_X))
                0x0000000020042000                __StackTop = (ORIGIN (SCRATCH_Y) + LENGTH (SCRATCH_Y))
                0x0000000020040800                __StackOneBottom = (__StackOneTop - SIZEOF (.stack1_dummy))
                0x0000000020041800                __StackBottom = (__StackTop - SIZEOF (.stack_dummy))
                0x0000000020042000                PROVIDE (__stack = __StackTop)
                [!provide]                        PROVIDE (__heap_start = __end__)
                [!provide]                        PROVIDE (__heap_end = __HeapLimit)
                [!provide]                        PROVIDE (__tls_align = MAX (ALIGNOF (.tdata), ALIGNOF (.tbss)))
                [!provide]                        PROVIDE (__tls_size_align = (((__tls_size + __tls_align) - 0x1) & ~ ((__tls_align - 0x1))))
                [!provide]                        PROVIDE (__arm32_tls_tcb_offset = MAX (0x8, __tls_align))
                [!provide]                        PROVIDE (_end = __end__)
                [!provide]                        PROVIDE (__llvm_libc_heap_limit = __HeapLimit)
                0x0000000000000001                ASSERT ((__StackLimit >= __HeapLimit), region RAM overflowed)
                0x0000000000000001                ASSERT (((__binary_info_header_end - __logical_binary_start) <= 0x100), Binary info must be in first 256 bytes of the binary)
LOAD CMakeFiles/withDMA.dir/withDMA.c.o
LOAD CMakeFiles/withDMA.dir/home/adinata26/PICO/pico-sdk/src/rp2_common/pico_stdlib/stdlib.c.o
LOAD CMakeFiles/withDMA.dir/home/adinata26/PICO/pico-sdk/src/rp2_common/hardware_gpio/gpio.c.o
LOAD CMakeFiles/withDMA.dir/home/adinata26/PICO/pico-sdk/src/rp2040/pico_platform/platform.c.o
LOAD CMakeFiles/withDMA.dir/home/adinata26/PICO/pico-sdk/src/rp2_common/pico_platform_panic/panic.c.o
LOAD CMakeFiles/withDMA.dir/home/adinata26/PICO/pico-sdk/src/common/hardware_claim/claim.c.o
LOAD CMakeFiles/withDMA.dir/home/adinata26/PICO/pico-sdk/src/rp2_common/hardware_sync/sync.c.o
LOAD CMakeFiles/withDMA.dir/home/adinata26/PICO/pico-sdk/src/rp2_common/hardware_sync_spin_lock/sync_spin_lock.c.o
LOAD CMakeFiles/withDMA.dir/home/adinata26/PICO/pico-sdk/src/rp2_common/hardware_irq/irq.c.o
LOAD CMakeFiles/withDMA.dir/home/adinata26/PICO/pico-sdk/src/rp2_common/hardware_irq/irq_handler_chain.S.o
LOAD CMakeFiles/withDMA.dir/home/adinata26/PICO/pico-sdk/src/common/pico_sync/sem.c.o
LOAD CMakeFiles/withDMA.dir/home/adinata26/PICO/pico-sdk/src/common/pico_sync/lock_core.c.o
LOAD CMakeFiles/withDMA.dir/home/adinata26/PICO/pico-sdk/src/common/pico_sync/mutex.c.o
LOAD CMakeFiles/withDMA.dir/home/adinata26/PICO/pico-sdk/src/common/pico_sync/critical_section.c.o
LOAD CMakeFiles/withDMA.dir/home/adinata26/PICO/pico-sdk/src/common/pico_time/time.c.o
LOAD CMakeFiles/withDMA.dir/home/adinata26/PICO/pico-sdk/src/common/pico_time/timeout_helper.c.o
LOAD CMakeFiles/withDMA.dir/home/adinata26/PICO/pico-sdk/src/rp2_common/hardware_timer/timer.c.o
LOAD CMakeFiles/withDMA.dir/home/adinata26/PICO/pico-sdk/src/common/pico_util/datetime.c.o
LOAD CMakeFiles/withDMA.dir/home/adinata26/PICO/pico-sdk/src/common/pico_util/pheap.c.o
LOAD CMakeFiles/withDMA.dir/home/adinata26/PICO/pico-sdk/src/common/pico_util/queue.c.o
LOAD CMakeFiles/withDMA.dir/home/adinata26/PICO/pico-sdk/src/rp2_common/hardware_uart/uart.c.o
LOAD CMakeFiles/withDMA.dir/home/adinata26/PICO/pico-sdk/src/rp2_common/hardware_clocks/clocks.c.o
LOAD CMakeFiles/withDMA.dir/home/adinata26/PICO/pico-sdk/src/rp2_common/hardware_pll/pll.c.o
LOAD CMakeFiles/withDMA.dir/home/adinata26/PICO/pico-sdk/src/rp2_common/hardware_vreg/vreg.c.o
LOAD CMakeFiles/withDMA.dir/home/adinata26/PICO/pico-sdk/src/rp2_common/hardware_watchdog/watchdog.c.o
LOAD CMakeFiles/withDMA.dir/home/adinata26/PICO/pico-sdk/src/rp2_common/hardware_ticks/ticks.c.o
LOAD CMakeFiles/withDMA.dir/home/adinata26/PICO/pico-sdk/src/rp2_common/pico_bootrom/bootrom.c.o
LOAD CMakeFiles/withDMA.dir/home/adinata26/PICO/pico-sdk/src/rp2_common/pico_bootrom/bootrom_lock.c.o
LOAD CMakeFiles/withDMA.dir/home/adinata26/PICO/pico-sdk/src/rp2_common/hardware_boot_lock/boot_lock.c.o
LOAD CMakeFiles/withDMA.dir/home/adinata26/PICO/pico-sdk/src/rp2_common/pico_flash/flash.c.o
LOAD CMakeFiles/withDMA.dir/home/adinata26/PICO/pico-sdk/src/rp2_common/hardware_xosc/xosc.c.o
LOAD CMakeFiles/withDMA.dir/home/adinata26/PICO/pico-sdk/src/rp2_common/hardware_divider/divider.S.o
LOAD CMakeFiles/withDMA.dir/home/adinata26/PICO/pico-sdk/src/rp2_common/pico_runtime/runtime.c.o
LOAD CMakeFiles/withDMA.dir/home/adinata26/PICO/pico-sdk/src/rp2_common/pico_runtime_init/runtime_init.c.o
LOAD CMakeFiles/withDMA.dir/home/adinata26/PICO/pico-sdk/src/rp2_common/pico_runtime_init/runtime_init_clocks.c.o
LOAD CMakeFiles/withDMA.dir/home/adinata26/PICO/pico-sdk/src/rp2_common/pico_runtime_init/runtime_init_stack_guard.c.o
LOAD CMakeFiles/withDMA.dir/home/adinata26/PICO/pico-sdk/src/rp2_common/pico_bit_ops/bit_ops_aeabi.S.o
LOAD CMakeFiles/withDMA.dir/home/adinata26/PICO/pico-sdk/src/rp2_common/pico_divider/divider_hardware.S.o
LOAD CMakeFiles/withDMA.dir/home/adinata26/PICO/pico-sdk/src/rp2_common/pico_double/double_aeabi_rp2040.S.o