Archive member included to satisfy reference by file (symbol)

/usr/lib/gcc/arm-none-eabi/9.2.1/thumb/v6-m/nofp/libgcc.a(_dvmd_tls.o)
                              CMakeFiles/lm75.dir/home/adinata26/PICO/pico-sdk/src/rp2_common/pico_divider/divider_hardware.S.o (__aeabi_idiv0)
/usr/lib/gcc/arm-none-eabi/9.2.1/../../../arm-none-eabi/lib/thumb/v6-m/nofp/libg.a(lib_a-atexit.o)
                              /usr/lib/gcc/arm-none-eabi/9.2.1/../../../arm-none-eabi/lib/thumb/v6-m/nofp/crt0.o (atexit)
/usr/lib/gcc/arm-none-eabi/9.2.1/../../../arm-none-eabi/lib/thumb/v6-m/nofp/libg.a(lib_a-calloc.o)
                              CMakeFiles/lm75.dir/home/adinata26/PICO/pico-sdk/src/rp2_common/pico_malloc/malloc.c.o (calloc)
/usr/lib/gcc/arm-none-eabi/9.2.1/../../../arm-none-eabi/lib/thumb/v6-m/nofp/libg.a(lib_a-callocr.o)
                              /usr/lib/gcc/arm-none-eabi/9.2.1/../../../arm-none-eabi/lib/thumb/v6-m/nofp/libg.a(lib_a-calloc.o) (_calloc_r)
/usr/lib/gcc/arm-none-eabi/9.2.1/../../../arm-none-eabi/lib/thumb/v6-m/nofp/libg.a(lib_a-fini.o)
                              /usr/lib/gcc/arm-none-eabi/9.2.1/../../../arm-none-eabi/lib/thumb/v6-m/nofp/crt0.o (__libc_fini_array)
/usr/lib/gcc/arm-none-eabi/9.2.1/../../../arm-none-eabi/lib/thumb/v6-m/nofp/libg.a(lib_a-impure.o)
                              /usr/lib/gcc/arm-none-eabi/9.2.1/../../../arm-none-eabi/lib/thumb/v6-m/nofp/libg.a(lib_a-calloc.o) (_impure_ptr)
/usr/lib/gcc/arm-none-eabi/9.2.1/../../../arm-none-eabi/lib/thumb/v6-m/nofp/libg.a(lib_a-init.o)
                              /usr/lib/gcc/arm-none-eabi/9.2.1/../../../arm-none-eabi/lib/thumb/v6-m/nofp/crt0.o (__libc_init_array)
/usr/lib/gcc/arm-none-eabi/9.2.1/../../../arm-none-eabi/lib/thumb/v6-m/nofp/libg.a(lib_a-lcltime_r.o)
                              CMakeFiles/lm75.dir/home/adinata26/PICO/pico-sdk/src/common/pico_util/datetime.c.o (localtime_r)
/usr/lib/gcc/arm-none-eabi/9.2.1/../../../arm-none-eabi/lib/thumb/v6-m/nofp/libg.a(lib_a-malloc.o)
                              CMakeFiles/lm75.dir/home/adinata26/PICO/pico-sdk/src/rp2_common/pico_malloc/malloc.c.o (malloc)
/usr/lib/gcc/arm-none-eabi/9.2.1/../../../arm-none-eabi/lib/thumb/v6-m/nofp/libg.a(lib_a-mallocr.o)
                              /usr/lib/gcc/arm-none-eabi/9.2.1/../../../arm-none-eabi/lib/thumb/v6-m/nofp/libg.a(lib_a-callocr.o) (_malloc_r)
/usr/lib/gcc/arm-none-eabi/9.2.1/../../../arm-none-eabi/lib/thumb/v6-m/nofp/libg.a(lib_a-memcmp.o)
                              CMakeFiles/lm75.dir/home/adinata26/PICO/pico-sdk/src/rp2_common/pico_atomic/atomic.c.o (memcmp)
/usr/lib/gcc/arm-none-eabi/9.2.1/../../../arm-none-eabi/lib/thumb/v6-m/nofp/libg.a(lib_a-mktime.o)
                              CMakeFiles/lm75.dir/home/adinata26/PICO/pico-sdk/src/common/pico_util/datetime.c.o (mktime)
/usr/lib/gcc/arm-none-eabi/9.2.1/../../../arm-none-eabi/lib/thumb/v6-m/nofp/libg.a(lib_a-mlock.o)
                              /usr/lib/gcc/arm-none-eabi/9.2.1/../../../arm-none-eabi/lib/thumb/v6-m/nofp/libg.a(lib_a-mallocr.o) (__malloc_lock)
/usr/lib/gcc/arm-none-eabi/9.2.1/../../../arm-none-eabi/lib/thumb/v6-m/nofp/libg.a(lib_a-month_lengths.o)
                              /usr/lib/gcc/arm-none-eabi/9.2.1/../../../arm-none-eabi/lib/thumb/v6-m/nofp/libg.a(lib_a-lcltime_r.o) (__month_lengths)
/usr/lib/gcc/arm-none-eabi/9.2.1/../../../arm-none-eabi/lib/thumb/v6-m/nofp/libg.a(lib_a-realloc.o)
                              CMakeFiles/lm75.dir/home/adinata26/PICO/pico-sdk/src/rp2_common/pico_malloc/malloc.c.o (realloc)
/usr/lib/gcc/arm-none-eabi/9.2.1/../../../arm-none-eabi/lib/thumb/v6-m/nofp/libg.a(lib_a-reallocr.o)
                              /usr/lib/gcc/arm-none-eabi/9.2.1/../../../arm-none-eabi/lib/thumb/v6-m/nofp/libg.a(lib_a-realloc.o) (_realloc_r)
/usr/lib/gcc/arm-none-eabi/9.2.1/../../../arm-none-eabi/lib/thumb/v6-m/nofp/libg.a(lib_a-sbrkr.o)
                              /usr/lib/gcc/arm-none-eabi/9.2.1/../../../arm-none-eabi/lib/thumb/v6-m/nofp/libg.a(lib_a-mallocr.o) (_sbrk_r)
/usr/lib/gcc/arm-none-eabi/9.2.1/../../../arm-none-eabi/lib/thumb/v6-m/nofp/libg.a(lib_a-strlen-stub.o)
                              CMakeFiles/lm75.dir/home/adinata26/PICO/pico-sdk/src/rp2_common/pico_stdio/stdio.c.o (strlen)
/usr/lib/gcc/arm-none-eabi/9.2.1/../../../arm-none-eabi/lib/thumb/v6-m/nofp/libg.a(lib_a-tzcalc_limits.o)
                              /usr/lib/gcc/arm-none-eabi/9.2.1/../../../arm-none-eabi/lib/thumb/v6-m/nofp/libg.a(lib_a-lcltime_r.o) (__tzcalc_limits)
/usr/lib/gcc/arm-none-eabi/9.2.1/../../../arm-none-eabi/lib/thumb/v6-m/nofp/libg.a(lib_a-tzlock.o)
                              /usr/lib/gcc/arm-none-eabi/9.2.1/../../../arm-none-eabi/lib/thumb/v6-m/nofp/libg.a(lib_a-lcltime_r.o) (__tz_lock)
/usr/lib/gcc/arm-none-eabi/9.2.1/../../../arm-none-eabi/lib/thumb/v6-m/nofp/libg.a(lib_a-tzset.o)
                              /usr/lib/gcc/arm-none-eabi/9.2.1/../../../arm-none-eabi/lib/thumb/v6-m/nofp/libg.a(lib_a-lcltime_r.o) (_tzset_unlocked)
[...]
Memory Configuration

Name             Origin             Length             Attributes
FLASH            0x0000000010000000 0x0000000000200000 xr
RAM              0x0000000020000000 0x0000000000040000 xrw
SCRATCH_X        0x0000000020040000 0x0000000000001000 xrw
SCRATCH_Y        0x0000000020041000 0x0000000000001000 xrw
*default*        0x0000000000000000 0xffffffffffffffff

Linker script and memory map

LOAD /usr/lib/gcc/arm-none-eabi/9.2.1/thumb/v6-m/nofp/crti.o
LOAD /usr/lib/gcc/arm-none-eabi/9.2.1/thumb/v6-m/nofp/crtbegin.o
LOAD /usr/lib/gcc/arm-none-eabi/9.2.1/../../../arm-none-eabi/lib/thumb/v6-m/nofp/crt0.o

.flash_begin    0x0000000010000000        0x0
                0x0000000010000000                __flash_binary_start = .

.boot2          0x0000000010000000      0x100
                0x0000000010000000                __boot2_start__ = .
 *(.boot2)
 .boot2         0x0000000010000000      0x100 pico-sdk/src/rp2040/boot_stage2/CMakeFiles/bs2_default_library.dir/bs2_default_padded_checksummed.S.o
                0x0000000010000100                __boot2_end__ = .
                0x0000000000000001                ASSERT (((__boot2_end__ - __boot2_start__) == 0x100), ERROR: Pico second stage bootloader must be 256 bytes in size)

.text           0x0000000010000100     0x6c44
                0x0000000010000100                __logical_binary_start = .
 *(.vectors)
 .vectors       0x0000000010000100       0xd4 CMakeFiles/lm75.dir/home/adinata26/PICO/pico-sdk/src/rp2_common/pico_crt0/crt0.S.o
                0x0000000010000100                __vectors
                0x0000000010000100                __VECTOR_TABLE
                0x00000000100001c0                isr_invalid
                0x00000000100001c0                __default_isrs_start
                0x00000000100001c2                isr_nmi
                0x00000000100001c4                isr_hardfault
                0x00000000100001c6                isr_svcall
                0x00000000100001c8                isr_pendsv
                0x00000000100001ca                isr_systick
                0x00000000100001cc                isr_irq30
                0x00000000100001cc                __unhandled_user_irq
                0x00000000100001cc                isr_irq13
                0x00000000100001cc                isr_irq27
                0x00000000100001cc                isr_irq31
                0x00000000100001cc                isr_irq5
                0x00000000100001cc                isr_irq11
                0x00000000100001cc                isr_irq23
                0x00000000100001cc                isr_irq18
                0x00000000100001cc                isr_irq28
                0x00000000100001cc                isr_irq19
                0x00000000100001cc                isr_irq0
                0x00000000100001cc                isr_irq6
                0x00000000100001cc                isr_irq22
                0x00000000100001cc                isr_irq17
                0x00000000100001cc                isr_irq14
                0x00000000100001cc                isr_irq2
                0x00000000100001cc                isr_irq10
                0x00000000100001cc                isr_irq8
                0x00000000100001cc                isr_irq24
                0x00000000100001cc                isr_irq1
                0x00000000100001cc                isr_irq7
                0x00000000100001cc                isr_irq21
                0x00000000100001cc                isr_irq20
                0x00000000100001cc                isr_irq15
                0x00000000100001cc                isr_irq25
                0x00000000100001cc                isr_irq4
                0x00000000100001cc                isr_irq16
                0x00000000100001cc                isr_irq29
                0x00000000100001cc                isr_irq26
                0x00000000100001cc                __default_isrs_end
                0x00000000100001cc                isr_irq3
                0x00000000100001cc                isr_irq12
                0x00000000100001cc                isr_irq9
                0x00000000100001d2                unhandled_user_irq_num_in_r0
 *(.binary_info_header)
 .binary_info_header
                0x00000000100001d4       0x14 CMakeFiles/lm75.dir/home/adinata26/PICO/pico-sdk/src/rp2_common/pico_crt0/crt0.S.o
                0x00000000100001e8                __binary_info_header_end = .
 *(.embedded_block)
                0x00000000100001e8                __embedded_block_end = .
 *(.reset)
 .reset         0x00000000100001e8       0x9c CMakeFiles/lm75.dir/home/adinata26/PICO/pico-sdk/src/rp2_common/pico_crt0/crt0.S.o
                0x00000000100001e8                _entry_point
 *(.init)
 .init          0x0000000010000284        0x4 /usr/lib/gcc/arm-none-eabi/9.2.1/thumb/v6-m/nofp/crti.o
                0x0000000010000284                _init
 *(EXCLUDE_FILE(*libm.a: *libc.a:*lib_a-mem*.o *libgcc.a:) .text*)
 .text          0x0000000010000288       0x98 /usr/lib/gcc/arm-none-eabi/9.2.1/thumb/v6-m/nofp/crtbegin.o
 .text.startup.main
                0x0000000010000320      0x104 CMakeFiles/lm75.dir/lm75.c.o
                0x0000000010000320                main
 .text.gpio_set_function
                0x0000000010000424       0x34 CMakeFiles/lm75.dir/home/adinata26/PICO/pico-sdk/src/rp2_common/hardware_gpio/gpio.c.o
                0x0000000010000424                gpio_set_function
 .text.gpio_set_pulls
                0x0000000010000458       0x34 CMakeFiles/lm75.dir/home/adinata26/PICO/pico-sdk/src/rp2_common/hardware_gpio/gpio.c.o
                0x0000000010000458                gpio_set_pulls
 .text.rp2040_chip_version
                0x000000001000048c        0xc CMakeFiles/lm75.dir/home/adinata26/PICO/pico-sdk/src/rp2040/pico_platform/platform.c.o
                0x000000001000048c                rp2040_chip_version
 .text.panic    0x0000000010000498       0x30 CMakeFiles/lm75.dir/home/adinata26/PICO/pico-sdk/src/rp2_common/pico_platform_panic/panic.c.o
                0x0000000010000498                panic
 .text.hw_claim_or_assert
                0x00000000100004c8       0x48 CMakeFiles/lm75.dir/home/adinata26/PICO/pico-sdk/src/common/hardware_claim/claim.c.o
                0x00000000100004c8                hw_claim_or_assert
 .text.hw_claim_unused_from_range
                0x0000000010000510       0x9c CMakeFiles/lm75.dir/home/adinata26/PICO/pico-sdk/src/common/hardware_claim/claim.c.o
                0x0000000010000510                hw_claim_unused_from_range
 .text.next_striped_spin_lock_num
                0x00000000100005ac       0x18 CMakeFiles/lm75.dir/home/adinata26/PICO/pico-sdk/src/rp2_common/hardware_sync/sync.c.o
                0x00000000100005ac                next_striped_spin_lock_num
 .text.spin_lock_claim_unused
                0x00000000100005c4       0x20 CMakeFiles/lm75.dir/home/adinata26/PICO/pico-sdk/src/rp2_common/hardware_sync/sync.c.o
                0x00000000100005c4                spin_lock_claim_unused
 .text.spin_locks_reset
                0x00000000100005e4       0x1c CMakeFiles/lm75.dir/home/adinata26/PICO/pico-sdk/src/rp2_common/hardware_sync_spin_lock/sync_spin_lock.c.o
                0x00000000100005e4                spin_locks_reset
 .text.runtime_init_per_core_irq_priorities
                0x0000000010000600       0x24 CMakeFiles/lm75.dir/home/adinata26/PICO/pico-sdk/src/rp2_common/hardware_irq/irq.c.o
                0x0000000010000600                runtime_init_per_core_irq_priorities
 .text.irq_set_enabled
                0x0000000010000624       0x24 CMakeFiles/lm75.dir/home/adinata26/PICO/pico-sdk/src/rp2_common/hardware_irq/irq.c.o
                0x0000000010000624                irq_set_enabled
 .text.irq_is_enabled
                0x0000000010000648       0x18 CMakeFiles/lm75.dir/home/adinata26/PICO/pico-sdk/src/rp2_common/hardware_irq/irq.c.o
                0x0000000010000648                irq_is_enabled
 .text.irq_set_pending
                0x0000000010000660       0x10 CMakeFiles/lm75.dir/home/adinata26/PICO/pico-sdk/src/rp2_common/hardware_irq/irq.c.o
                0x0000000010000660                irq_set_pending
 .text.irq_has_shared_handler
                0x0000000010000670       0x2c CMakeFiles/lm75.dir/home/adinata26/PICO/pico-sdk/src/rp2_common/hardware_irq/irq.c.o
                0x0000000010000670                irq_has_shared_handler
 .text.irq_set_exclusive_handler
                0x000000001000069c       0x54 CMakeFiles/lm75.dir/home/adinata26/PICO/pico-sdk/src/rp2_common/hardware_irq/irq.c.o
                0x000000001000069c                irq_set_exclusive_handler
 .text.irq_add_shared_handler
                0x00000000100006f0      0x1c4 CMakeFiles/lm75.dir/home/adinata26/PICO/pico-sdk/src/rp2_common/hardware_irq/irq.c.o
                0x00000000100006f0                irq_add_shared_handler
 .text.irq_add_tail_to_free_list
                0x00000000100008b4       0xb4 CMakeFiles/lm75.dir/home/adinata26/PICO/pico-sdk/src/rp2_common/hardware_irq/irq.c.o
                0x00000000100008b4                irq_add_tail_to_free_list
 .text.user_irq_claim_unused
                0x0000000010000968       0x28 CMakeFiles/lm75.dir/home/adinata26/PICO/pico-sdk/src/rp2_common/hardware_irq/irq.c.o
                0x0000000010000968                user_irq_claim_unused
 .text.lock_init
                0x0000000010000990       0x10 CMakeFiles/lm75.dir/home/adinata26/PICO/pico-sdk/src/common/pico_sync/lock_core.c.o
                0x0000000010000990                lock_init
 .text.runtime_init_mutex
                0x00000000100009a0       0x58 CMakeFiles/lm75.dir/home/adinata26/PICO/pico-sdk/src/common/pico_sync/mutex.c.o
                0x00000000100009a0                runtime_init_mutex
 .text.mutex_init
                0x00000000100009f8       0x1c CMakeFiles/lm75.dir/home/adinata26/PICO/pico-sdk/src/common/pico_sync/mutex.c.o
                0x00000000100009f8                mutex_init
 .text.critical_section_init
                0x0000000010000a14       0x1c CMakeFiles/lm75.dir/home/adinata26/PICO/pico-sdk/src/common/pico_sync/critical_section.c.o
                0x0000000010000a14                critical_section_init
 .text.critical_section_init_with_lock_num
                0x0000000010000a30       0x14 CMakeFiles/lm75.dir/home/adinata26/PICO/pico-sdk/src/common/pico_sync/critical_section.c.o
                0x0000000010000a30                critical_section_init_with_lock_num
 .text.sleep_until_callback
                0x0000000010000a44       0x30 CMakeFiles/lm75.dir/home/adinata26/PICO/pico-sdk/src/common/pico_time/time.c.o
 .text.alarm_pool_irq_handler
                0x0000000010000a74      0x30c CMakeFiles/lm75.dir/home/adinata26/PICO/pico-sdk/src/common/pico_time/time.c.o
 .text.runtime_init_default_alarm_pool
                0x0000000010000d80       0xdc CMakeFiles/lm75.dir/home/adinata26/PICO/pico-sdk/src/common/pico_time/time.c.o
                0x0000000010000d80                runtime_init_default_alarm_pool
 .text.alarm_pool_get_default
                0x0000000010000e5c        0x8 CMakeFiles/lm75.dir/home/adinata26/PICO/pico-sdk/src/common/pico_time/time.c.o
                0x0000000010000e5c                alarm_pool_get_default
 .text.alarm_pool_add_alarm_at
                0x0000000010000e64       0xc8 CMakeFiles/lm75.dir/home/adinata26/PICO/pico-sdk/src/common/pico_time/time.c.o
                0x0000000010000e64                alarm_pool_add_alarm_at
 .text.alarm_pool_add_alarm_at_force_in_context
                0x0000000010000f2c       0xa8 CMakeFiles/lm75.dir/home/adinata26/PICO/pico-sdk/src/common/pico_time/time.c.o
                0x0000000010000f2c                alarm_pool_add_alarm_at_force_in_context
 .text.alarm_pool_cancel_alarm
                0x0000000010000fd4       0x7c CMakeFiles/lm75.dir/home/adinata26/PICO/pico-sdk/src/common/pico_time/time.c.o
                0x0000000010000fd4                alarm_pool_cancel_alarm
 .text.alarm_pool_core_num
                0x0000000010001050        0x4 CMakeFiles/lm75.dir/home/adinata26/PICO/pico-sdk/src/common/pico_time/time.c.o
                0x0000000010001050                alarm_pool_core_num
 .text.sleep_until
                0x0000000010001054       0xd0 CMakeFiles/lm75.dir/home/adinata26/PICO/pico-sdk/src/common/pico_time/time.c.o
                0x0000000010001054                sleep_until
 .text.sleep_ms
                0x0000000010001124       0x34 CMakeFiles/lm75.dir/home/adinata26/PICO/pico-sdk/src/common/pico_time/time.c.o
                0x0000000010001124                sleep_ms
 .text.best_effort_wfe_or_timeout
                0x0000000010001158       0xe0 CMakeFiles/lm75.dir/home/adinata26/PICO/pico-sdk/src/common/pico_time/time.c.o
                0x0000000010001158                best_effort_wfe_or_timeout
 .text.timer_hardware_alarm_claim
                0x0000000010001238       0x14 CMakeFiles/lm75.dir/home/adinata26/PICO/pico-sdk/src/rp2_common/hardware_timer/timer.c.o
                0x0000000010001238                timer_hardware_alarm_claim
 .text.timer_time_us_64
                0x000000001000124c       0x10 CMakeFiles/lm75.dir/home/adinata26/PICO/pico-sdk/src/rp2_common/hardware_timer/timer.c.o
                0x000000001000124c                timer_time_us_64
 .text.time_us_64
                0x000000001000125c       0x14 CMakeFiles/lm75.dir/home/adinata26/PICO/pico-sdk/src/rp2_common/hardware_timer/timer.c.o
                0x000000001000125c                time_us_64
 .text.busy_wait_until
                0x0000000010001270       0x20 CMakeFiles/lm75.dir/home/adinata26/PICO/pico-sdk/src/rp2_common/hardware_timer/timer.c.o
                0x0000000010001270                busy_wait_until
 .text.clock_configure_int_divider
                0x0000000010001290       0xf4 CMakeFiles/lm75.dir/home/adinata26/PICO/pico-sdk/src/rp2_common/hardware_clocks/clocks.c.o
                0x0000000010001290                clock_configure_int_divider
 .text.clock_configure_undivided
                0x0000000010001384       0xe4 CMakeFiles/lm75.dir/home/adinata26/PICO/pico-sdk/src/rp2_common/hardware_clocks/clocks.c.o
                0x0000000010001384                clock_configure_undivided
 .text.clock_get_hz
                0x0000000010001468        0xc CMakeFiles/lm75.dir/home/adinata26/PICO/pico-sdk/src/rp2_common/hardware_clocks/clocks.c.o
                0x0000000010001468                clock_get_hz
 .text.pll_init
                0x0000000010001474       0xa0 CMakeFiles/lm75.dir/home/adinata26/PICO/pico-sdk/src/rp2_common/hardware_pll/pll.c.o
                0x0000000010001474                pll_init
 .text.watchdog_reboot
                0x0000000010001514       0x98 CMakeFiles/lm75.dir/home/adinata26/PICO/pico-sdk/src/rp2_common/hardware_watchdog/watchdog.c.o
                0x0000000010001514                watchdog_reboot
 .text.tick_start
                0x00000000100015ac       0x10 CMakeFiles/lm75.dir/home/adinata26/PICO/pico-sdk/src/rp2_common/hardware_ticks/ticks.c.o
                0x00000000100015ac                tick_start
 .text.rom_func_lookup
                0x00000000100015bc       0x10 CMakeFiles/lm75.dir/home/adinata26/PICO/pico-sdk/src/rp2_common/pico_bootrom/bootrom.c.o
                0x00000000100015bc                rom_func_lookup
 .text.rom_data_lookup
                0x00000000100015cc       0x10 CMakeFiles/lm75.dir/home/adinata26/PICO/pico-sdk/src/rp2_common/pico_bootrom/bootrom.c.o
                0x00000000100015cc                rom_data_lookup
 .text.rom_funcs_lookup
                0x00000000100015dc       0x3c CMakeFiles/lm75.dir/home/adinata26/PICO/pico-sdk/src/rp2_common/pico_bootrom/bootrom.c.o
                0x00000000100015dc                rom_funcs_lookup
 .text.rom_reset_usb_boot_extra
                0x0000000010001618       0x28 CMakeFiles/lm75.dir/home/adinata26/PICO/pico-sdk/src/rp2_common/pico_bootrom/bootrom.c.o
                0x0000000010001618                rom_reset_usb_boot_extra
 .text.xosc_init
                0x0000000010001640       0x28 CMakeFiles/lm75.dir/home/adinata26/PICO/pico-sdk/src/rp2_common/hardware_xosc/xosc.c.o
                0x0000000010001640                xosc_init
 .text.first_per_core_initializer
                0x0000000010001668        0x4 CMakeFiles/lm75.dir/home/adinata26/PICO/pico-sdk/src/rp2_common/pico_runtime/runtime.c.o
 .text.hard_assertion_failure
                0x000000001000166c        0xc CMakeFiles/lm75.dir/home/adinata26/PICO/pico-sdk/src/rp2_common/pico_runtime/runtime.c.o
                0x000000001000166c                hard_assertion_failure
 .text.runtime_run_initializers
                0x0000000010001678       0x28 CMakeFiles/lm75.dir/home/adinata26/PICO/pico-sdk/src/rp2_common/pico_runtime/runtime.c.o
                0x0000000010001678                runtime_run_initializers
 .text.runtime_init_early_resets
                0x00000000100016a0       0x2c CMakeFiles/lm75.dir/home/adinata26/PICO/pico-sdk/src/rp2_common/pico_runtime_init/runtime_init.c.o
                0x00000000100016a0                runtime_init_early_resets
 .text.runtime_init_usb_power_down
                0x00000000100016cc       0x1c CMakeFiles/lm75.dir/home/adinata26/PICO/pico-sdk/src/rp2_common/pico_runtime_init/runtime_init.c.o
                0x00000000100016cc                runtime_init_usb_power_down
 .text.runtime_init_post_clock_resets
                0x00000000100016e8       0x20 CMakeFiles/lm75.dir/home/adinata26/PICO/pico-sdk/src/rp2_common/pico_runtime_init/runtime_init.c.o
                0x00000000100016e8                runtime_init_post_clock_resets
 .text.runtime_init_rp2040_gpio_ie_disable
                0x0000000010001708       0x14 CMakeFiles/lm75.dir/home/adinata26/PICO/pico-sdk/src/rp2_common/pico_runtime_init/runtime_init.c.o
                0x0000000010001708                runtime_init_rp2040_gpio_ie_disable
 .text.runtime_init_spin_locks_reset
                0x000000001000171c        0x8 CMakeFiles/lm75.dir/home/adinata26/PICO/pico-sdk/src/rp2_common/pico_runtime_init/runtime_init.c.o
                0x000000001000171c                runtime_init_spin_locks_reset
 .text.runtime_init_install_ram_vector_table
                0x0000000010001724       0x1c CMakeFiles/lm75.dir/home/adinata26/PICO/pico-sdk/src/rp2_common/pico_runtime_init/runtime_init.c.o
                0x0000000010001724                runtime_init_install_ram_vector_table
 .text.runtime_init_clocks
                0x0000000010001740       0xd8 CMakeFiles/lm75.dir/home/adinata26/PICO/pico-sdk/src/rp2_common/pico_runtime_init/runtime_init_clocks.c.o
                0x0000000010001740                runtime_init_clocks
 .text          0x0000000010001818       0x10 CMakeFiles/lm75.dir/home/adinata26/PICO/pico-sdk/src/rp2_common/pico_bit_ops/bit_ops_aeabi.S.o
 .text.__wrap___aeabi_idiv
                0x0000000010001828       0x50 CMakeFiles/lm75.dir/home/adinata26/PICO/pico-sdk/src/rp2_common/pico_divider/divider_hardware.S.o
                0x0000000010001828                __wrap___aeabi_idivmod
                0x0000000010001828                divmod_s32s32
                0x0000000010001828                div_s32s32
                0x0000000010001828                __wrap___aeabi_idiv
                0x0000000010001830                divmod_s32s32_unsafe
                0x000000001000185c                divmod_s32s32_savestate
 .text.__wrap___aeabi_uidiv
                0x0000000010001878       0x4c CMakeFiles/lm75.dir/home/adinata26/PICO/pico-sdk/src/rp2_common/pico_divider/divider_hardware.S.o
                0x0000000010001878                __wrap___aeabi_uidiv
                0x0000000010001878                __wrap___aeabi_uidivmod
                0x0000000010001878                div_u32u32
                0x0000000010001878                divmod_u32u32
                0x0000000010001880                divmod_u32u32_unsafe
                0x00000000100018a8                divmod_u32u32_savestate
 .text.__wrap___aeabi_ldiv
                0x00000000100018c4      0x424 CMakeFiles/lm75.dir/home/adinata26/PICO/pico-sdk/src/rp2_common/pico_divider/divider_hardware.S.o
                0x00000000100018c4                div_s64s64
                0x00000000100018c4                divmod_s64s64
                0x00000000100018c4                __wrap___aeabi_ldivmod
                0x00000000100018f4                div_u64u64
                0x00000000100018f4                divmod_u64u64
                0x00000000100018f4                __wrap___aeabi_uldivmod
                0x0000000010001904                divmod_u64u64_savestate
                0x0000000010001924                divmod_s64s64_unsafe
                0x00000000100019ac                divmod_u64u64_unsafe
 .text.__wrap___aeabi_darithmetic
                0x0000000010001ce8       0x80 CMakeFiles/lm75.dir/home/adinata26/PICO/pico-sdk/src/rp2_common/pico_double/double_aeabi_rp2040.S.o
                0x0000000010001ce8                __wrap___aeabi_drsub
                0x0000000010001cee                __wrap___aeabi_dsub
                0x0000000010001d00                __wrap___aeabi_dadd
                0x0000000010001d12                __wrap___aeabi_ddiv
                0x0000000010001d4e                __wrap___aeabi_dmul
 .text.__wrap___aeabi_cdcmple
                0x0000000010001d68       0x6c CMakeFiles/lm75.dir/home/adinata26/PICO/pico-sdk/src/rp2_common/pico_double/double_aeabi_rp2040.S.o
                0x0000000010001d68                __wrap___aeabi_cdrcmple
                0x0000000010001d78                __wrap___aeabi_cdcmple
                0x0000000010001d78                __wrap___aeabi_cdcmpeq
 .text.__wrap___aeabi_dcmplt
                0x0000000010001dd4        0xc CMakeFiles/lm75.dir/home/adinata26/PICO/pico-sdk/src/rp2_common/pico_double/double_aeabi_rp2040.S.o
                0x0000000010001dd4                __wrap___aeabi_dcmplt
 .text.__wrap___aeabi_dcmple
                0x0000000010001de0       0x10 CMakeFiles/lm75.dir/home/adinata26/PICO/pico-sdk/src/rp2_common/pico_double/double_aeabi_rp2040.S.o
                0x0000000010001de0                __wrap___aeabi_dcmple
 .text.__wrap___aeabi_dcmpge
                0x0000000010001df0       0x10 CMakeFiles/lm75.dir/home/adinata26/PICO/pico-sdk/src/rp2_common/pico_double/double_aeabi_rp2040.S.o
                0x0000000010001df0                __wrap___aeabi_dcmpge
 .text.__wrap___aeabi_dcmpgt
                0x0000000010001e00        0xa CMakeFiles/lm75.dir/home/adinata26/PICO/pico-sdk/src/rp2_common/pico_double/double_aeabi_rp2040.S.o
                0x0000000010001e00                __wrap___aeabi_dcmpgt
 .text.__wrap___aeabi_dcmpun
                0x0000000010001e0a       0x18 CMakeFiles/lm75.dir/home/adinata26/PICO/pico-sdk/src/rp2_common/pico_double/double_aeabi_rp2040.S.o
                0x0000000010001e0a                __wrap___aeabi_dcmpun
 *fill*         0x0000000010001e22        0x2 
 .text.__wrap___aeabi_i2d
                0x0000000010001e24       0x38 CMakeFiles/lm75.dir/home/adinata26/PICO/pico-sdk/src/rp2_common/pico_double/double_aeabi_rp2040.S.o
                0x0000000010001e24                __wrap___aeabi_ui2d
                0x0000000010001e2c                __wrap___aeabi_i2d
 .text.__wrap___aeabi_d2iz
                0x0000000010001e5c       0x48 CMakeFiles/lm75.dir/home/adinata26/PICO/pico-sdk/src/rp2_common/pico_double/double_aeabi_rp2040.S.o
                0x0000000010001e5c                __wrap___aeabi_d2iz
                0x0000000010001e5c                double2int_z
 .text.__wrap___aeabi_d2uiz
                0x0000000010001ea4       0x18 CMakeFiles/lm75.dir/home/adinata26/PICO/pico-sdk/src/rp2_common/pico_double/double_aeabi_rp2040.S.o
                0x0000000010001ea4                double2uint
                0x0000000010001ea4                __wrap___aeabi_d2uiz
 .text.__wrap___aeabi_d2f
                0x0000000010001ebc       0x18 CMakeFiles/lm75.dir/home/adinata26/PICO/pico-sdk/src/rp2_common/pico_double/double_aeabi_rp2040.S.o
                0x0000000010001ebc                __wrap___aeabi_d2f
 .text.__aeabi_double_init
                0x0000000010001ed4       0xcc CMakeFiles/lm75.dir/home/adinata26/PICO/pico-sdk/src/rp2_common/pico_double/double_init_rom_rp2040.c.o
                0x0000000010001ed4                __aeabi_double_init
 .text.double_table_shim_on_use_helper
                0x0000000010001fa0       0x2c CMakeFiles/lm75.dir/home/adinata26/PICO/pico-sdk/src/rp2_common/pico_double/double_v1_rom_shim_rp2040.S.o
                0x0000000010001fa0                double_table_shim_on_use_helper
 .text.__wrap___aeabi_dsub
                0x0000000010001fcc       0x10 CMakeFiles/lm75.dir/home/adinata26/PICO/pico-sdk/src/rp2_common/pico_double/double_v1_rom_shim_rp2040.S.o
                0x0000000010001fcc                drsub_shim
                0x0000000010001fd2                dsub_shim
 .text.dadd_shim
                0x0000000010001fdc      0x15c CMakeFiles/lm75.dir/home/adinata26/PICO/pico-sdk/src/rp2_common/pico_double/double_v1_rom_shim_rp2040.S.o
                0x0000000010001fdc                dadd_shim
 .text.dmul_shim
                0x0000000010002138      0x15c CMakeFiles/lm75.dir/home/adinata26/PICO/pico-sdk/src/rp2_common/pico_double/double_v1_rom_shim_rp2040.S.o
                0x0000000010002138                dmul_shim
 .text.ddiv_shim
                0x0000000010002294      0x1b0 CMakeFiles/lm75.dir/home/adinata26/PICO/pico-sdk/src/rp2_common/pico_double/double_v1_rom_shim_rp2040.S.o
                0x0000000010002294                ddiv_shim
 .text.double2uint_shim
                0x0000000010002444        0xe CMakeFiles/lm75.dir/home/adinata26/PICO/pico-sdk/src/rp2_common/pico_double/double_v1_rom_shim_rp2040.S.o
                0x0000000010002444                double2uint_shim
                0x0000000010002446                double2ufix_shim
 *fill*         0x0000000010002452        0x2 
 .text.double2uint64_shim
                0x0000000010002454       0x70 CMakeFiles/lm75.dir/home/adinata26/PICO/pico-sdk/src/rp2_common/pico_double/double_v1_rom_shim_rp2040.S.o
                0x0000000010002454                double2uint64_shim
                0x0000000010002456                double2ufix64_shim
                0x0000000010002476                d2fix_a
 .text.double2float_shim
                0x00000000100024c4       0x5c CMakeFiles/lm75.dir/home/adinata26/PICO/pico-sdk/src/rp2_common/pico_double/double_v1_rom_shim_rp2040.S.o
                0x00000000100024c4                double2float_shim
 .text.dunpacks
                0x0000000010002520       0x3c CMakeFiles/lm75.dir/home/adinata26/PICO/pico-sdk/src/rp2_common/pico_double/double_v1_rom_shim_rp2040.S.o
                0x0000000010002520                dunpacks
 .text.__aeabi_lmul
                0x000000001000255c       0x32 CMakeFiles/lm75.dir/home/adinata26/PICO/pico-sdk/src/rp2_common/pico_int64_ops/pico_int64_ops_aeabi.S.o
                0x000000001000255c                __wrap___aeabi_lmul
 *fill*         0x000000001000258e        0x2 
 .text.__wrap___aeabi_f2d
                0x0000000010002590       0x14 CMakeFiles/lm75.dir/home/adinata26/PICO/pico-sdk/src/rp2_common/pico_float/float_aeabi_rp2040.S.o
                0x0000000010002590                __wrap___aeabi_f2d
 .text.__aeabi_float_init
                0x00000000100025a4       0x64 CMakeFiles/lm75.dir/home/adinata26/PICO/pico-sdk/src/rp2_common/pico_float/float_init_rom_rp2040.c.o
                0x00000000100025a4                __aeabi_float_init
 .text.float_table_shim_on_use_helper
                0x0000000010002608       0x2c CMakeFiles/lm75.dir/home/adinata26/PICO/pico-sdk/src/rp2_common/pico_float/float_v1_rom_shim_rp2040.S.o
                0x0000000010002608                float_table_shim_on_use_helper
 .text.float2double_shim
                0x0000000010002634       0x30 CMakeFiles/lm75.dir/home/adinata26/PICO/pico-sdk/src/rp2_common/pico_float/float_v1_rom_shim_rp2040.S.o
                0x0000000010002634                float2double_shim
 .text          0x0000000010002664       0x10 CMakeFiles/lm75.dir/home/adinata26/PICO/pico-sdk/src/rp2_common/pico_mem_ops/mem_ops_aeabi.S.o
                0x0000000010002664                __aeabi_mem_init
 .text.memset   0x0000000010002674        0xc CMakeFiles/lm75.dir/home/adinata26/PICO/pico-sdk/src/rp2_common/pico_mem_ops/mem_ops_aeabi.S.o
                0x0000000010002674                __wrap_memset
 .text.memcpy   0x0000000010002680        0xc CMakeFiles/lm75.dir/home/adinata26/PICO/pico-sdk/src/rp2_common/pico_mem_ops/mem_ops_aeabi.S.o
                0x0000000010002680                __wrap___aeabi_memcpy
                0x0000000010002680                __wrap_memcpy
 .text._out_null
                0x000000001000268c        0x4 CMakeFiles/lm75.dir/home/adinata26/PICO/pico-sdk/src/rp2_common/pico_printf/printf.c.o
 .text._out_rev
                0x0000000010002690       0xd0 CMakeFiles/lm75.dir/home/adinata26/PICO/pico-sdk/src/rp2_common/pico_printf/printf.c.o
 .text._ntoa_format
                0x0000000010002760      0x1d0 CMakeFiles/lm75.dir/home/adinata26/PICO/pico-sdk/src/rp2_common/pico_printf/printf.c.o
 .text._out_char
                0x0000000010002930       0x10 CMakeFiles/lm75.dir/home/adinata26/PICO/pico-sdk/src/rp2_common/pico_printf/printf.c.o
 .text._out_fct
                0x0000000010002940       0x10 CMakeFiles/lm75.dir/home/adinata26/PICO/pico-sdk/src/rp2_common/pico_printf/printf.c.o
 .text._etoa    0x0000000010002950      0x478 CMakeFiles/lm75.dir/home/adinata26/PICO/pico-sdk/src/rp2_common/pico_printf/printf.c.o
 .text._ftoa    0x0000000010002dc8      0x3e0 CMakeFiles/lm75.dir/home/adinata26/PICO/pico-sdk/src/rp2_common/pico_printf/printf.c.o
 .text._vsnprintf
                0x00000000100031a8      0xb08 CMakeFiles/lm75.dir/home/adinata26/PICO/pico-sdk/src/rp2_common/pico_printf/printf.c.o
 .text.vfctprintf
                0x0000000010003cb0       0x20 CMakeFiles/lm75.dir/home/adinata26/PICO/pico-sdk/src/rp2_common/pico_printf/printf.c.o
                0x0000000010003cb0                vfctprintf
 .text.weak_raw_vprintf
                0x0000000010003cd0       0x30 CMakeFiles/lm75.dir/home/adinata26/PICO/pico-sdk/src/rp2_common/pico_printf/printf.c.o
                0x0000000010003cd0                weak_raw_vprintf
 .text._exit    0x0000000010003d00        0x4 CMakeFiles/lm75.dir/home/adinata26/PICO/pico-sdk/src/rp2_common/pico_clib_interface/newlib_interface.c.o
                0x0000000010003d00                _exit
 .text.exit     0x0000000010003d04        0x8 CMakeFiles/lm75.dir/home/adinata26/PICO/pico-sdk/src/rp2_common/pico_clib_interface/newlib_interface.c.o
                0x0000000010003d04                exit
 .text.runtime_init
                0x0000000010003d0c       0x2c CMakeFiles/lm75.dir/home/adinata26/PICO/pico-sdk/src/rp2_common/pico_clib_interface/newlib_interface.c.o
                0x0000000010003d0c                runtime_init
 .text.stdio_out_chars_no_crlf
                0x0000000010003d38       0x10 CMakeFiles/lm75.dir/home/adinata26/PICO/pico-sdk/src/rp2_common/pico_stdio/stdio.c.o
 .text.stdio_out_chars_crlf
                0x0000000010003d48       0x94 CMakeFiles/lm75.dir/home/adinata26/PICO/pico-sdk/src/rp2_common/pico_stdio/stdio.c.o
 .text.stdio_buffered_printer
                0x0000000010003ddc       0x64 CMakeFiles/lm75.dir/home/adinata26/PICO/pico-sdk/src/rp2_common/pico_stdio/stdio.c.o
 .text.stdio_put_string
                0x0000000010003e40      0x100 CMakeFiles/lm75.dir/home/adinata26/PICO/pico-sdk/src/rp2_common/pico_stdio/stdio.c.o
                0x0000000010003e40                stdio_put_string
 .text.stdio_set_driver_enabled
                0x0000000010003f40       0x30 CMakeFiles/lm75.dir/home/adinata26/PICO/pico-sdk/src/rp2_common/pico_stdio/stdio.c.o
                0x0000000010003f40                stdio_set_driver_enabled
 .text.stdio_init_all
                0x0000000010003f70        0x8 CMakeFiles/lm75.dir/home/adinata26/PICO/pico-sdk/src/rp2_common/pico_stdio/stdio.c.o
                0x0000000010003f70                stdio_init_all
 .text.__wrap_putchar
                0x0000000010003f78       0x98 CMakeFiles/lm75.dir/home/adinata26/PICO/pico-sdk/src/rp2_common/pico_stdio/stdio.c.o
                0x0000000010003f78                stdio_putchar
                0x0000000010003f78                __wrap_putchar
 .text.__wrap_puts
                0x0000000010004010       0x3c CMakeFiles/lm75.dir/home/adinata26/PICO/pico-sdk/src/rp2_common/pico_stdio/stdio.c.o
                0x0000000010004010                __wrap_puts
                0x0000000010004010                stdio_puts
 .text.__wrap_vprintf
                0x000000001000404c       0xd8 CMakeFiles/lm75.dir/home/adinata26/PICO/pico-sdk/src/rp2_common/pico_stdio/stdio.c.o
                0x000000001000404c                __wrap_vprintf
                0x000000001000404c                stdio_vprintf
 .text.__wrap_printf
                0x0000000010004124       0x18 CMakeFiles/lm75.dir/home/adinata26/PICO/pico-sdk/src/rp2_common/pico_stdio/stdio.c.o
                0x0000000010004124                stdio_printf
                0x0000000010004124                __wrap_printf
 .text.resetd_init
                0x000000001000413c        0x4 CMakeFiles/lm75.dir/home/adinata26/PICO/pico-sdk/src/rp2_common/pico_stdio_usb/reset_interface.c.o
 .text.resetd_reset
                0x0000000010004140        0xc CMakeFiles/lm75.dir/home/adinata26/PICO/pico-sdk/src/rp2_common/pico_stdio_usb/reset_interface.c.o
 .text.resetd_open
                0x000000001000414c       0x28 CMakeFiles/lm75.dir/home/adinata26/PICO/pico-sdk/src/rp2_common/pico_stdio_usb/reset_interface.c.o
 .text.resetd_xfer_cb
                0x0000000010004174        0x4 CMakeFiles/lm75.dir/home/adinata26/PICO/pico-sdk/src/rp2_common/pico_stdio_usb/reset_interface.c.o
 .text.resetd_control_xfer_cb
                0x0000000010004178       0x60 CMakeFiles/lm75.dir/home/adinata26/PICO/pico-sdk/src/rp2_common/pico_stdio_usb/reset_interface.c.o
 .text.tud_descriptor_bos_cb
                0x00000000100041d8        0x8 CMakeFiles/lm75.dir/home/adinata26/PICO/pico-sdk/src/rp2_common/pico_stdio_usb/reset_interface.c.o
                0x00000000100041d8                tud_descriptor_bos_cb
 .text.tud_vendor_control_xfer_cb
                0x00000000100041e0       0x34 CMakeFiles/lm75.dir/home/adinata26/PICO/pico-sdk/src/rp2_common/pico_stdio_usb/reset_interface.c.o
                0x00000000100041e0                tud_vendor_control_xfer_cb
 .text.usbd_app_driver_get_cb
                0x0000000010004214        0xc CMakeFiles/lm75.dir/home/adinata26/PICO/pico-sdk/src/rp2_common/pico_stdio_usb/reset_interface.c.o
                0x0000000010004214                usbd_app_driver_get_cb
 .text.tud_cdc_line_coding_cb
                0x0000000010004220       0x2c CMakeFiles/lm75.dir/home/adinata26/PICO/pico-sdk/src/rp2_common/pico_stdio_usb/reset_interface.c.o
                0x0000000010004220                tud_cdc_line_coding_cb
 .text.stdio_usb_set_chars_available_callback
                0x000000001000424c       0x14 CMakeFiles/lm75.dir/home/adinata26/PICO/pico-sdk/src/rp2_common/pico_stdio_usb/stdio_usb.c.o
                0x000000001000424c                stdio_usb_set_chars_available_callback
 .text.usb_irq  0x0000000010004260       0x10 CMakeFiles/lm75.dir/home/adinata26/PICO/pico-sdk/src/rp2_common/pico_stdio_usb/stdio_usb.c.o
 .text.timer_task
                0x0000000010004270       0x64 CMakeFiles/lm75.dir/home/adinata26/PICO/pico-sdk/src/rp2_common/pico_stdio_usb/stdio_usb.c.o
 .text.stdio_usb_in_chars
                0x00000000100042d4       0x90 CMakeFiles/lm75.dir/home/adinata26/PICO/pico-sdk/src/rp2_common/pico_stdio_usb/stdio_usb.c.o
                0x00000000100042d4                stdio_usb_in_chars
 .text.stdio_usb_out_flush
                0x0000000010004364       0x50 CMakeFiles/lm75.dir/home/adinata26/PICO/pico-sdk/src/rp2_common/pico_stdio_usb/stdio_usb.c.o
 .text.stdio_usb_out_chars
                0x00000000100043b4      0x100 CMakeFiles/lm75.dir/home/adinata26/PICO/pico-sdk/src/rp2_common/pico_stdio_usb/stdio_usb.c.o
 .text.low_priority_worker_irq
                0x00000000100044b4       0xc8 CMakeFiles/lm75.dir/home/adinata26/PICO/pico-sdk/src/rp2_common/pico_stdio_usb/stdio_usb.c.o
 .text.stdio_usb_init
                0x000000001000457c       0xe4 CMakeFiles/lm75.dir/home/adinata26/PICO/pico-sdk/src/rp2_common/pico_stdio_usb/stdio_usb.c.o
                0x000000001000457c                stdio_usb_init
 .text.tud_descriptor_device_cb
                0x0000000010004660        0x8 CMakeFiles/lm75.dir/home/adinata26/PICO/pico-sdk/src/rp2_common/pico_stdio_usb/stdio_usb_descriptors.c.o
                0x0000000010004660                tud_descriptor_device_cb
 .text.tud_descriptor_configuration_cb
                0x0000000010004668        0x8 CMakeFiles/lm75.dir/home/adinata26/PICO/pico-sdk/src/rp2_common/pico_stdio_usb/stdio_usb_descriptors.c.o
                0x0000000010004668                tud_descriptor_configuration_cb
 .text.tud_descriptor_string_cb
                0x0000000010004670       0x70 CMakeFiles/lm75.dir/home/adinata26/PICO/pico-sdk/src/rp2_common/pico_stdio_usb/stdio_usb_descriptors.c.o
                0x0000000010004670                tud_descriptor_string_cb
 .text.startup._retrieve_unique_id_on_boot
                0x00000000100046e0       0x10 CMakeFiles/lm75.dir/home/adinata26/PICO/pico-sdk/src/rp2_common/pico_unique_id/unique_id.c.o
 .text.pico_get_unique_board_id_string
                0x00000000100046f0      0x1bc CMakeFiles/lm75.dir/home/adinata26/PICO/pico-sdk/src/rp2_common/pico_unique_id/unique_id.c.o
                0x00000000100046f0                pico_get_unique_board_id_string
 .text.flash_get_unique_id
                0x00000000100048ac       0x40 CMakeFiles/lm75.dir/home/adinata26/PICO/pico-sdk/src/rp2_common/hardware_flash/flash.c.o
                0x00000000100048ac                flash_get_unique_id
 .text.dcd_init
                0x00000000100048ec       0x94 CMakeFiles/lm75.dir/home/adinata26/PICO/pico-sdk/lib/tinyusb/src/portable/raspberrypi/rp2040/dcd_rp2040.c.o
                0x00000000100048ec                dcd_init
 .text.dcd_int_enable
                0x0000000010004980        0xc CMakeFiles/lm75.dir/home/adinata26/PICO/pico-sdk/lib/tinyusb/src/portable/raspberrypi/rp2040/dcd_rp2040.c.o
                0x0000000010004980                dcd_int_enable
 .text.dcd_set_address
                0x000000001000498c       0x14 CMakeFiles/lm75.dir/home/adinata26/PICO/pico-sdk/lib/tinyusb/src/portable/raspberrypi/rp2040/dcd_rp2040.c.o
                0x000000001000498c                dcd_set_address
 .text.dcd_sof_enable
                0x00000000100049a0       0x1c CMakeFiles/lm75.dir/home/adinata26/PICO/pico-sdk/lib/tinyusb/src/portable/raspberrypi/rp2040/dcd_rp2040.c.o
                0x00000000100049a0                dcd_sof_enable
 .text.dcd_edpt0_status_complete
                0x00000000100049bc       0x1c CMakeFiles/lm75.dir/home/adinata26/PICO/pico-sdk/lib/tinyusb/src/portable/raspberrypi/rp2040/dcd_rp2040.c.o
                0x00000000100049bc                dcd_edpt0_status_complete
 .text.dcd_edpt_open
                0x00000000100049d8      0x108 CMakeFiles/lm75.dir/home/adinata26/PICO/pico-sdk/lib/tinyusb/src/portable/raspberrypi/rp2040/dcd_rp2040.c.o
                0x00000000100049d8                dcd_edpt_open
 .text.dcd_edpt_close_all
                0x0000000010004ae0        0x8 CMakeFiles/lm75.dir/home/adinata26/PICO/pico-sdk/lib/tinyusb/src/portable/raspberrypi/rp2040/dcd_rp2040.c.o
                0x0000000010004ae0                dcd_edpt_close_all
 .text.dcd_edpt_xfer
                0x0000000010004ae8       0x24 CMakeFiles/lm75.dir/home/adinata26/PICO/pico-sdk/lib/tinyusb/src/portable/raspberrypi/rp2040/dcd_rp2040.c.o
                0x0000000010004ae8                dcd_edpt_xfer
 .text.dcd_edpt_stall
                0x0000000010004b0c       0x38 CMakeFiles/lm75.dir/home/adinata26/PICO/pico-sdk/lib/tinyusb/src/portable/raspberrypi/rp2040/dcd_rp2040.c.o
                0x0000000010004b0c                dcd_edpt_stall
 .text.dcd_edpt_clear_stall
                0x0000000010004b44       0x30 CMakeFiles/lm75.dir/home/adinata26/PICO/pico-sdk/lib/tinyusb/src/portable/raspberrypi/rp2040/dcd_rp2040.c.o
                0x0000000010004b44                dcd_edpt_clear_stall
 .text.rp2040_usb_init
                0x0000000010004b74       0x40 CMakeFiles/lm75.dir/home/adinata26/PICO/pico-sdk/lib/tinyusb/src/portable/raspberrypi/rp2040/rp2040_usb.c.o
                0x0000000010004b74                rp2040_usb_init
 .text.hw_endpoint_xfer_start
                0x0000000010004bb4       0x54 CMakeFiles/lm75.dir/home/adinata26/PICO/pico-sdk/lib/tinyusb/src/portable/raspberrypi/rp2040/rp2040_usb.c.o
                0x0000000010004bb4                hw_endpoint_xfer_start
 .text.tud_event_hook_cb
                0x0000000010004c08        0x4 CMakeFiles/lm75.dir/home/adinata26/PICO/pico-sdk/lib/tinyusb/src/device/usbd.c.o
                0x0000000010004c08                tud_event_hook_cb
 .text.tud_sof_cb
                0x0000000010004c0c        0x4 CMakeFiles/lm75.dir/home/adinata26/PICO/pico-sdk/lib/tinyusb/src/device/usbd.c.o
                0x0000000010004c0c                tud_sof_cb
 .text.tud_descriptor_device_qualifier_cb
                0x0000000010004c10        0x4 CMakeFiles/lm75.dir/home/adinata26/PICO/pico-sdk/lib/tinyusb/src/device/usbd.c.o
                0x0000000010004c10                tud_descriptor_device_qualifier_cb
 .text.tud_descriptor_other_speed_configuration_cb
                0x0000000010004c14        0x4 CMakeFiles/lm75.dir/home/adinata26/PICO/pico-sdk/lib/tinyusb/src/device/usbd.c.o
                0x0000000010004c14                tud_descriptor_other_speed_configuration_cb
 .text.tud_mount_cb
                0x0000000010004c18        0x4 CMakeFiles/lm75.dir/home/adinata26/PICO/pico-sdk/lib/tinyusb/src/device/usbd.c.o
                0x0000000010004c18                tud_mount_cb
 .text.tud_umount_cb
                0x0000000010004c1c        0x4 CMakeFiles/lm75.dir/home/adinata26/PICO/pico-sdk/lib/tinyusb/src/device/usbd.c.o
                0x0000000010004c1c                tud_umount_cb
 .text.tud_suspend_cb
                0x0000000010004c20        0x4 CMakeFiles/lm75.dir/home/adinata26/PICO/pico-sdk/lib/tinyusb/src/device/usbd.c.o
                0x0000000010004c20                tud_suspend_cb
 .text.tud_resume_cb
                0x0000000010004c24        0x4 CMakeFiles/lm75.dir/home/adinata26/PICO/pico-sdk/lib/tinyusb/src/device/usbd.c.o
                0x0000000010004c24                tud_resume_cb
 .text.tud_mounted
                0x0000000010004c28       0x10 CMakeFiles/lm75.dir/home/adinata26/PICO/pico-sdk/lib/tinyusb/src/device/usbd.c.o
                0x0000000010004c28                tud_mounted
 .text.tud_suspended
                0x0000000010004c38       0x10 CMakeFiles/lm75.dir/home/adinata26/PICO/pico-sdk/lib/tinyusb/src/device/usbd.c.o
                0x0000000010004c38                tud_suspended
 .text.tud_init
                0x0000000010004c48       0xe4 CMakeFiles/lm75.dir/home/adinata26/PICO/pico-sdk/lib/tinyusb/src/device/usbd.c.o
                0x0000000010004c48                tud_init
 .text.tud_task_ext
                0x0000000010004d2c      0x7dc CMakeFiles/lm75.dir/home/adinata26/PICO/pico-sdk/lib/tinyusb/src/device/usbd.c.o
                0x0000000010004d2c                tud_task_ext
 .text.usbd_open_edpt_pair
                0x0000000010005508       0x9c CMakeFiles/lm75.dir/home/adinata26/PICO/pico-sdk/lib/tinyusb/src/device/usbd.c.o
                0x0000000010005508                usbd_open_edpt_pair
 .text.usbd_edpt_open
                0x00000000100055a4       0x34 CMakeFiles/lm75.dir/home/adinata26/PICO/pico-sdk/lib/tinyusb/src/device/usbd.c.o
                0x00000000100055a4                usbd_edpt_open
 .text.usbd_edpt_claim
                0x00000000100055d8       0x28 CMakeFiles/lm75.dir/home/adinata26/PICO/pico-sdk/lib/tinyusb/src/device/usbd.c.o
                0x00000000100055d8                usbd_edpt_claim
 .text.usbd_edpt_release
                0x0000000010005600       0x28 CMakeFiles/lm75.dir/home/adinata26/PICO/pico-sdk/lib/tinyusb/src/device/usbd.c.o
                0x0000000010005600                usbd_edpt_release
 .text.usbd_edpt_xfer
                0x0000000010005628       0x4c CMakeFiles/lm75.dir/home/adinata26/PICO/pico-sdk/lib/tinyusb/src/device/usbd.c.o
                0x0000000010005628                usbd_edpt_xfer
 .text.tud_control_status
                0x0000000010005674       0x30 CMakeFiles/lm75.dir/home/adinata26/PICO/pico-sdk/lib/tinyusb/src/device/usbd_control.c.o
                0x0000000010005674                tud_control_status
 .text.tud_control_xfer
                0x00000000100056a4       0xb8 CMakeFiles/lm75.dir/home/adinata26/PICO/pico-sdk/lib/tinyusb/src/device/usbd_control.c.o
                0x00000000100056a4                tud_control_xfer
 .text.usbd_control_reset
                0x000000001000575c       0x14 CMakeFiles/lm75.dir/home/adinata26/PICO/pico-sdk/lib/tinyusb/src/device/usbd_control.c.o
                0x000000001000575c                usbd_control_reset
 .text.usbd_control_set_complete_callback
                0x0000000010005770        0xc CMakeFiles/lm75.dir/home/adinata26/PICO/pico-sdk/lib/tinyusb/src/device/usbd_control.c.o
                0x0000000010005770                usbd_control_set_complete_callback
 .text.usbd_control_set_request
                0x000000001000577c       0x1c CMakeFiles/lm75.dir/home/adinata26/PICO/pico-sdk/lib/tinyusb/src/device/usbd_control.c.o
                0x000000001000577c                usbd_control_set_request
 .text.usbd_control_xfer_cb
                0x0000000010005798       0xf0 CMakeFiles/lm75.dir/home/adinata26/PICO/pico-sdk/lib/tinyusb/src/device/usbd_control.c.o
                0x0000000010005798                usbd_control_xfer_cb
 .text._prep_out_transaction
                0x0000000010005888       0x64 CMakeFiles/lm75.dir/home/adinata26/PICO/pico-sdk/lib/tinyusb/src/class/cdc/cdc_device.c.o
 .text.tud_cdc_n_connected
                0x00000000100058ec       0x30 CMakeFiles/lm75.dir/home/adinata26/PICO/pico-sdk/lib/tinyusb/src/class/cdc/cdc_device.c.o
                0x00000000100058ec                tud_cdc_n_connected
 .text.tud_cdc_n_available
                0x000000001000591c       0x18 CMakeFiles/lm75.dir/home/adinata26/PICO/pico-sdk/lib/tinyusb/src/class/cdc/cdc_device.c.o
                0x000000001000591c                tud_cdc_n_available
 .text.tud_cdc_n_read
                0x0000000010005934       0x98 CMakeFiles/lm75.dir/home/adinata26/PICO/pico-sdk/lib/tinyusb/src/class/cdc/cdc_device.c.o
                0x0000000010005934                tud_cdc_n_read
 .text.tud_cdc_n_write_flush
                0x00000000100059cc       0x78 CMakeFiles/lm75.dir/home/adinata26/PICO/pico-sdk/lib/tinyusb/src/class/cdc/cdc_device.c.o
                0x00000000100059cc                tud_cdc_n_write_flush
 .text.tud_cdc_n_write
                0x0000000010005a44       0x44 CMakeFiles/lm75.dir/home/adinata26/PICO/pico-sdk/lib/tinyusb/src/class/cdc/cdc_device.c.o
                0x0000000010005a44                tud_cdc_n_write
 .text.tud_cdc_n_write_available
                0x0000000010005a88       0x18 CMakeFiles/lm75.dir/home/adinata26/PICO/pico-sdk/lib/tinyusb/src/class/cdc/cdc_device.c.o
                0x0000000010005a88                tud_cdc_n_write_available
 .text.cdcd_init
                0x0000000010005aa0       0x80 CMakeFiles/lm75.dir/home/adinata26/PICO/pico-sdk/lib/tinyusb/src/class/cdc/cdc_device.c.o
                0x0000000010005aa0                cdcd_init
 .text.cdcd_deinit
                0x0000000010005b20       0x24 CMakeFiles/lm75.dir/home/adinata26/PICO/pico-sdk/lib/tinyusb/src/class/cdc/cdc_device.c.o
                0x0000000010005b20                cdcd_deinit
 .text.cdcd_reset
                0x0000000010005b44       0x4c CMakeFiles/lm75.dir/home/adinata26/PICO/pico-sdk/lib/tinyusb/src/class/cdc/cdc_device.c.o
                0x0000000010005b44                cdcd_reset
 .text.cdcd_open
                0x0000000010005b90       0xb4 CMakeFiles/lm75.dir/home/adinata26/PICO/pico-sdk/lib/tinyusb/src/class/cdc/cdc_device.c.o
                0x0000000010005b90                cdcd_open
 .text.cdcd_control_xfer_cb
                0x0000000010005c44       0xe8 CMakeFiles/lm75.dir/home/adinata26/PICO/pico-sdk/lib/tinyusb/src/class/cdc/cdc_device.c.o
                0x0000000010005c44                cdcd_control_xfer_cb
 .text.cdcd_xfer_cb
                0x0000000010005d2c      0x154 CMakeFiles/lm75.dir/home/adinata26/PICO/pico-sdk/lib/tinyusb/src/class/cdc/cdc_device.c.o
                0x0000000010005d2c                cdcd_xfer_cb
 .text.vendord_init
                0x0000000010005e80       0x5c CMakeFiles/lm75.dir/home/adinata26/PICO/pico-sdk/lib/tinyusb/src/class/vendor/vendor_device.c.o
                0x0000000010005e80                vendord_init
 .text.vendord_deinit
                0x0000000010005edc       0x1c CMakeFiles/lm75.dir/home/adinata26/PICO/pico-sdk/lib/tinyusb/src/class/vendor/vendor_device.c.o
                0x0000000010005edc                vendord_deinit
 .text.vendord_reset
                0x0000000010005ef8       0x20 CMakeFiles/lm75.dir/home/adinata26/PICO/pico-sdk/lib/tinyusb/src/class/vendor/vendor_device.c.o
                0x0000000010005ef8                vendord_reset
 .text.vendord_open
                0x0000000010005f18      0x138 CMakeFiles/lm75.dir/home/adinata26/PICO/pico-sdk/lib/tinyusb/src/class/vendor/vendor_device.c.o
                0x0000000010005f18                vendord_open
 .text.vendord_xfer_cb
                0x0000000010006050       0x9c CMakeFiles/lm75.dir/home/adinata26/PICO/pico-sdk/lib/tinyusb/src/class/vendor/vendor_device.c.o
                0x0000000010006050                vendord_xfer_cb
 .text.tusb_init
                0x00000000100060ec        0xc CMakeFiles/lm75.dir/home/adinata26/PICO/pico-sdk/lib/tinyusb/src/tusb.c.o
                0x00000000100060ec                tusb_init
 .text.tu_edpt_claim
                0x00000000100060f8       0x50 CMakeFiles/lm75.dir/home/adinata26/PICO/pico-sdk/lib/tinyusb/src/tusb.c.o
                0x00000000100060f8                tu_edpt_claim
 .text.tu_edpt_release
                0x0000000010006148       0x38 CMakeFiles/lm75.dir/home/adinata26/PICO/pico-sdk/lib/tinyusb/src/tusb.c.o
                0x0000000010006148                tu_edpt_release
 .text.tu_edpt_validate
                0x0000000010006180       0x78 CMakeFiles/lm75.dir/home/adinata26/PICO/pico-sdk/lib/tinyusb/src/tusb.c.o
                0x0000000010006180                tu_edpt_validate
 .text.tu_edpt_bind_driver
                0x00000000100061f8       0x34 CMakeFiles/lm75.dir/home/adinata26/PICO/pico-sdk/lib/tinyusb/src/tusb.c.o
                0x00000000100061f8                tu_edpt_bind_driver
 .text.tu_edpt_stream_init
                0x000000001000622c       0x6c CMakeFiles/lm75.dir/home/adinata26/PICO/pico-sdk/lib/tinyusb/src/tusb.c.o
                0x000000001000622c                tu_edpt_stream_init
 .text.tu_edpt_stream_deinit
                0x0000000010006298        0x4 CMakeFiles/lm75.dir/home/adinata26/PICO/pico-sdk/lib/tinyusb/src/tusb.c.o
                0x0000000010006298                tu_edpt_stream_deinit
 .text.tu_edpt_stream_write_zlp_if_needed
                0x000000001000629c       0x58 CMakeFiles/lm75.dir/home/adinata26/PICO/pico-sdk/lib/tinyusb/src/tusb.c.o
                0x000000001000629c                tu_edpt_stream_write_zlp_if_needed
 .text.tu_edpt_stream_write_xfer
                0x00000000100062f4       0x64 CMakeFiles/lm75.dir/home/adinata26/PICO/pico-sdk/lib/tinyusb/src/tusb.c.o
                0x00000000100062f4                tu_edpt_stream_write_xfer
 .text.tu_edpt_stream_read_xfer
                0x0000000010006358       0xdc CMakeFiles/lm75.dir/home/adinata26/PICO/pico-sdk/lib/tinyusb/src/tusb.c.o
                0x0000000010006358                tu_edpt_stream_read_xfer
 .text.tu_fifo_config
                0x0000000010006434       0x70 CMakeFiles/lm75.dir/home/adinata26/PICO/pico-sdk/lib/tinyusb/src/common/tusb_fifo.c.o
                0x0000000010006434                tu_fifo_config
 .text.tu_fifo_count
                0x00000000100064a4       0x2c CMakeFiles/lm75.dir/home/adinata26/PICO/pico-sdk/lib/tinyusb/src/common/tusb_fifo.c.o
                0x00000000100064a4                tu_fifo_count
 .text.tu_fifo_empty
                0x00000000100064d0       0x10 CMakeFiles/lm75.dir/home/adinata26/PICO/pico-sdk/lib/tinyusb/src/common/tusb_fifo.c.o
                0x00000000100064d0                tu_fifo_empty
 .text.tu_fifo_remaining
                0x00000000100064e0       0x2c CMakeFiles/lm75.dir/home/adinata26/PICO/pico-sdk/lib/tinyusb/src/common/tusb_fifo.c.o
                0x00000000100064e0                tu_fifo_remaining
 .text.tu_fifo_read
                0x000000001000650c       0x9c CMakeFiles/lm75.dir/home/adinata26/PICO/pico-sdk/lib/tinyusb/src/common/tusb_fifo.c.o
                0x000000001000650c                tu_fifo_read
 .text.tu_fifo_read_n
                0x00000000100065a8       0xf0 CMakeFiles/lm75.dir/home/adinata26/PICO/pico-sdk/lib/tinyusb/src/common/tusb_fifo.c.o
                0x00000000100065a8                tu_fifo_read_n
 .text.tu_fifo_write
                0x0000000010006698       0x88 CMakeFiles/lm75.dir/home/adinata26/PICO/pico-sdk/lib/tinyusb/src/common/tusb_fifo.c.o
                0x0000000010006698                tu_fifo_write
 .text.tu_fifo_write_n
                0x0000000010006720      0x158 CMakeFiles/lm75.dir/home/adinata26/PICO/pico-sdk/lib/tinyusb/src/common/tusb_fifo.c.o
                0x0000000010006720                tu_fifo_write_n
 .text.tu_fifo_clear
                0x0000000010006878       0x40 CMakeFiles/lm75.dir/home/adinata26/PICO/pico-sdk/lib/tinyusb/src/common/tusb_fifo.c.o
                0x0000000010006878                tu_fifo_clear
 .text.tu_fifo_set_overwritable
                0x00000000100068b8       0x48 CMakeFiles/lm75.dir/home/adinata26/PICO/pico-sdk/lib/tinyusb/src/common/tusb_fifo.c.o
                0x00000000100068b8                tu_fifo_set_overwritable
 .text.i2c_read_blocking_internal.constprop.0
                0x0000000010006900       0xb0 CMakeFiles/lm75.dir/home/adinata26/PICO/pico-sdk/src/rp2_common/hardware_i2c/i2c.c.o
 .text.i2c_write_blocking_internal.isra.0.constprop.0
                0x00000000100069b0       0xd0 CMakeFiles/lm75.dir/home/adinata26/PICO/pico-sdk/src/rp2_common/hardware_i2c/i2c.c.o
 .text.i2c_set_baudrate
                0x0000000010006a80       0xc0 CMakeFiles/lm75.dir/home/adinata26/PICO/pico-sdk/src/rp2_common/hardware_i2c/i2c.c.o
                0x0000000010006a80                i2c_set_baudrate
 .text.i2c_init
                0x0000000010006b40       0x54 CMakeFiles/lm75.dir/home/adinata26/PICO/pico-sdk/src/rp2_common/hardware_i2c/i2c.c.o
                0x0000000010006b40                i2c_init
 .text.i2c_write_blocking
                0x0000000010006b94       0x1c CMakeFiles/lm75.dir/home/adinata26/PICO/pico-sdk/src/rp2_common/hardware_i2c/i2c.c.o
                0x0000000010006b94                i2c_write_blocking
 .text.i2c_read_blocking
                0x0000000010006bb0       0x14 CMakeFiles/lm75.dir/home/adinata26/PICO/pico-sdk/src/rp2_common/hardware_i2c/i2c.c.o
                0x0000000010006bb0                i2c_read_blocking
 .text          0x0000000010006bc4       0x68 /usr/lib/gcc/arm-none-eabi/9.2.1/../../../arm-none-eabi/lib/thumb/v6-m/nofp/libg.a(lib_a-strlen-stub.o)
                0x0000000010006bc4                strlen
 *(.fini)
 .fini          0x0000000010006c2c        0x4 /usr/lib/gcc/arm-none-eabi/9.2.1/thumb/v6-m/nofp/crti.o
                0x0000000010006c2c                _fini
 .fini.__stub   0x0000000010006c30       0xd0 linker stubs
 *crtbegin.o(.ctors)
 *crtbegin?.o(.ctors)
 *(EXCLUDE_FILE(*crtend.o *crtend?.o) .ctors)
 *(SORT_BY_NAME(.ctors.*))
 *(.ctors)
 *crtbegin.o(.dtors)
 *crtbegin?.o(.dtors)
 *(EXCLUDE_FILE(*crtend.o *crtend?.o) .dtors)
 *(SORT_BY_NAME(.dtors.*))
 *(.dtors)
                0x0000000010006d00                . = ALIGN (0x4)
                0x0000000010006d00                PROVIDE (__preinit_array_start = .)
 *(SORT_BY_NAME(.preinit_array.*))
 .preinit_array.00100
                0x0000000010006d00        0x4 CMakeFiles/lm75.dir/home/adinata26/PICO/pico-sdk/src/rp2_common/pico_runtime_init/runtime_init.c.o
                0x0000000010006d00                __pre_init_runtime_init_early_resets
 .preinit_array.00101
                0x0000000010006d04        0x4 CMakeFiles/lm75.dir/home/adinata26/PICO/pico-sdk/src/rp2_common/pico_runtime_init/runtime_init.c.o
                0x0000000010006d04                __pre_init_runtime_init_usb_power_down
 .preinit_array.00275
                0x0000000010006d08        0x4 CMakeFiles/lm75.dir/home/adinata26/PICO/pico-sdk/src/rp2_common/pico_bit_ops/bit_ops_aeabi.S.o
 .preinit_array.00300
                0x0000000010006d0c        0x4 CMakeFiles/lm75.dir/home/adinata26/PICO/pico-sdk/src/rp2_common/pico_mem_ops/mem_ops_aeabi.S.o
 .preinit_array.00350
                0x0000000010006d10        0x4 CMakeFiles/lm75.dir/home/adinata26/PICO/pico-sdk/src/rp2_common/pico_double/double_aeabi_rp2040.S.o
 .preinit_array.00350
                0x0000000010006d14        0x4 CMakeFiles/lm75.dir/home/adinata26/PICO/pico-sdk/src/rp2_common/pico_float/float_aeabi_rp2040.S.o
 .preinit_array.00500
                0x0000000010006d18        0x4 CMakeFiles/lm75.dir/home/adinata26/PICO/pico-sdk/src/rp2_common/pico_runtime_init/runtime_init.c.o
                0x0000000010006d18                __pre_init_runtime_init_clocks
 .preinit_array.00600
                0x0000000010006d1c        0x4 CMakeFiles/lm75.dir/home/adinata26/PICO/pico-sdk/src/rp2_common/pico_runtime_init/runtime_init.c.o
                0x0000000010006d1c                __pre_init_runtime_init_post_clock_resets
 .preinit_array.00700
                0x0000000010006d20        0x4 CMakeFiles/lm75.dir/home/adinata26/PICO/pico-sdk/src/rp2_common/pico_runtime_init/runtime_init.c.o
                0x0000000010006d20                __pre_init_runtime_init_rp2040_gpio_ie_disable
 .preinit_array.01000
                0x0000000010006d24        0x4 CMakeFiles/lm75.dir/home/adinata26/PICO/pico-sdk/src/rp2_common/pico_runtime_init/runtime_init.c.o
                0x0000000010006d24                __pre_init_runtime_init_spin_locks_reset
 .preinit_array.01100
                0x0000000010006d28        0x4 CMakeFiles/lm75.dir/home/adinata26/PICO/pico-sdk/src/common/pico_sync/mutex.c.o
                0x0000000010006d28                __pre_init_runtime_init_mutex
 .preinit_array.10080
                0x0000000010006d2c        0x4 CMakeFiles/lm75.dir/home/adinata26/PICO/pico-sdk/src/rp2_common/pico_runtime_init/runtime_init.c.o
                0x0000000010006d2c                __pre_init_runtime_init_install_ram_vector_table
 .preinit_array.11000
                0x0000000010006d30        0x4 CMakeFiles/lm75.dir/home/adinata26/PICO/pico-sdk/src/common/pico_time/time.c.o
                0x0000000010006d30                __pre_init_runtime_init_default_alarm_pool
 .preinit_array.YYYYY
                0x0000000010006d34        0x4 CMakeFiles/lm75.dir/home/adinata26/PICO/pico-sdk/src/rp2_common/pico_runtime/runtime.c.o
                0x0000000010006d34                __pre_init_first_per_core_initializer
 .preinit_array.ZZZZZ.01200
                0x0000000010006d38        0x4 CMakeFiles/lm75.dir/home/adinata26/PICO/pico-sdk/src/rp2_common/hardware_irq/irq.c.o
                0x0000000010006d38                __pre_init_runtime_init_per_core_irq_priorities
 *(.preinit_array)
                0x0000000010006d3c                PROVIDE (__preinit_array_end = .)
                0x0000000010006d3c                . = ALIGN (0x4)
                0x0000000010006d3c                PROVIDE (__init_array_start = .)
 *(SORT_BY_NAME(.init_array.*))
 *(.init_array)
 .init_array    0x0000000010006d3c        0x4 /usr/lib/gcc/arm-none-eabi/9.2.1/thumb/v6-m/nofp/crtbegin.o
 .init_array    0x0000000010006d40        0x4 CMakeFiles/lm75.dir/home/adinata26/PICO/pico-sdk/src/rp2_common/pico_unique_id/unique_id.c.o
                0x0000000010006d44                PROVIDE (__init_array_end = .)
                0x0000000010006d44                . = ALIGN (0x4)
                0x0000000010006d44                PROVIDE (__fini_array_start = .)
 *(SORT_BY_NAME(.fini_array.*))
 *(.fini_array)
                0x0000000010006d44                PROVIDE (__fini_array_end = .)
 *(.eh_frame*)
 .eh_frame      0x0000000010006d44        0x0 /usr/lib/gcc/arm-none-eabi/9.2.1/thumb/v6-m/nofp/crtbegin.o
                0x0000000010006d44                . = ALIGN (0x4)

.glue_7         0x0000000010006d44        0x0
 .glue_7        0x0000000010006d44        0x0 linker stubs

.glue_7t        0x0000000010006d44        0x0
 .glue_7t       0x0000000010006d44        0x0 linker stubs

.vfp11_veneer   0x0000000010006d44        0x0
 .vfp11_veneer  0x0000000010006d44        0x0 linker stubs

.v4_bx          0x0000000010006d44        0x0
 .v4_bx         0x0000000010006d44        0x0 linker stubs

.iplt           0x0000000010006d44        0x0
 .iplt          0x0000000010006d44        0x0 /usr/lib/gcc/arm-none-eabi/9.2.1/thumb/v6-m/nofp/crtbegin.o

.rodata         0x0000000010006d48      0x6c8
 *(EXCLUDE_FILE(*libm.a: *libc.a:*lib_a-mem*.o *libgcc.a:) .rodata*)
 .rodata.read_temperature.str1.4
                0x0000000010006d48       0x37 CMakeFiles/lm75.dir/lm75.c.o
 *fill*         0x0000000010006d7f        0x1 
 .rodata.main.str1.4
                0x0000000010006d80       0x39 CMakeFiles/lm75.dir/lm75.c.o
 *fill*         0x0000000010006db9        0x3 
 .rodata.panic.str1.4
                0x0000000010006dbc       0x12 CMakeFiles/lm75.dir/home/adinata26/PICO/pico-sdk/src/rp2_common/pico_platform_panic/panic.c.o
 *fill*         0x0000000010006dce        0x2 
 .rodata.spin_lock_claim_unused.str1.4
                0x0000000010006dd0       0x1b CMakeFiles/lm75.dir/home/adinata26/PICO/pico-sdk/src/rp2_common/hardware_sync/sync.c.o
 *fill*         0x0000000010006deb        0x1 
 .rodata.user_irq_claim_unused.str1.4
                0x0000000010006dec       0x1b CMakeFiles/lm75.dir/home/adinata26/PICO/pico-sdk/src/rp2_common/hardware_irq/irq.c.o
 *fill*         0x0000000010006e07        0x1 
 .rodata.timer_hardware_alarm_claim.str1.4
                0x0000000010006e08       0x22 CMakeFiles/lm75.dir/home/adinata26/PICO/pico-sdk/src/rp2_common/hardware_timer/timer.c.o
 *fill*         0x0000000010006e2a        0x2 
 .rodata.hard_assertion_failure.str1.4
                0x0000000010006e2c        0xc CMakeFiles/lm75.dir/home/adinata26/PICO/pico-sdk/src/rp2_common/pico_runtime/runtime.c.o
 .rodata.str1.4
                0x0000000010006e38       0x3c CMakeFiles/lm75.dir/home/adinata26/PICO/pico-sdk/src/rp2_common/pico_standard_binary_info/standard_binary_info.c.o
 .rodata.__bi_26
                0x0000000010006e74        0xc CMakeFiles/lm75.dir/home/adinata26/PICO/pico-sdk/src/rp2_common/pico_standard_binary_info/standard_binary_info.c.o
 .rodata.__bi_34
                0x0000000010006e80        0xc CMakeFiles/lm75.dir/home/adinata26/PICO/pico-sdk/src/rp2_common/pico_standard_binary_info/standard_binary_info.c.o
 .rodata.__bi_42
                0x0000000010006e8c        0xc CMakeFiles/lm75.dir/home/adinata26/PICO/pico-sdk/src/rp2_common/pico_standard_binary_info/standard_binary_info.c.o
 .rodata.__bi_48
                0x0000000010006e98        0xc CMakeFiles/lm75.dir/home/adinata26/PICO/pico-sdk/src/rp2_common/pico_standard_binary_info/standard_binary_info.c.o
 .rodata.__bi_54
                0x0000000010006ea4        0xc CMakeFiles/lm75.dir/home/adinata26/PICO/pico-sdk/src/rp2_common/pico_standard_binary_info/standard_binary_info.c.o
 .rodata.__bi_78
                0x0000000010006eb0        0xc CMakeFiles/lm75.dir/home/adinata26/PICO/pico-sdk/src/rp2_common/pico_standard_binary_info/standard_binary_info.c.o
 .rodata.__bi_84
                0x0000000010006ebc        0xc CMakeFiles/lm75.dir/home/adinata26/PICO/pico-sdk/src/rp2_common/pico_standard_binary_info/standard_binary_info.c.o
 .rodata._ftoa.str1.4
                0x0000000010006ec8       0x15 CMakeFiles/lm75.dir/home/adinata26/PICO/pico-sdk/src/rp2_common/pico_printf/printf.c.o
 *fill*         0x0000000010006edd        0x3 
 .rodata._vsnprintf
                0x0000000010006ee0      0x1e0 CMakeFiles/lm75.dir/home/adinata26/PICO/pico-sdk/src/rp2_common/pico_printf/printf.c.o
 .rodata.pow10.5457
                0x00000000100070c0       0x50 CMakeFiles/lm75.dir/home/adinata26/PICO/pico-sdk/src/rp2_common/pico_printf/printf.c.o
 .rodata.crlf_str.6128
                0x0000000010007110        0x2 CMakeFiles/lm75.dir/home/adinata26/PICO/pico-sdk/src/rp2_common/pico_stdio/stdio.c.o
 *fill*         0x0000000010007112        0x2 
 .rodata._resetd_driver
                0x0000000010007114       0x20 CMakeFiles/lm75.dir/home/adinata26/PICO/pico-sdk/src/rp2_common/pico_stdio_usb/reset_interface.c.o
 .rodata.desc_bos
                0x0000000010007134       0x21 CMakeFiles/lm75.dir/home/adinata26/PICO/pico-sdk/src/rp2_common/pico_stdio_usb/reset_interface.c.o
                0x0000000010007134                desc_bos
 *fill*         0x0000000010007155        0x3 
 .rodata.desc_ms_os_20
                0x0000000010007158       0xa6 CMakeFiles/lm75.dir/home/adinata26/PICO/pico-sdk/src/rp2_common/pico_stdio_usb/reset_interface.c.o
 *fill*         0x00000000100071fe        0x2 
 .rodata.str1.4
                0x0000000010007200       0x13 CMakeFiles/lm75.dir/home/adinata26/PICO/pico-sdk/src/rp2_common/pico_stdio_usb/stdio_usb.c.o
 *fill*         0x0000000010007213        0x1 
 .rodata.__bi_197.7850
                0x0000000010007214        0xc CMakeFiles/lm75.dir/home/adinata26/PICO/pico-sdk/src/rp2_common/pico_stdio_usb/stdio_usb.c.o
 .rodata.str1.4
                0x0000000010007220       0x2a CMakeFiles/lm75.dir/home/adinata26/PICO/pico-sdk/src/rp2_common/pico_stdio_usb/stdio_usb_descriptors.c.o
 *fill*         0x000000001000724a        0x2 
 .rodata.usbd_desc_cfg
                0x000000001000724c       0x54 CMakeFiles/lm75.dir/home/adinata26/PICO/pico-sdk/src/rp2_common/pico_stdio_usb/stdio_usb_descriptors.c.o
 .rodata.usbd_desc_device
                0x00000000100072a0       0x12 CMakeFiles/lm75.dir/home/adinata26/PICO/pico-sdk/src/rp2_common/pico_stdio_usb/stdio_usb_descriptors.c.o
 *fill*         0x00000000100072b2        0x2 
 .rodata.usbd_desc_str
                0x00000000100072b4       0x18 CMakeFiles/lm75.dir/home/adinata26/PICO/pico-sdk/src/rp2_common/pico_stdio_usb/stdio_usb_descriptors.c.o
 .rodata.str1.4
                0x00000000100072cc       0x14 CMakeFiles/lm75.dir/home/adinata26/PICO/pico-sdk/lib/tinyusb/src/portable/raspberrypi/rp2040/dcd_rp2040.c.o
 .rodata.str1.4
                0x00000000100072e0       0x48 CMakeFiles/lm75.dir/home/adinata26/PICO/pico-sdk/lib/tinyusb/src/portable/raspberrypi/rp2040/rp2040_usb.c.o
 .rodata.tud_task_ext
                0x0000000010007328       0x8c CMakeFiles/lm75.dir/home/adinata26/PICO/pico-sdk/lib/tinyusb/src/device/usbd.c.o
 .rodata        0x00000000100073b4       0x1c CMakeFiles/lm75.dir/home/adinata26/PICO/pico-sdk/lib/tinyusb/src/device/usbd.c.o
 .rodata._usbd_driver
                0x00000000100073d0       0x40 CMakeFiles/lm75.dir/home/adinata26/PICO/pico-sdk/lib/tinyusb/src/device/usbd.c.o
                0x0000000010007410                . = ALIGN (0x4)
 *(SORT_BY_ALIGNMENT(SORT_BY_NAME(.flashdata*)))
                0x0000000010007410                . = ALIGN (0x4)

.ARM.extab
 *(.ARM.extab* .gnu.linkonce.armextab.*)
                0x0000000010007410                __exidx_start = .

.ARM.exidx
 *(.ARM.exidx* .gnu.linkonce.armexidx.*)
                0x0000000010007410                __exidx_end = .
                0x0000000010007410                . = ALIGN (0x4)
                0x0000000010007410                __binary_info_start = .

.binary_info    0x0000000010007410       0x20
 *(.binary_info.keep.*)
 .binary_info.keep.__bi_ptr26
                0x0000000010007410        0x4 CMakeFiles/lm75.dir/home/adinata26/PICO/pico-sdk/src/rp2_common/pico_standard_binary_info/standard_binary_info.c.o
 .binary_info.keep.__bi_ptr34
                0x0000000010007414        0x4 CMakeFiles/lm75.dir/home/adinata26/PICO/pico-sdk/src/rp2_common/pico_standard_binary_info/standard_binary_info.c.o
 .binary_info.keep.__bi_ptr42
                0x0000000010007418        0x4 CMakeFiles/lm75.dir/home/adinata26/PICO/pico-sdk/src/rp2_common/pico_standard_binary_info/standard_binary_info.c.o
 .binary_info.keep.__bi_ptr48
                0x000000001000741c        0x4 CMakeFiles/lm75.dir/home/adinata26/PICO/pico-sdk/src/rp2_common/pico_standard_binary_info/standard_binary_info.c.o
 .binary_info.keep.__bi_ptr54
                0x0000000010007420        0x4 CMakeFiles/lm75.dir/home/adinata26/PICO/pico-sdk/src/rp2_common/pico_standard_binary_info/standard_binary_info.c.o
 .binary_info.keep.__bi_ptr78
                0x0000000010007424        0x4 CMakeFiles/lm75.dir/home/adinata26/PICO/pico-sdk/src/rp2_common/pico_standard_binary_info/standard_binary_info.c.o
 .binary_info.keep.__bi_ptr84
                0x0000000010007428        0x4 CMakeFiles/lm75.dir/home/adinata26/PICO/pico-sdk/src/rp2_common/pico_standard_binary_info/standard_binary_info.c.o
 *(.binary_info.*)
 .binary_info.__bi_ptr197
                0x000000001000742c        0x4 CMakeFiles/lm75.dir/home/adinata26/PICO/pico-sdk/src/rp2_common/pico_stdio_usb/stdio_usb.c.o
                0x0000000010007430                __binary_info_end = .

.rel.dyn        0x0000000010007430        0x0
 .rel.iplt      0x0000000010007430        0x0 /usr/lib/gcc/arm-none-eabi/9.2.1/thumb/v6-m/nofp/crtbegin.o
                0x0000000010007430                . = ALIGN (0x4)

.ram_vector_table
                0x0000000020000000       0xc0
 *(.ram_vector_table)
 .ram_vector_table
                0x0000000020000000       0xc0 CMakeFiles/lm75.dir/home/adinata26/PICO/pico-sdk/src/rp2_common/pico_runtime_init/runtime_init.c.o
                0x0000000020000000                ram_vector_table

.uninitialized_data
                0x00000000200000c0        0x0
                0x00000000200000c0                . = ALIGN (0x4)
 *(.uninitialized_data*)

.data           0x00000000200000c0     0x1090 load address 0x0000000010007430
                0x00000000200000c0                __data_start__ = .
 *(vtable)
 *(.time_critical*)
 .time_critical.mutex_try_enter
                0x00000000200000c0       0x48 CMakeFiles/lm75.dir/home/adinata26/PICO/pico-sdk/src/common/pico_sync/mutex.c.o
                0x00000000200000c0                mutex_try_enter
 .time_critical.mutex_try_enter_block_until
                0x0000000020000108       0xb0 CMakeFiles/lm75.dir/home/adinata26/PICO/pico-sdk/src/common/pico_sync/mutex.c.o
                0x0000000020000108                mutex_try_enter_block_until
 .time_critical.mutex_enter_timeout_ms
                0x00000000200001b8       0x90 CMakeFiles/lm75.dir/home/adinata26/PICO/pico-sdk/src/common/pico_sync/mutex.c.o
                0x00000000200001b8                mutex_enter_timeout_ms
 .time_critical.mutex_exit
                0x0000000020000248       0x28 CMakeFiles/lm75.dir/home/adinata26/PICO/pico-sdk/src/common/pico_sync/mutex.c.o
                0x0000000020000248                mutex_exit
 .time_critical.flash_init_boot2_copyout
                0x0000000020000270       0x30 CMakeFiles/lm75.dir/home/adinata26/PICO/pico-sdk/src/rp2_common/hardware_flash/flash.c.o
 .time_critical.flash_enable_xip_via_boot2
                0x00000000200002a0       0x10 CMakeFiles/lm75.dir/home/adinata26/PICO/pico-sdk/src/rp2_common/hardware_flash/flash.c.o
 .time_critical.flash_cs_force
                0x00000000200002b0       0x38 CMakeFiles/lm75.dir/home/adinata26/PICO/pico-sdk/src/rp2_common/hardware_flash/flash.c.o
 .time_critical.flash_do_cmd
                0x00000000200002e8       0xc4 CMakeFiles/lm75.dir/home/adinata26/PICO/pico-sdk/src/rp2_common/hardware_flash/flash.c.o
                0x00000000200002e8                flash_do_cmd
 .time_critical.reset_non_control_endpoints
                0x00000000200003ac       0xbc CMakeFiles/lm75.dir/home/adinata26/PICO/pico-sdk/lib/tinyusb/src/portable/raspberrypi/rp2040/dcd_rp2040.c.o
 .time_critical.hw_handle_buff_status
                0x0000000020000468       0xb4 CMakeFiles/lm75.dir/home/adinata26/PICO/pico-sdk/lib/tinyusb/src/portable/raspberrypi/rp2040/dcd_rp2040.c.o
 .time_critical.dcd_rp2040_irq
                0x000000002000051c      0x59c CMakeFiles/lm75.dir/home/adinata26/PICO/pico-sdk/lib/tinyusb/src/portable/raspberrypi/rp2040/dcd_rp2040.c.o
 .time_critical.prepare_ep_buffer
                0x0000000020000ab8      0x100 CMakeFiles/lm75.dir/home/adinata26/PICO/pico-sdk/lib/tinyusb/src/portable/raspberrypi/rp2040/rp2040_usb.c.o
 .time_critical.sync_ep_buffer
                0x0000000020000bb8       0xbc CMakeFiles/lm75.dir/home/adinata26/PICO/pico-sdk/lib/tinyusb/src/portable/raspberrypi/rp2040/rp2040_usb.c.o
 .time_critical._hw_endpoint_xfer_sync
                0x0000000020000c74       0x28 CMakeFiles/lm75.dir/home/adinata26/PICO/pico-sdk/lib/tinyusb/src/portable/raspberrypi/rp2040/rp2040_usb.c.o
 .time_critical.e15_is_bulkin_ep
                0x0000000020000c9c       0x28 CMakeFiles/lm75.dir/home/adinata26/PICO/pico-sdk/lib/tinyusb/src/portable/raspberrypi/rp2040/rp2040_usb.c.o
 .time_critical.e15_is_critical_frame_period
                0x0000000020000cc4       0x38 CMakeFiles/lm75.dir/home/adinata26/PICO/pico-sdk/lib/tinyusb/src/portable/raspberrypi/rp2040/rp2040_usb.c.o
 .time_critical.hw_endpoint_reset_transfer
                0x0000000020000cfc        0xc CMakeFiles/lm75.dir/home/adinata26/PICO/pico-sdk/lib/tinyusb/src/portable/raspberrypi/rp2040/rp2040_usb.c.o
                0x0000000020000cfc                hw_endpoint_reset_transfer
 .time_critical._hw_endpoint_buffer_control_update32
                0x0000000020000d08       0x50 CMakeFiles/lm75.dir/home/adinata26/PICO/pico-sdk/lib/tinyusb/src/portable/raspberrypi/rp2040/rp2040_usb.c.o
                0x0000000020000d08                _hw_endpoint_buffer_control_update32
 .time_critical.hw_endpoint_start_next_buffer
                0x0000000020000d58       0x6c CMakeFiles/lm75.dir/home/adinata26/PICO/pico-sdk/lib/tinyusb/src/portable/raspberrypi/rp2040/rp2040_usb.c.o
                0x0000000020000d58                hw_endpoint_start_next_buffer
 .time_critical.hw_endpoint_xfer_continue
                0x0000000020000dc4       0x40 CMakeFiles/lm75.dir/home/adinata26/PICO/pico-sdk/lib/tinyusb/src/portable/raspberrypi/rp2040/rp2040_usb.c.o
                0x0000000020000dc4                hw_endpoint_xfer_continue
 .time_critical.tinyusb
                0x0000000020000e04      0x1f0 CMakeFiles/lm75.dir/home/adinata26/PICO/pico-sdk/lib/tinyusb/src/device/usbd.c.o
                0x0000000020000e04                dcd_event_handler
 *(.text*)
 .text          0x0000000020000ff4        0x4 /usr/lib/gcc/arm-none-eabi/9.2.1/thumb/v6-m/nofp/libgcc.a(_dvmd_tls.o)
                0x0000000020000ff4                __aeabi_ldiv0
                0x0000000020000ff4                __aeabi_idiv0
 .text.__stub   0x0000000020000ff8       0x80 linker stubs
                0x0000000020001078                . = ALIGN (0x4)
 *(.rodata*)
                0x0000000020001078                . = ALIGN (0x4)
 *(.data*)
 .data.striped_spin_lock_num
                0x0000000020001078        0x1 CMakeFiles/lm75.dir/home/adinata26/PICO/pico-sdk/src/rp2_common/hardware_sync/sync.c.o
 *fill*         0x0000000020001079        0x3 
 .data          0x000000002000107c       0x48 CMakeFiles/lm75.dir/home/adinata26/PICO/pico-sdk/src/rp2_common/hardware_irq/irq_handler_chain.S.o
                0x000000002000107c                irq_handler_chain_slots
                0x00000000200010ac                irq_handler_chain_first_slot
                0x00000000200010b6                irq_handler_chain_remove_tail
 .data.default_alarm_pool
                0x00000000200010c4       0x18 CMakeFiles/lm75.dir/home/adinata26/PICO/pico-sdk/src/common/pico_time/time.c.o
 *fill*         0x00000000200010dc        0x4 
 .data.aeabi_bits_funcs
                0x00000000200010e0       0x10 CMakeFiles/lm75.dir/home/adinata26/PICO/pico-sdk/src/rp2_common/pico_bit_ops/bit_ops_aeabi.S.o
                0x00000000200010e0                aeabi_bits_funcs
                0x00000000200010f0                aeabi_bits_funcs_end
 .data.aeabi_mem_funcs
                0x00000000200010f0       0x10 CMakeFiles/lm75.dir/home/adinata26/PICO/pico-sdk/src/rp2_common/pico_mem_ops/mem_ops_aeabi.S.o
                0x00000000200010f0                aeabi_mem_funcs
                0x0000000020001100                aeabi_mem_funcs_end
 .data.stdio_usb
                0x0000000020001100       0x18 CMakeFiles/lm75.dir/home/adinata26/PICO/pico-sdk/src/rp2_common/pico_stdio_usb/stdio_usb.c.o
                0x0000000020001100                stdio_usb
 .data._usbd_qdef
                0x0000000020001118       0x1c CMakeFiles/lm75.dir/home/adinata26/PICO/pico-sdk/lib/tinyusb/src/device/usbd.c.o
                0x0000000020001118                _usbd_qdef
 .data._usbd_rhport
                0x0000000020001134        0x1 CMakeFiles/lm75.dir/home/adinata26/PICO/pico-sdk/lib/tinyusb/src/device/usbd.c.o
 *fill*         0x0000000020001135        0x3 
 .data.i2c0_inst
                0x0000000020001138        0x8 CMakeFiles/lm75.dir/home/adinata26/PICO/pico-sdk/src/rp2_common/hardware_i2c/i2c.c.o
                0x0000000020001138                i2c0_inst
                0x0000000020001140                . = ALIGN (0x4)
 *(.after_data.*)
                0x0000000020001140                . = ALIGN (0x4)
                0x0000000020001140                PROVIDE (__mutex_array_start = .)
 *(SORT_BY_NAME(.mutex_array.*))
 *(.mutex_array)
 .mutex_array   0x0000000020001140        0x8 CMakeFiles/lm75.dir/home/adinata26/PICO/pico-sdk/src/rp2_common/pico_malloc/malloc.c.o
 .mutex_array   0x0000000020001148        0x8 CMakeFiles/lm75.dir/home/adinata26/PICO/pico-sdk/src/rp2_common/pico_stdio/stdio.c.o
                0x0000000020001150                PROVIDE (__mutex_array_end = .)
                0x0000000020001150                . = ALIGN (0x4)
 *(.jcr)
                0x0000000020001150                . = ALIGN (0x4)

.tm_clone_table
                0x0000000020001150        0x0 load address 0x00000000100084c0
 .tm_clone_table
                0x0000000020001150        0x0 /usr/lib/gcc/arm-none-eabi/9.2.1/thumb/v6-m/nofp/crtbegin.o
 .tm_clone_table
                0x0000000020001150        0x0 /usr/lib/gcc/arm-none-eabi/9.2.1/thumb/v6-m/nofp/crtend.o

.igot.plt       0x0000000020001150        0x0 load address 0x00000000100084c0
 .igot.plt      0x0000000020001150        0x0 /usr/lib/gcc/arm-none-eabi/9.2.1/thumb/v6-m/nofp/crtbegin.o

.tdata          0x0000000020001150        0x0 load address 0x00000000100084c0
                0x0000000020001150                . = ALIGN (0x4)
 *(.tdata .tdata.* .gnu.linkonce.td.*)
                0x0000000020001150                __tdata_end = .
                0x0000000020001150                PROVIDE (__data_end__ = .)
                0x0000000010007430                __etext = LOADADDR (.data)

.tbss           0x0000000020001150        0x0 load address 0x00000000100084c0
                0x0000000020001150                . = ALIGN (0x4)
                0x0000000020001150                __bss_start__ = .
                0x0000000020001150                __tls_base = .
 *(.tbss .tbss.* .gnu.linkonce.tb.*)
 *(.tcommon)
                0x0000000020001150                __tls_end = .

.bss            0x0000000020001150     0x107c load address 0x00000000100084c0
                0x0000000020001150                . = ALIGN (0x4)
                0x0000000020001150                __tbss_end = .
 *(SORT_BY_ALIGNMENT(SORT_BY_NAME(.bss*)))
 .bss.default_alarm_pool_entries
                0x0000000020001150      0x180 CMakeFiles/lm75.dir/home/adinata26/PICO/pico-sdk/src/common/pico_time/time.c.o
 .bss.last_avail_time.7821
                0x00000000200012d0        0x8 CMakeFiles/lm75.dir/home/adinata26/PICO/pico-sdk/src/rp2_common/pico_stdio_usb/stdio_usb.c.o
 .bss           0x00000000200012d8       0x1c /usr/lib/gcc/arm-none-eabi/9.2.1/thumb/v6-m/nofp/crtbegin.o
 .bss._app_driver
                0x00000000200012f4        0x4 CMakeFiles/lm75.dir/home/adinata26/PICO/pico-sdk/lib/tinyusb/src/device/usbd.c.o
 .bss._cdcd_fifo_cfg
                0x00000000200012f8        0x1 CMakeFiles/lm75.dir/home/adinata26/PICO/pico-sdk/lib/tinyusb/src/class/cdc/cdc_device.c.o
 *fill*         0x00000000200012f9        0x3 
 .bss._cdcd_itf
                0x00000000200012fc      0x2c8 CMakeFiles/lm75.dir/home/adinata26/PICO/pico-sdk/lib/tinyusb/src/class/cdc/cdc_device.c.o
 .bss._ctrl_xfer
                0x00000000200015c4       0x14 CMakeFiles/lm75.dir/home/adinata26/PICO/pico-sdk/lib/tinyusb/src/device/usbd_control.c.o
 .bss._ubsd_mutexdef
                0x00000000200015d8        0x8 CMakeFiles/lm75.dir/home/adinata26/PICO/pico-sdk/lib/tinyusb/src/device/usbd.c.o
 .bss._usbd_ctrl_buf
                0x00000000200015e0       0x40 CMakeFiles/lm75.dir/home/adinata26/PICO/pico-sdk/lib/tinyusb/src/device/usbd_control.c.o
 .bss._usbd_dev
                0x0000000020001620       0x54 CMakeFiles/lm75.dir/home/adinata26/PICO/pico-sdk/lib/tinyusb/src/device/usbd.c.o
 .bss._usbd_mutex
                0x0000000020001674        0x4 CMakeFiles/lm75.dir/home/adinata26/PICO/pico-sdk/lib/tinyusb/src/device/usbd.c.o
 .bss._usbd_q   0x0000000020001678        0x4 CMakeFiles/lm75.dir/home/adinata26/PICO/pico-sdk/lib/tinyusb/src/device/usbd.c.o
 .bss._vendord_itf
                0x000000002000167c      0x2cc CMakeFiles/lm75.dir/home/adinata26/PICO/pico-sdk/lib/tinyusb/src/class/vendor/vendor_device.c.o
 .bss.boot2_copyout
                0x0000000020001948      0x100 CMakeFiles/lm75.dir/home/adinata26/PICO/pico-sdk/src/rp2_common/hardware_flash/flash.c.o
 .bss.chars_available_callback
                0x0000000020001a48        0x4 CMakeFiles/lm75.dir/home/adinata26/PICO/pico-sdk/src/rp2_common/pico_stdio_usb/stdio_usb.c.o
 .bss.chars_available_param
                0x0000000020001a4c        0x4 CMakeFiles/lm75.dir/home/adinata26/PICO/pico-sdk/src/rp2_common/pico_stdio_usb/stdio_usb.c.o
 .bss.claimed   0x0000000020001a50        0x4 CMakeFiles/lm75.dir/home/adinata26/PICO/pico-sdk/src/rp2_common/hardware_sync/sync.c.o
 .bss.claimed   0x0000000020001a54        0x1 CMakeFiles/lm75.dir/home/adinata26/PICO/pico-sdk/src/rp2_common/hardware_timer/timer.c.o
 *fill*         0x0000000020001a55        0x3 
 .bss.configured_freq
                0x0000000020001a58       0x28 CMakeFiles/lm75.dir/home/adinata26/PICO/pico-sdk/src/rp2_common/hardware_clocks/clocks.c.o
 .bss.desc_str.7419
                0x0000000020001a80       0x28 CMakeFiles/lm75.dir/home/adinata26/PICO/pico-sdk/src/rp2_common/pico_stdio_usb/stdio_usb_descriptors.c.o
 .bss.drivers   0x0000000020001aa8        0x4 CMakeFiles/lm75.dir/home/adinata26/PICO/pico-sdk/src/rp2_common/pico_stdio/stdio.c.o
 .bss.e15_last_sof
                0x0000000020001aac        0x4 CMakeFiles/lm75.dir/home/adinata26/PICO/pico-sdk/lib/tinyusb/src/portable/raspberrypi/rp2040/rp2040_usb.c.o
                0x0000000020001aac                e15_last_sof
 .bss.filter    0x0000000020001ab0        0x4 CMakeFiles/lm75.dir/home/adinata26/PICO/pico-sdk/src/rp2_common/pico_stdio/stdio.c.o
 .bss.hw_endpoints
                0x0000000020001ab4      0x400 CMakeFiles/lm75.dir/home/adinata26/PICO/pico-sdk/lib/tinyusb/src/portable/raspberrypi/rp2040/dcd_rp2040.c.o
 .bss.lazy_vsnprintf
                0x0000000020001eb4        0x4 CMakeFiles/lm75.dir/home/adinata26/PICO/pico-sdk/src/rp2_common/pico_printf/printf.c.o
 .bss.load_value
                0x0000000020001eb8        0x4 CMakeFiles/lm75.dir/home/adinata26/PICO/pico-sdk/src/rp2_common/hardware_watchdog/watchdog.c.o
 .bss.next_buffer_ptr
                0x0000000020001ebc        0x4 CMakeFiles/lm75.dir/home/adinata26/PICO/pico-sdk/lib/tinyusb/src/portable/raspberrypi/rp2040/dcd_rp2040.c.o
 .bss.one_shot_timer_crit_sec
                0x0000000020001ec0        0x8 CMakeFiles/lm75.dir/home/adinata26/PICO/pico-sdk/src/rp2_common/pico_stdio_usb/stdio_usb.c.o
 .bss.pools     0x0000000020001ec8       0x10 CMakeFiles/lm75.dir/home/adinata26/PICO/pico-sdk/src/common/pico_time/time.c.o
 .bss.retrieved_id
                0x0000000020001ed8        0x8 CMakeFiles/lm75.dir/home/adinata26/PICO/pico-sdk/src/rp2_common/pico_unique_id/unique_id.c.o
 .bss.sf_clz_func
                0x0000000020001ee0        0x4 CMakeFiles/lm75.dir/home/adinata26/PICO/pico-sdk/src/rp2_common/pico_double/double_init_rom_rp2040.c.o
                0x0000000020001ee0                sf_clz_func
 .bss.sleep_notifier
                0x0000000020001ee4        0x4 CMakeFiles/lm75.dir/home/adinata26/PICO/pico-sdk/src/common/pico_time/time.c.o
 .bss.stdio_usb_mutex
                0x0000000020001ee8        0x8 CMakeFiles/lm75.dir/home/adinata26/PICO/pico-sdk/src/rp2_common/pico_stdio_usb/stdio_usb.c.o
 .bss.usbd_serial_str
                0x0000000020001ef0       0x11 CMakeFiles/lm75.dir/home/adinata26/PICO/pico-sdk/src/rp2_common/pico_stdio_usb/stdio_usb_descriptors.c.o
 .bss._app_driver_count
                0x0000000020001f01        0x1 CMakeFiles/lm75.dir/home/adinata26/PICO/pico-sdk/lib/tinyusb/src/device/usbd.c.o
 .bss._sof_enable
                0x0000000020001f02        0x1 CMakeFiles/lm75.dir/home/adinata26/PICO/pico-sdk/lib/tinyusb/src/portable/raspberrypi/rp2040/dcd_rp2040.c.o
 .bss._usbd_queued_setup
                0x0000000020001f03        0x1 CMakeFiles/lm75.dir/home/adinata26/PICO/pico-sdk/lib/tinyusb/src/device/usbd.c.o
 .bss.boot2_copyout_valid
                0x0000000020001f04        0x1 CMakeFiles/lm75.dir/home/adinata26/PICO/pico-sdk/src/rp2_common/hardware_flash/flash.c.o
 .bss.irq_handler_chain_free_slot_head
                0x0000000020001f05        0x1 CMakeFiles/lm75.dir/home/adinata26/PICO/pico-sdk/src/rp2_common/hardware_irq/irq.c.o
 .bss.itf_num   0x0000000020001f06        0x1 CMakeFiles/lm75.dir/home/adinata26/PICO/pico-sdk/src/rp2_common/pico_stdio_usb/reset_interface.c.o
 .bss.low_priority_irq_num
                0x0000000020001f07        0x1 CMakeFiles/lm75.dir/home/adinata26/PICO/pico-sdk/src/rp2_common/pico_stdio_usb/stdio_usb.c.o
 .bss.one_shot_timer_pending
                0x0000000020001f08        0x1 CMakeFiles/lm75.dir/home/adinata26/PICO/pico-sdk/src/rp2_common/pico_stdio_usb/stdio_usb.c.o
 .bss.user_irq_claimed
                0x0000000020001f09        0x1 CMakeFiles/lm75.dir/home/adinata26/PICO/pico-sdk/src/rp2_common/hardware_irq/irq.c.o
 *(COMMON)
 *fill*         0x0000000020001f0a        0x2 
 COMMON         0x0000000020001f0c      0x100 CMakeFiles/lm75.dir/home/adinata26/PICO/pico-sdk/src/rp2_common/pico_double/double_init_rom_rp2040.c.o
                0x0000000020001f0c                sd_table
 COMMON         0x000000002000200c      0x100 CMakeFiles/lm75.dir/home/adinata26/PICO/pico-sdk/src/rp2_common/pico_float/float_init_rom_rp2040.c.o
                0x000000002000200c                sf_table
 COMMON         0x000000002000210c       0xc0 CMakeFiles/lm75.dir/home/adinata26/PICO/pico-sdk/lib/tinyusb/src/device/usbd.c.o
                0x000000002000210c                _usbd_qdef_buf
                0x00000000200021cc                . = ALIGN (0x4)
                0x00000000200021cc                __bss_end__ = .

.heap           0x00000000200021cc      0x800 load address 0x00000000100084c0
                0x00000000200021cc                __end__ = .
                0x00000000200021cc                end = __end__
 *(.heap*)
 .heap          0x00000000200021cc      0x800 CMakeFiles/lm75.dir/home/adinata26/PICO/pico-sdk/src/rp2_common/pico_crt0/crt0.S.o
                0x0000000020040000                __HeapLimit = (ORIGIN (RAM) + LENGTH (RAM))

.scratch_x      0x0000000020040000        0x0 load address 0x00000000100084c0
                0x0000000020040000                __scratch_x_start__ = .
 *(.scratch_x.*)
                0x0000000020040000                . = ALIGN (0x4)
                0x0000000020040000                __scratch_x_end__ = .
                0x00000000100084c0                __scratch_x_source__ = LOADADDR (.scratch_x)

.scratch_y      0x0000000020041000        0x0 load address 0x00000000100084c0
                0x0000000020041000                __scratch_y_start__ = .
 *(.scratch_y.*)
                0x0000000020041000                . = ALIGN (0x4)
                0x0000000020041000                __scratch_y_end__ = .
                0x00000000100084c0                __scratch_y_source__ = LOADADDR (.scratch_y)

.stack1_dummy   0x0000000020040000      0x800
 *(.stack1*)
 .stack1        0x0000000020040000      0x800 CMakeFiles/lm75.dir/home/adinata26/PICO/pico-sdk/src/rp2_common/pico_multicore/multicore.c.o

.stack_dummy    0x0000000020041000      0x800
 *(.stack*)
 .stack         0x0000000020041000      0x800 CMakeFiles/lm75.dir/home/adinata26/PICO/pico-sdk/src/rp2_common/pico_crt0/crt0.S.o

.flash_end      0x00000000100084c0        0x0
 *(.embedded_end_block*)
                0x00000000100084c0                PROVIDE (__flash_binary_end = .)
                0x0000000020040000                __StackLimit = (ORIGIN (RAM) + LENGTH (RAM))
                0x0000000020041000                __StackOneTop = (ORIGIN (SCRATCH_X) + LENGTH (SCRATCH_X))
                0x0000000020042000                __StackTop = (ORIGIN (SCRATCH_Y) + LENGTH (SCRATCH_Y))
                0x0000000020040800                __StackOneBottom = (__StackOneTop - SIZEOF (.stack1_dummy))
                0x0000000020041800                __StackBottom = (__StackTop - SIZEOF (.stack_dummy))
                0x0000000020042000                PROVIDE (__stack = __StackTop)
                [!provide]                        PROVIDE (__heap_start = __end__)
                [!provide]                        PROVIDE (__heap_end = __HeapLimit)
                [!provide]                        PROVIDE (__tls_align = MAX (ALIGNOF (.tdata), ALIGNOF (.tbss)))
                [!provide]                        PROVIDE (__tls_size_align = (((__tls_size + __tls_align) - 0x1) & ~ ((__tls_align - 0x1))))
                [!provide]                        PROVIDE (__arm32_tls_tcb_offset = MAX (0x8, __tls_align))
                [!provide]                        PROVIDE (_end = __end__)
                [!provide]                        PROVIDE (__llvm_libc_heap_limit = __HeapLimit)
                0x0000000000000001                ASSERT ((__StackLimit >= __HeapLimit), region RAM overflowed)
                0x0000000000000001                ASSERT (((__binary_info_header_end - __logical_binary_start) <= 0x100), Binary info must be in first 256 bytes of the binary)
LOAD CMakeFiles/lm75.dir/lm75.c.o
LOAD CMakeFiles/lm75.dir/home/adinata26/PICO/pico-sdk/src/rp2_common/pico_stdlib/stdlib.c.o
LOAD CMakeFiles/lm75.dir/home/adinata26/PICO/pico-sdk/src/rp2_common/hardware_gpio/gpio.c.o
LOAD CMakeFiles/lm75.dir/home/adinata26/PICO/pico-sdk/src/rp2040/pico_platform/platform.c.o
LOAD CMakeFiles/lm75.dir/home/adinata26/PICO/pico-sdk/src/rp2_common/pico_platform_panic/panic.c.o
LOAD CMakeFiles/lm75.dir/home/adinata26/PICO/pico-sdk/src/common/hardware_claim/claim.c.o
LOAD CMakeFiles/lm75.dir/home/adinata26/PICO/pico-sdk/src/rp2_common/hardware_sync/sync.c.o
LOAD CMakeFiles/lm75.dir/home/adinata26/PICO/pico-sdk/src/rp2_common/hardware_sync_spin_lock/sync_spin_lock.c.o
LOAD CMakeFiles/lm75.dir/home/adinata26/PICO/pico-sdk/src/rp2_common/hardware_irq/irq.c.o
LOAD CMakeFiles/lm75.dir/home/adinata26/PICO/pico-sdk/src/rp2_common/hardware_irq/irq_handler_chain.S.o
LOAD CMakeFiles/lm75.dir/home/adinata26/PICO/pico-sdk/src/common/pico_sync/sem.c.o
LOAD CMakeFiles/lm75.dir/home/adinata26/PICO/pico-sdk/src/common/pico_sync/lock_core.c.o
LOAD CMakeFiles/lm75.dir/home/adinata26/PICO/pico-sdk/src/common/pico_sync/mutex.c.o
LOAD CMakeFiles/lm75.dir/home/adinata26/PICO/pico-sdk/src/common/pico_sync/critical_section.c.o
LOAD CMakeFiles/lm75.dir/home/adinata26/PICO/pico-sdk/src/common/pico_time/time.c.o
LOAD CMakeFiles/lm75.dir/home/adinata26/PICO/pico-sdk/src/common/pico_time/timeout_helper.c.o
LOAD CMakeFiles/lm75.dir/home/adinata26/PICO/pico-sdk/src/rp2_common/hardware_timer/timer.c.o
LOAD CMakeFiles/lm75.dir/home/adinata26/PICO/pico-sdk/src/common/pico_util/datetime.c.o
LOAD CMakeFiles/lm75.dir/home/adinata26/PICO/pico-sdk/src/common/pico_util/pheap.c.o
LOAD CMakeFiles/lm75.dir/home/adinata26/PICO/pico-sdk/src/common/pico_util/queue.c.o
LOAD CMakeFiles/lm75.dir/home/adinata26/PICO/pico-sdk/src/rp2_common/hardware_uart/uart.c.o
LOAD CMakeFiles/lm75.dir/home/adinata26/PICO/pico-sdk/src/rp2_common/hardware_clocks/clocks.c.o
LOAD CMakeFiles/lm75.dir/home/adinata26/PICO/pico-sdk/src/rp2_common/hardware_pll/pll.c.o
LOAD CMakeFiles/lm75.dir/home/adinata26/PICO/pico-sdk/src/rp2_common/hardware_vreg/vreg.c.o
LOAD CMakeFiles/lm75.dir/home/adinata26/PICO/pico-sdk/src/rp2_common/hardware_watchdog/watchdog.c.o
LOAD CMakeFiles/lm75.dir/home/adinata26/PICO/pico-sdk/src/rp2_common/hardware_ticks/ticks.c.o
LOAD CMakeFiles/lm75.dir/home/adinata26/PICO/pico-sdk/src/rp2_common/pico_bootrom/bootrom.c.o
LOAD CMakeFiles/lm75.dir/home/adinata26/PICO/pico-sdk/src/rp2_common/pico_bootrom/bootrom_lock.c.o
LOAD CMakeFiles/lm75.dir/home/adinata26/PICO/pico-sdk/src/rp2_common/hardware_boot_lock/boot_lock.c.o
LOAD CMakeFiles/lm75.dir/home/adinata26/PICO/pico-sdk/src/rp2_common/pico_flash/flash.c.o
LOAD CMakeFiles/lm75.dir/home/adinata26/PICO/pico-sdk/src/rp2_common/hardware_xosc/xosc.c.o
LOAD CMakeFiles/lm75.dir/home/adinata26/PICO/pico-sdk/src/rp2_common/hardware_divider/divider.S.o
LOAD CMakeFiles/lm75.dir/home/adinata26/PICO/pico-sdk/src/rp2_common/pico_runtime/runtime.c.o
LOAD CMakeFiles/lm75.dir/home/adinata26/PICO/pico-sdk/src/rp2_common/pico_runtime_init/runtime_init.c.o